Archive member included because of file (symbol)

contiki-sky.a(rimeaddr.o)     obj_sky/contiki-sky-main.o (rimeaddr_copy)
contiki-sky.a(csma.o)         udp-server.co (csma_driver)
contiki-sky.a(contikimac.o)   obj_sky/contiki-sky-main.o (contikimac_driver)
contiki-sky.a(phase.o)        contiki-sky.a(contikimac.o) (phase_update)
contiki-sky.a(rpl-dag.o)      udp-server.co (rpl_set_prefix)
contiki-sky.a(rpl-icmp6.o)    contiki-sky.a(rpl-dag.o) (dao_output)
contiki-sky.a(rpl-timers.o)   contiki-sky.a(rpl-dag.o) (rpl_reset_dio_timer)
contiki-sky.a(rpl-mrhof.o)    contiki-sky.a(rpl-dag.o) (rpl_mrhof)
contiki-sky.a(process.o)      udp-server.co (process_current)
contiki-sky.a(autostart.o)    obj_sky/contiki-sky-main.o (autostart_start)
contiki-sky.a(compower.o)     contiki-sky.a(contikimac.o) (compower_idle_activity)
contiki-sky.a(memb.o)         contiki-sky.a(csma.o) (memb_init)
contiki-sky.a(timer.o)        obj_sky/contiki-sky-main.o (timer_set)
contiki-sky.a(list.o)         contiki-sky.a(csma.o) (list_init)
contiki-sky.a(etimer.o)       obj_sky/contiki-sky-main.o (etimer_process)
contiki-sky.a(ctimer.o)       obj_sky/contiki-sky-main.o (ctimer_init)
contiki-sky.a(energest.o)     obj_sky/contiki-sky-main.o (energest_init)
contiki-sky.a(rtimer.o)       obj_sky/contiki-sky-main.o (rtimer_init)
contiki-sky.a(stimer.o)       contiki-sky.a(rpl-icmp6.o) (stimer_set)
contiki-sky.a(random.o)       obj_sky/contiki-sky-main.o (random_init)
contiki-sky.a(nbr-table.o)    contiki-sky.a(phase.o) (nbr_table_register)
contiki-sky.a(packetbuf.o)    contiki-sky.a(contikimac.o) (packetbuf_hdr_remove)
contiki-sky.a(queuebuf.o)     obj_sky/contiki-sky-main.o (queuebuf_init)
contiki-sky.a(sicslowpan.o)   obj_sky/contiki-sky-main.o (sicslowpan_driver)
contiki-sky.a(tcpip.o)        contiki-sky.a(sicslowpan.o) (tcpip_set_outputfunc)
contiki-sky.a(uip-debug.o)    udp-server.co (uip_debug_ipaddr_print)
contiki-sky.a(uip-ds6-route.o)
                              contiki-sky.a(rpl-icmp6.o) (uip_ds6_route_nexthop)
contiki-sky.a(uip-ds6-nbr.o)  contiki-sky.a(rpl-icmp6.o) (uip_ds6_nbr_add)
contiki-sky.a(uip-ds6.o)      contiki-sky.a(tcpip.o) (uip_ds6_is_addr_onlink)
contiki-sky.a(uip-icmp6.o)    contiki-sky.a(rpl-icmp6.o) (uip_icmp6_send)
contiki-sky.a(uip-nd6.o)      contiki-sky.a(tcpip.o) (uip_nd6_ns_output)
contiki-sky.a(uip6.o)         udp-server.co (uip_aligned_buf)
contiki-sky.a(contiki-sky-pla)
                              obj_sky/contiki-sky-main.o (init_platform)
contiki-sky.a(button-sensor.o)
                              udp-server.co (button_sensor)
contiki-sky.a(ds2411.o)       obj_sky/contiki-sky-main.o (ds2411_init)
contiki-sky.a(xmem.o)         obj_sky/contiki-sky-main.o (xmem_init)
contiki-sky.a(node-id.o)      obj_sky/contiki-sky-main.o (node_id_restore)
contiki-sky.a(sensors.o)      udp-server.co (sensors_event)
contiki-sky.a(cc2420.o)       obj_sky/contiki-sky-main.o (cc2420_set_pan_addr)
contiki-sky.a(cc2420-arch.o)  contiki-sky.a(cc2420.o) (cc2420_arch_init)
contiki-sky.a(uart1.o)        obj_sky/contiki-sky-main.o (uart1_active)
contiki-sky.a(uart1-putchar.o)
                              udp-server.co (putchar)
contiki-sky.a(msp430.o)       contiki-sky.a(uart1.o) (msp430_add_lpm_req)
contiki-sky.a(clock.o)        contiki-sky.a(timer.o) (clock_time)
contiki-sky.a(leds.o)         obj_sky/contiki-sky-main.o (leds_init)
contiki-sky.a(leds-arch.o)    contiki-sky.a(leds.o) (leds_arch_init)
contiki-sky.a(watchdog.o)     obj_sky/contiki-sky-main.o (watchdog_start)
contiki-sky.a(rtimer-arch.o)  contiki-sky.a(rtimer.o) (rtimer_arch_init)
contiki-sky.a(mac.o)          contiki-sky.a(csma.o) (mac_call_sent_callback)
contiki-sky.a(framer-802154.o)
                              contiki-sky.a(contikimac.o) (framer_802154)
contiki-sky.a(rpl.o)          contiki-sky.a(rpl-timers.o) (rpl_purge_routes)
contiki-sky.a(rpl-ext-header.)
                              contiki-sky.a(uip6.o) (rpl_verify_header)
contiki-sky.a(spi.o)          contiki-sky.a(xmem.o) (spi_init)
contiki-sky.a(frame802154.o)  contiki-sky.a(framer-802154.o) (frame802154_hdrlen)
/usr/local/msp430/bin/../lib/gcc/msp430/4.7.0/mmpy-16/libgcc.a(_mulsi3.o)
                              contiki-sky.a(csma.o) (__mulsi3)
/usr/local/msp430/bin/../lib/gcc/msp430/4.7.0/mmpy-16/libgcc.a(_udivmod16.o)
                              contiki-sky.a(rpl-dag.o) (__udivhi3)
/usr/local/msp430/bin/../lib/gcc/msp430/4.7.0/mmpy-16/libgcc.a(_divmod16.o)
                              contiki-sky.a(nbr-table.o) (__divhi3)
/usr/local/msp430/bin/../lib/gcc/msp430/4.7.0/mmpy-16/libgcc.a(_udivmod32.o)
                              obj_sky/contiki-sky-main.o (__udivsi3)
/usr/local/msp430/bin/../lib/gcc/msp430/4.7.0/../../../../msp430/lib/mmpy-16/libc.a(printf.o)
                              udp-server.co (printf)
/usr/local/msp430/bin/../lib/gcc/msp430/4.7.0/../../../../msp430/lib/mmpy-16/libc.a(vuprintf.o)
[...]
Memory Configuration

Name             Origin             Length             Attributes
sfr              0x00000000         0x00000010
peripheral_8bit  0x00000010         0x000000f0
peripheral_16bit 0x00000100         0x00000100
ram_mirror       0x00000200         0x00000800         xw
infomem          0x00001000         0x00000100
infob            0x00001000         0x00000080
infoa            0x00001080         0x00000080
ram              0x00001100         0x00002800         xw
rom              0x00004000         0x0000bfe0         xr
vectors          0x0000ffe0         0x00000020
bsl              0x00000000         0x00000000
infoc            0x00000000         0x00000000
infod            0x00000000         0x00000000
ram2             0x00000000         0x00000000         xw
usbram           0x00000000         0x00000000         xw
far_rom          0x00000000         0x00000000
*default*        0x00000000         0xffffffff

Linker script and memory map

LOAD /usr/local/msp430/bin/../lib/gcc/msp430/4.7.0/mmpy-16/crt0ivtbl16.o
LOAD udp-server.co
LOAD obj_sky/contiki-sky-main.o
LOAD contiki-sky.a
LOAD /usr/local/msp430/bin/../lib/gcc/msp430/4.7.0/mmpy-16/libgcc.a
LOAD /usr/local/msp430/bin/../lib/gcc/msp430/4.7.0/../../../../msp430/lib/mmpy-16/libc.a
LOAD /usr/local/msp430/bin/../lib/gcc/msp430/4.7.0/mmpy-16/libgcc.a
LOAD /usr/local/msp430/bin/../lib/gcc/msp430/4.7.0/mmpy-16/libcrt0.a
                0x00000080                PROVIDE (__info_segment_size, 0x80)
                0x00001000                PROVIDE (__infob, 0x1000)
                0x00001080                PROVIDE (__infoa, 0x1080)
                0x00000000                __IE1 = 0x0
                0x00000002                __IFG1 = 0x2
                0x00000004                __ME1 = 0x4
                0x00000001                __IE2 = 0x1
                0x00000003                __IFG2 = 0x3
                0x00000005                __ME2 = 0x5
                0x00000120                __WDTCTL = 0x120
                0x00000130                __MPY = 0x130
                0x00000132                __MPYS = 0x132
                0x00000134                __MAC = 0x134
                0x00000136                __MACS = 0x136
                0x00000138                __OP2 = 0x138
                0x0000013a                __RESLO = 0x13a
                0x0000013c                __RESHI = 0x13c
                0x0000013e                __SUMEXT = 0x13e
                0x00000020                __P1IN = 0x20
                0x00000021                __P1OUT = 0x21
                0x00000022                __P1DIR = 0x22
                0x00000023                __P1IFG = 0x23
                0x00000024                __P1IES = 0x24
                0x00000025                __P1IE = 0x25
                0x00000026                __P1SEL = 0x26
                0x00000028                __P2IN = 0x28
                0x00000029                __P2OUT = 0x29
                0x0000002a                __P2DIR = 0x2a
                0x0000002b                __P2IFG = 0x2b
                0x0000002c                __P2IES = 0x2c
                0x0000002d                __P2IE = 0x2d
                0x0000002e                __P2SEL = 0x2e
                0x00000018                __P3IN = 0x18
                0x00000019                __P3OUT = 0x19
                0x0000001a                __P3DIR = 0x1a
                0x0000001b                __P3SEL = 0x1b
                0x0000001c                __P4IN = 0x1c
                0x0000001d                __P4OUT = 0x1d
                0x0000001e                __P4DIR = 0x1e
                0x0000001f                __P4SEL = 0x1f
                0x00000030                __P5IN = 0x30
                0x00000031                __P5OUT = 0x31
                0x00000032                __P5DIR = 0x32
                0x00000033                __P5SEL = 0x33
                0x00000034                __P6IN = 0x34
                0x00000035                __P6OUT = 0x35
                0x00000036                __P6DIR = 0x36
                0x00000037                __P6SEL = 0x37
                0x00000070                __U0CTL = 0x70
                0x00000071                __U0TCTL = 0x71
                0x00000072                __U0RCTL = 0x72
                0x00000073                __U0MCTL = 0x73
                0x00000074                __U0BR0 = 0x74
                0x00000075                __U0BR1 = 0x75
                0x00000076                __U0RXBUF = 0x76
                0x00000077                __U0TXBUF = 0x77
                0x00000078                __U1CTL = 0x78
                0x00000079                __U1TCTL = 0x79
                0x0000007a                __U1RCTL = 0x7a
                0x0000007b                __U1MCTL = 0x7b
                0x0000007c                __U1BR0 = 0x7c
                0x0000007d                __U1BR1 = 0x7d
                0x0000007e                __U1RXBUF = 0x7e
                0x0000007f                __U1TXBUF = 0x7f
                0x00000050                __I2CIE = 0x50
                0x00000051                __I2CIFG = 0x51
                0x00000052                __I2CNDAT = 0x52
                0x00000071                __I2CTCTL = 0x71
                0x00000072                __I2CDCTL = 0x72
                0x00000073                __I2CPSC = 0x73
                0x00000074                __I2CSCLH = 0x74
                0x00000075                __I2CSCLL = 0x75
                0x00000076                __I2CDRB = 0x76
                0x00000076                __I2CDRW = 0x76
                0x00000118                __I2COA = 0x118
                0x0000011a                __I2CSA = 0x11a
                0x0000011c                __I2CIV = 0x11c
                0x0000012e                __TAIV = 0x12e
                0x00000160                __TACTL = 0x160
                0x00000162                __TACCTL0 = 0x162
                0x00000164                __TACCTL1 = 0x164
                0x00000166                __TACCTL2 = 0x166
                0x00000170                __TAR = 0x170
                0x00000172                __TACCR0 = 0x172
                0x00000174                __TACCR1 = 0x174
                0x00000176                __TACCR2 = 0x176
                0x0000011e                __TBIV = 0x11e
                0x00000180                __TBCTL = 0x180
                0x00000182                __TBCCTL0 = 0x182
                0x00000184                __TBCCTL1 = 0x184
                0x00000186                __TBCCTL2 = 0x186
                0x00000188                __TBCCTL3 = 0x188
                0x0000018a                __TBCCTL4 = 0x18a
                0x0000018c                __TBCCTL5 = 0x18c
                0x0000018e                __TBCCTL6 = 0x18e
                0x00000190                __TBR = 0x190
                0x00000192                __TBCCR0 = 0x192
                0x00000194                __TBCCR1 = 0x194
                0x00000196                __TBCCR2 = 0x196
                0x00000198                __TBCCR3 = 0x198
                0x0000019a                __TBCCR4 = 0x19a
                0x0000019c                __TBCCR5 = 0x19c
                0x0000019e                __TBCCR6 = 0x19e
                0x00000056                __DCOCTL = 0x56
                0x00000057                __BCSCTL1 = 0x57
                0x00000058                __BCSCTL2 = 0x58
                0x00000055                __SVSCTL = 0x55
                0x00000128                __FCTL1 = 0x128
                0x0000012a                __FCTL2 = 0x12a
                0x0000012c                __FCTL3 = 0x12c
                0x00000059                __CACTL1 = 0x59
                0x0000005a                __CACTL2 = 0x5a
                0x0000005b                __CAPD = 0x5b
                0x000001a0                __ADC12CTL0 = 0x1a0
                0x000001a2                __ADC12CTL1 = 0x1a2
                0x000001a4                __ADC12IFG = 0x1a4
                0x000001a6                __ADC12IE = 0x1a6
                0x000001a8                __ADC12IV = 0x1a8
                0x00000140                __ADC12MEM0 = 0x140
                0x00000142                __ADC12MEM1 = 0x142
                0x00000144                __ADC12MEM2 = 0x144
                0x00000146                __ADC12MEM3 = 0x146
                0x00000148                __ADC12MEM4 = 0x148
                0x0000014a                __ADC12MEM5 = 0x14a
                0x0000014c                __ADC12MEM6 = 0x14c
                0x0000014e                __ADC12MEM7 = 0x14e
                0x00000150                __ADC12MEM8 = 0x150
                0x00000152                __ADC12MEM9 = 0x152
                0x00000154                __ADC12MEM10 = 0x154
                0x00000156                __ADC12MEM11 = 0x156
                0x00000158                __ADC12MEM12 = 0x158
                0x0000015a                __ADC12MEM13 = 0x15a
                0x0000015c                __ADC12MEM14 = 0x15c
                0x0000015e                __ADC12MEM15 = 0x15e
                0x00000080                __ADC12MCTL0 = 0x80
                0x00000081                __ADC12MCTL1 = 0x81
                0x00000082                __ADC12MCTL2 = 0x82
                0x00000083                __ADC12MCTL3 = 0x83
                0x00000084                __ADC12MCTL4 = 0x84
                0x00000085                __ADC12MCTL5 = 0x85
                0x00000086                __ADC12MCTL6 = 0x86
                0x00000087                __ADC12MCTL7 = 0x87
                0x00000088                __ADC12MCTL8 = 0x88
                0x00000089                __ADC12MCTL9 = 0x89
                0x0000008a                __ADC12MCTL10 = 0x8a
                0x0000008b                __ADC12MCTL11 = 0x8b
                0x0000008c                __ADC12MCTL12 = 0x8c
                0x0000008d                __ADC12MCTL13 = 0x8d
                0x0000008e                __ADC12MCTL14 = 0x8e
                0x0000008f                __ADC12MCTL15 = 0x8f
                0x000001c0                __DAC12_0CTL = 0x1c0
                0x000001c2                __DAC12_1CTL = 0x1c2
                0x000001c8                __DAC12_0DAT = 0x1c8
                0x000001ca                __DAC12_1DAT = 0x1ca
                0x00000122                __DMACTL0 = 0x122
                0x00000124                __DMACTL1 = 0x124
                0x000001e0                __DMA0CTL = 0x1e0
                0x000001e8                __DMA1CTL = 0x1e8
                0x000001f0                __DMA2CTL = 0x1f0
                0x000001e2                __DMA0SA = 0x1e2
                0x000001e4                __DMA0DA = 0x1e4
                0x000001e6                __DMA0SZ = 0x1e6
                0x000001ea                __DMA1SA = 0x1ea
                0x000001ec                __DMA1DA = 0x1ec
                0x000001ee                __DMA1SZ = 0x1ee
                0x000001f2                __DMA2SA = 0x1f2
                0x000001f4                __DMA2DA = 0x1f4
                0x000001f6                __DMA2SZ = 0x1f6

.hash
 *(.hash)

.dynsym
 *(.dynsym)

.dynstr
 *(.dynstr)

.gnu.version
 *(.gnu.version)

.gnu.version_d
 *(.gnu.version_d)

.gnu.version_r
 *(.gnu.version_r)

.rel.init
 *(.rel.init)

.rela.init
 *(.rela.init)

.rel.fini
 *(.rel.fini)

.rela.fini
 *(.rela.fini)

.rel.text
 *(.rel.text .rel.text.* .rel.gnu.linkonce.t.*)

.rela.text
 *(.rela.text .rela.text.* .rela.gnu.linkonce.t.*)

.rel.rodata
 *(.rel.rodata .rel.rodata.* .rel.gnu.linkonce.r.*)

.rela.rodata
 *(.rela.rodata .rela.rodata.* .rela.gnu.linkonce.r.*)

.rel.data
 *(.rel.data .rel.data.* .rel.gnu.linkonce.d.*)

.rela.data
 *(.rela.data .rela.data.* .rela.gnu.linkonce.d.*)

.rel.bss
 *(.rel.bss .rel.bss.* .rel.gnu.linkonce.b.*)

.rela.bss
 *(.rela.bss .rela.bss.* .rela.gnu.linkonce.b.*)

.rel.ctors
 *(.rel.ctors)

.rela.ctors
 *(.rela.ctors)

.rel.dtors
 *(.rel.dtors)

.rela.dtors
 *(.rela.dtors)

.rel.got
 *(.rel.got)

.rela.got
 *(.rela.got)

.rel.plt
 *(.rel.plt)

.rela.plt
 *(.rela.plt)

.text           0x00004000     0xa914
                0x00004000                . = ALIGN (0x2)
 *(.init .init.*)
 *(.init0)
 .init0         0x00004000        0x0 /usr/local/msp430/bin/../lib/gcc/msp430/4.7.0/mmpy-16/libcrt0.a(_reset_vector__.o)
                0x00004000                _reset_vector__
 *(.init1)
 .init1         0x00004000        0xc /usr/local/msp430/bin/../lib/gcc/msp430/4.7.0/mmpy-16/libcrt0.a(__watchdog_support.o)
                0x00004000                __watchdog_support
 *(.init2)
 .init2         0x0000400c        0x4 /usr/local/msp430/bin/../lib/gcc/msp430/4.7.0/mmpy-16/libcrt0.a(__init_stack.o)
                0x0000400c                __init_stack
 *(.init3)
 .init3         0x00004010        0x0 /usr/local/msp430/bin/../lib/gcc/msp430/4.7.0/mmpy-16/libcrt0.a(__low_level_init.o)
                0x00004010                __low_level_init
 *(.init4)
 .init4         0x00004010       0x18 /usr/local/msp430/bin/../lib/gcc/msp430/4.7.0/mmpy-16/libcrt0.a(_copy_data.o)
                0x00004010                __do_copy_data
 .init4         0x00004028       0x16 /usr/local/msp430/bin/../lib/gcc/msp430/4.7.0/mmpy-16/libcrt0.a(_clear_bss.o)
                0x00004028                __do_clear_bss
 *(.init5)
 *(.init6)
 *(.init7)
 *(.init8)
 *(.init9)
 .init9         0x0000403e      0x35e obj_sky/contiki-sky-main.o
                0x0000403e                main
 *(.fini9)
 .fini9         0x0000439c        0x0 /usr/local/msp430/bin/../lib/gcc/msp430/4.7.0/mmpy-16/libcrt0.a(__stop_progExec__.o)
                0x0000439c                __stop_progExec__
 *(.fini8)
 *(.fini7)
 *(.fini6)
 *(.fini5)
 *(.fini4)
 *(.fini3)
 *(.fini2)
 *(.fini1)
 *(.fini0)
 .fini0         0x0000439c        0x6 /usr/local/msp430/bin/../lib/gcc/msp430/4.7.0/mmpy-16/libcrt0.a(_endless_loop__.o)
                0x0000439c                _endless_loop__
 *(.fini .fini.*)
                0x000043a2                . = ALIGN (0x2)
                0x000043a2                __ctors_start = .
 *(.ctors)
                0x000043a2                __ctors_end = .
                0x000043a2                __dtors_start = .
 *(.dtors)
                0x000043a2                __dtors_end = .
                0x000043a2                . = ALIGN (0x2)
 *(.text .text.* .gnu.linkonce.t.*)
 .text          0x000043a2        0x4 /usr/local/msp430/bin/../lib/gcc/msp430/4.7.0/mmpy-16/crt0ivtbl16.o
                0x000043a2                __isr_14
                0x000043a2                __isr_11
                0x000043a2                __isr_2
                0x000043a2                __isr_7
                0x000043a2                __isr_0
                0x000043a2                __isr_8
                0x000043a2                __isr_3
                0x000043a2                __isr_12
                0x000043a2                __isr_13
                0x000043a2                __isr_9
 .text.process_thread_udp_server_process
                0x000043a6      0x220 udp-server.co
 .text.rimeaddr_copy
                0x000045c6        0x8 contiki-sky.a(rimeaddr.o)
                0x000045c6                rimeaddr_copy
 .text.rimeaddr_cmp
                0x000045ce       0x12 contiki-sky.a(rimeaddr.o)
                0x000045ce                rimeaddr_cmp
 .text.rimeaddr_set_node_addr
                0x000045e0        0xc contiki-sky.a(rimeaddr.o)
                0x000045e0                rimeaddr_set_node_addr
 .text.input_packet
                0x000045ec        0x6 contiki-sky.a(csma.o)
 .text.on       0x000045f2        0x6 contiki-sky.a(csma.o)
 .text.off      0x000045f8        0x6 contiki-sky.a(csma.o)
 .text.channel_check_interval
                0x000045fe       0x10 contiki-sky.a(csma.o)
 .text.transmit_packet_list
                0x0000460e       0x24 contiki-sky.a(csma.o)
 .text.init     0x00004632       0x1a contiki-sky.a(csma.o)
 .text.send_packet
                0x0000464c      0x164 contiki-sky.a(csma.o)
 .text.free_packet
                0x000047b0       0x9c contiki-sky.a(csma.o)
 .text.packet_sent
                0x0000484c      0x132 contiki-sky.a(csma.o)
 .text.duty_cycle
                0x0000497e        0x6 contiki-sky.a(contikimac.o)
 .text.init     0x00004984       0x2e contiki-sky.a(contikimac.o)
 .text.on       0x000049b2       0x1a contiki-sky.a(contikimac.o)
 .text.off      0x000049cc       0x22 contiki-sky.a(contikimac.o)
 .text.recv_burst_off
                0x000049ee        0xa contiki-sky.a(contikimac.o)
 .text.turn_off
                0x000049f8       0x20 contiki-sky.a(contikimac.o)
 .text.turn_on  0x00004a18       0x30 contiki-sky.a(contikimac.o)
 .text.schedule_powercycle_fixed.part.4
                0x00004a48       0x34 contiki-sky.a(contikimac.o)
 .text.powercycle_turn_radio_off
                0x00004a7c       0x30 contiki-sky.a(contikimac.o)
 .text.input_packet
                0x00004aac      0x11a contiki-sky.a(contikimac.o)
 .text.send_packet
                0x00004bc6      0x2ac contiki-sky.a(contikimac.o)
 .text.qsend_list
                0x00004e72       0x82 contiki-sky.a(contikimac.o)
 .text.qsend_packet
                0x00004ef4       0x28 contiki-sky.a(contikimac.o)
 .text.powercycle
                0x00004f1c      0x1de contiki-sky.a(contikimac.o)
 .text.send_packet
                0x000050fa       0x44 contiki-sky.a(phase.o)
 .text.phase_update
                0x0000513e       0x92 contiki-sky.a(phase.o)
                0x0000513e                phase_update
 .text.phase_wait
                0x000051d0       0xf2 contiki-sky.a(phase.o)
                0x000051d0                phase_wait
 .text.phase_init
                0x000052c2       0x14 contiki-sky.a(phase.o)
                0x000052c2                phase_init
 .text.lollipop_greater_than
                0x000052d6       0x3c contiki-sky.a(rpl-dag.o)
 .text.find_parent_any_dag_any_instance
                0x00005312       0x14 contiki-sky.a(rpl-dag.o)
 .text.rpl_set_preferred_parent
                0x00005326       0x30 contiki-sky.a(rpl-dag.o)
 .text.set_ip_from_prefix
                0x00005356       0x38 contiki-sky.a(rpl-dag.o)
 .text.check_prefix
                0x0000538e       0x80 contiki-sky.a(rpl-dag.o)
 .text.rpl_dag_init
                0x0000540e        0xe contiki-sky.a(rpl-dag.o)
                0x0000540e                rpl_dag_init
 .text.rpl_get_parent_ipaddr
                0x0000541c       0x10 contiki-sky.a(rpl-dag.o)
                0x0000541c                rpl_get_parent_ipaddr
 .text.rpl_set_prefix
                0x0000542c       0x8e contiki-sky.a(rpl-dag.o)
                0x0000542c                rpl_set_prefix
 .text.rpl_set_default_route
                0x000054ba       0x64 contiki-sky.a(rpl-dag.o)
                0x000054ba                rpl_set_default_route
 .text.rpl_alloc_instance
                0x0000551e       0x2c contiki-sky.a(rpl-dag.o)
                0x0000551e                rpl_alloc_instance
 .text.rpl_add_parent
                0x0000554a       0x3c contiki-sky.a(rpl-dag.o)
                0x0000554a                rpl_add_parent
 .text.rpl_find_parent
                0x00005586       0x1c contiki-sky.a(rpl-dag.o)
                0x00005586                rpl_find_parent
 .text.rpl_find_parent_any_dag
                0x000055a2       0x24 contiki-sky.a(rpl-dag.o)
                0x000055a2                rpl_find_parent_any_dag
 .text.rpl_select_parent
                0x000055c6       0x5c contiki-sky.a(rpl-dag.o)
                0x000055c6                rpl_select_parent
 .text.rpl_select_dag
                0x00005622      0x1ae contiki-sky.a(rpl-dag.o)
                0x00005622                rpl_select_dag
 .text.rpl_nullify_parent
                0x000057d0       0x4e contiki-sky.a(rpl-dag.o)
                0x000057d0                rpl_nullify_parent
 .text.rpl_remove_parent
                0x0000581e       0x16 contiki-sky.a(rpl-dag.o)
                0x0000581e                rpl_remove_parent
 .text.remove_parents.constprop.5
                0x00005834       0x32 contiki-sky.a(rpl-dag.o)
 .text.rpl_free_dag
                0x00005866       0x34 contiki-sky.a(rpl-dag.o)
                0x00005866                rpl_free_dag
 .text.rpl_free_instance
                0x0000589a       0x5c contiki-sky.a(rpl-dag.o)
                0x0000589a                rpl_free_instance
 .text.rpl_move_parent
                0x000058f6       0x6e contiki-sky.a(rpl-dag.o)
                0x000058f6                rpl_move_parent
 .text.rpl_get_any_dag
                0x00005964       0x16 contiki-sky.a(rpl-dag.o)
                0x00005964                rpl_get_any_dag
 .text.rpl_get_instance
                0x0000597a       0x16 contiki-sky.a(rpl-dag.o)
                0x0000597a                rpl_get_instance
 .text.get_dag  0x00005990       0x58 contiki-sky.a(rpl-dag.o)
 .text.rpl_alloc_dag
                0x000059e8       0x66 contiki-sky.a(rpl-dag.o)
                0x000059e8                rpl_alloc_dag
 .text.rpl_set_root
                0x00005a4e       0xe8 contiki-sky.a(rpl-dag.o)
                0x00005a4e                rpl_set_root
 .text.rpl_repair_root
                0x00005b36       0x4c contiki-sky.a(rpl-dag.o)
                0x00005b36                rpl_repair_root
 .text.rpl_find_of
                0x00005b82       0x10 contiki-sky.a(rpl-dag.o)
                0x00005b82                rpl_find_of
 .text.rpl_join_instance
                0x00005b92      0x13c contiki-sky.a(rpl-dag.o)
                0x00005b92                rpl_join_instance
 .text.rpl_local_repair
                0x00005cce       0x80 contiki-sky.a(rpl-dag.o)
                0x00005cce                rpl_local_repair
 .text.rpl_process_parent_event
                0x00005d4e       0x80 contiki-sky.a(rpl-dag.o)
                0x00005d4e                rpl_process_parent_event
 .text.rpl_recalculate_ranks
                0x00005dce       0x42 contiki-sky.a(rpl-dag.o)
                0x00005dce                rpl_recalculate_ranks
 .text.rpl_add_dag
                0x00005e10      0x112 contiki-sky.a(rpl-dag.o)
                0x00005e10                rpl_add_dag
 .text.rpl_process_dio
                0x00005f22      0x274 contiki-sky.a(rpl-dag.o)
                0x00005f22                rpl_process_dio
 .text.get32    0x00006196       0x46 contiki-sky.a(rpl-icmp6.o)
 .text.set32    0x000061dc       0x2a contiki-sky.a(rpl-icmp6.o)
 .text.get16    0x00006206        0xe contiki-sky.a(rpl-icmp6.o)
 .text.set16    0x00006214       0x10 contiki-sky.a(rpl-icmp6.o)
 .text.dis_output
                0x00006224       0x50 contiki-sky.a(rpl-icmp6.o)
                0x00006224                dis_output
 .text.dio_output
                0x00006274      0x264 contiki-sky.a(rpl-icmp6.o)
                0x00006274                dio_output
 .text.dao_output_target
                0x000064d8       0xdc contiki-sky.a(rpl-icmp6.o)
                0x000064d8                dao_output_target
 .text.dao_output
                0x000065b4       0x7e contiki-sky.a(rpl-icmp6.o)
                0x000065b4                dao_output
 .text.dao_ack_output
                0x00006632       0x32 contiki-sky.a(rpl-icmp6.o)
                0x00006632                dao_ack_output
 .text.uip_rpl_input
                0x00006664      0x52a contiki-sky.a(rpl-icmp6.o)
                0x00006664                uip_rpl_input
 .text.new_dio_interval
                0x00006b8e       0x92 contiki-sky.a(rpl-timers.o)
 .text.handle_periodic_timer
                0x00006c20       0x2e contiki-sky.a(rpl-timers.o)
 .text.handle_dao_timer
                0x00006c4e       0x50 contiki-sky.a(rpl-timers.o)
 .text.handle_dio_timer
                0x00006c9e       0x82 contiki-sky.a(rpl-timers.o)
 .text.rpl_reset_periodic_timer
                0x00006d20       0x54 contiki-sky.a(rpl-timers.o)
                0x00006d20                rpl_reset_periodic_timer
 .text.rpl_reset_dio_timer
                0x00006d74       0x18 contiki-sky.a(rpl-timers.o)
                0x00006d74                rpl_reset_dio_timer
 .text.rpl_schedule_dao
                0x00006d8c       0x4e contiki-sky.a(rpl-timers.o)
                0x00006d8c                rpl_schedule_dao
 .text.reset    0x00006dda        0x2 contiki-sky.a(rpl-mrhof.o)
 .text.neighbor_link_callback
                0x00006ddc       0x86 contiki-sky.a(rpl-mrhof.o)
 .text.calculate_rank
                0x00006e62       0x2c contiki-sky.a(rpl-mrhof.o)
 .text.update_metric_container
                0x00006e8e        0x6 contiki-sky.a(rpl-mrhof.o)
 .text.best_dag
                0x00006e94       0x2e contiki-sky.a(rpl-mrhof.o)
 .text.best_parent
                0x00006ec2       0x52 contiki-sky.a(rpl-mrhof.o)
 .text.call_process
                0x00006f14       0x46 contiki-sky.a(process.o)
 .text.exit_process
                0x00006f5a       0x96 contiki-sky.a(process.o)
 .text.do_poll  0x00006ff0       0x30 contiki-sky.a(process.o)
 .text.process_alloc_event
                0x00007020        0xe contiki-sky.a(process.o)
                0x00007020                process_alloc_event
 .text.process_init
                0x0000702e       0x1c contiki-sky.a(process.o)
                0x0000702e                process_init
 .text.process_run
                0x0000704a       0xa2 contiki-sky.a(process.o)
                0x0000704a                process_run
 .text.process_nevents
                0x000070ec        0xe contiki-sky.a(process.o)
                0x000070ec                process_nevents
 .text.process_post
                0x000070fa       0x54 contiki-sky.a(process.o)
                0x000070fa                process_post
 .text.process_post_synch
                0x0000714e       0x12 contiki-sky.a(process.o)
                0x0000714e                process_post_synch
 .text.process_start
                0x00007160       0x36 contiki-sky.a(process.o)
                0x00007160                process_start
 .text.process_poll
                0x00007196       0x18 contiki-sky.a(process.o)
                0x00007196                process_poll
 .text.autostart_start
                0x000071ae       0x16 contiki-sky.a(autostart.o)
                0x000071ae                autostart_start
 .text.compower_accumulate
                0x000071c4       0x72 contiki-sky.a(compower.o)
                0x000071c4                compower_accumulate
 .text.compower_clear
                0x00007236       0x12 contiki-sky.a(compower.o)
                0x00007236                compower_clear
 .text.compower_attrconv
                0x00007248       0x10 contiki-sky.a(compower.o)
                0x00007248                compower_attrconv
 .text.memb_init
                0x00007258       0x36 contiki-sky.a(memb.o)
                0x00007258                memb_init
 .text.memb_alloc
                0x0000728e       0x3e contiki-sky.a(memb.o)
                0x0000728e                memb_alloc
 .text.memb_free
                0x000072cc       0x3a contiki-sky.a(memb.o)
                0x000072cc                memb_free
 .text.memb_inmemb
                0x00007306       0x2a contiki-sky.a(memb.o)
                0x00007306                memb_inmemb
 .text.timer_set
                0x00007330       0x1c contiki-sky.a(timer.o)
                0x00007330                timer_set
 .text.timer_reset
                0x0000734c        0xe contiki-sky.a(timer.o)
                0x0000734c                timer_reset
 .text.timer_restart
                0x0000735a       0x14 contiki-sky.a(timer.o)
                0x0000735a                timer_restart
 .text.timer_expired
                0x0000736e       0x2a contiki-sky.a(timer.o)
                0x0000736e                timer_expired
 .text.list_init
                0x00007398        0x6 contiki-sky.a(list.o)
                0x00007398                list_init
 .text.list_head
                0x0000739e        0x4 contiki-sky.a(list.o)
                0x0000739e                list_head
 .text.list_tail
                0x000073a2       0x12 contiki-sky.a(list.o)
                0x000073a2                list_tail
 .text.list_remove
                0x000073b4       0x34 contiki-sky.a(list.o)
                0x000073b4                list_remove
 .text.list_push
                0x000073e8       0x1a contiki-sky.a(list.o)
                0x000073e8                list_push
 .text.list_add
                0x00007402       0x2a contiki-sky.a(list.o)
                0x00007402                list_add
 .text.list_length
                0x0000742c       0x10 contiki-sky.a(list.o)
                0x0000742c                list_length
 .text.list_item_next
                0x0000743c        0xc contiki-sky.a(list.o)
                0x0000743c                list_item_next
 .text.update_time
                0x00007448       0x78 contiki-sky.a(etimer.o)
 .text.etimer_request_poll
                0x000074c0        0xa contiki-sky.a(etimer.o)
                0x000074c0                etimer_request_poll
 .text.process_thread_etimer_process
                0x000074ca       0xcc contiki-sky.a(etimer.o)
 .text.add_timer
                0x00007596       0x40 contiki-sky.a(etimer.o)
 .text.etimer_set
                0x000075d6       0x12 contiki-sky.a(etimer.o)
                0x000075d6                etimer_set
 .text.etimer_reset
                0x000075e8       0x12 contiki-sky.a(etimer.o)
                0x000075e8                etimer_reset
 .text.etimer_restart
                0x000075fa       0x12 contiki-sky.a(etimer.o)
                0x000075fa                etimer_restart
 .text.etimer_expired
                0x0000760c        0xe contiki-sky.a(etimer.o)
                0x0000760c                etimer_expired
 .text.etimer_expiration_time
                0x0000761a       0x14 contiki-sky.a(etimer.o)
                0x0000761a                etimer_expiration_time
 .text.etimer_pending
                0x0000762e        0xc contiki-sky.a(etimer.o)
                0x0000762e                etimer_pending
 .text.etimer_next_expiration_time
                0x0000763a       0x16 contiki-sky.a(etimer.o)
                0x0000763a                etimer_next_expiration_time
 .text.etimer_stop
                0x00007650       0x3e contiki-sky.a(etimer.o)
                0x00007650                etimer_stop
 .text.process_thread_ctimer_process
                0x0000768e       0xa8 contiki-sky.a(ctimer.o)
 .text.ctimer_init
                0x00007736       0x18 contiki-sky.a(ctimer.o)
                0x00007736                ctimer_init
 .text.ctimer_set
                0x0000774e       0x5a contiki-sky.a(ctimer.o)
                0x0000774e                ctimer_set
 .text.ctimer_reset
                0x000077a8       0x3a contiki-sky.a(ctimer.o)
                0x000077a8                ctimer_reset
 .text.ctimer_stop
                0x000077e2       0x28 contiki-sky.a(ctimer.o)
                0x000077e2                ctimer_stop
 .text.energest_init
                0x0000780a       0x26 contiki-sky.a(energest.o)
                0x0000780a                energest_init
 .text.energest_type_time
                0x00007830       0x48 contiki-sky.a(energest.o)
                0x00007830                energest_type_time
 .text.energest_type_set
                0x00007878        0xe contiki-sky.a(energest.o)
                0x00007878                energest_type_set
 .text.energest_flush
                0x00007886       0x48 contiki-sky.a(energest.o)
                0x00007886                energest_flush
 .text.rtimer_init
                0x000078ce        0x6 contiki-sky.a(rtimer.o)
                0x000078ce                rtimer_init
 .text.rtimer_set
                0x000078d4       0x24 contiki-sky.a(rtimer.o)
                0x000078d4                rtimer_set
 .text.rtimer_run_next
                0x000078f8       0x26 contiki-sky.a(rtimer.o)
                0x000078f8                rtimer_run_next
 .text.stimer_set
                0x0000791e       0x1c contiki-sky.a(stimer.o)
                0x0000791e                stimer_set
 .text.stimer_expired
                0x0000793a       0x30 contiki-sky.a(stimer.o)
                0x0000793a                stimer_expired
 .text.random_init
                0x0000796a        0x6 contiki-sky.a(random.o)
                0x0000796a                random_init
 .text.random_rand
                0x00007970        0x6 contiki-sky.a(random.o)
                0x00007970                random_rand
 .text.item_from_index
                0x00007976       0x2a contiki-sky.a(nbr-table.o)
 .text.index_from_key
                0x000079a0       0x26 contiki-sky.a(nbr-table.o)
 .text.index_from_item
                0x000079c6       0x1e contiki-sky.a(nbr-table.o)
 .text.nbr_set_bit
                0x000079e4       0x58 contiki-sky.a(nbr-table.o)
 .text.index_from_lladdr
                0x00007a3c       0x42 contiki-sky.a(nbr-table.o)
 .text.nbr_get_bit.constprop.0
                0x00007a7e       0x2e contiki-sky.a(nbr-table.o)
 .text.nbr_table_register
                0x00007aac       0x26 contiki-sky.a(nbr-table.o)
                0x00007aac                nbr_table_register
 .text.nbr_table_next
                0x00007ad2       0x54 contiki-sky.a(nbr-table.o)
                0x00007ad2                nbr_table_next
 .text.nbr_table_head
                0x00007b26       0x3a contiki-sky.a(nbr-table.o)
                0x00007b26                nbr_table_head
 .text.nbr_table_add_lladdr
                0x00007b60      0x128 contiki-sky.a(nbr-table.o)
                0x00007b60                nbr_table_add_lladdr
 .text.nbr_table_get_from_lladdr
                0x00007c88       0x2c contiki-sky.a(nbr-table.o)
                0x00007c88                nbr_table_get_from_lladdr
 .text.nbr_table_remove
                0x00007cb4       0x32 contiki-sky.a(nbr-table.o)
                0x00007cb4                nbr_table_remove
 .text.nbr_table_lock
                0x00007ce6       0x10 contiki-sky.a(nbr-table.o)
                0x00007ce6                nbr_table_lock
 .text.nbr_table_unlock
                0x00007cf6       0x10 contiki-sky.a(nbr-table.o)
                0x00007cf6                nbr_table_unlock
 .text.nbr_table_get_lladdr
                0x00007d06       0x22 contiki-sky.a(nbr-table.o)
                0x00007d06                nbr_table_get_lladdr
 .text.packetbuf_copyto_hdr
                0x00007d28       0x1c contiki-sky.a(packetbuf.o)
                0x00007d28                packetbuf_copyto_hdr
 .text.packetbuf_copyto
                0x00007d44       0x52 contiki-sky.a(packetbuf.o)
                0x00007d44                packetbuf_copyto
 .text.packetbuf_hdr_remove
                0x00007d96        0x6 contiki-sky.a(packetbuf.o)
                0x00007d96                packetbuf_hdr_remove
 .text.packetbuf_hdrreduce
                0x00007d9c       0x1a contiki-sky.a(packetbuf.o)
                0x00007d9c                packetbuf_hdrreduce
 .text.packetbuf_set_datalen
                0x00007db6        0x6 contiki-sky.a(packetbuf.o)
                0x00007db6                packetbuf_set_datalen
 .text.packetbuf_dataptr
                0x00007dbc        0xe contiki-sky.a(packetbuf.o)
                0x00007dbc                packetbuf_dataptr
 .text.packetbuf_hdrptr
                0x00007dca        0xa contiki-sky.a(packetbuf.o)
                0x00007dca                packetbuf_hdrptr
 .text.packetbuf_is_reference
                0x00007dd4        0xe contiki-sky.a(packetbuf.o)
                0x00007dd4                packetbuf_is_reference
 .text.packetbuf_compact
                0x00007de2       0x48 contiki-sky.a(packetbuf.o)
                0x00007de2                packetbuf_compact
 .text.packetbuf_reference_ptr
                0x00007e2a        0x6 contiki-sky.a(packetbuf.o)
                0x00007e2a                packetbuf_reference_ptr
 .text.packetbuf_datalen
                0x00007e30        0x6 contiki-sky.a(packetbuf.o)
                0x00007e30                packetbuf_datalen
 .text.packetbuf_totlen
                0x00007e36       0x10 contiki-sky.a(packetbuf.o)
                0x00007e36                packetbuf_totlen
 .text.packetbuf_hdralloc
                0x00007e46       0x2e contiki-sky.a(packetbuf.o)
                0x00007e46                packetbuf_hdralloc
 .text.packetbuf_attr_clear
                0x00007e74       0x30 contiki-sky.a(packetbuf.o)
                0x00007e74                packetbuf_attr_clear
 .text.packetbuf_clear
                0x00007ea4       0x1a contiki-sky.a(packetbuf.o)
                0x00007ea4                packetbuf_clear
 .text.packetbuf_copyfrom
                0x00007ebe       0x2e contiki-sky.a(packetbuf.o)
                0x00007ebe                packetbuf_copyfrom
 .text.packetbuf_attr_copyto
                0x00007eec       0x22 contiki-sky.a(packetbuf.o)
                0x00007eec                packetbuf_attr_copyto
 .text.packetbuf_attr_copyfrom
                0x00007f0e       0x24 contiki-sky.a(packetbuf.o)
                0x00007f0e                packetbuf_attr_copyfrom
 .text.queuebuf_init
                0x00007f32       0x1a contiki-sky.a(queuebuf.o)
                0x00007f32                queuebuf_init
 .text.queuebuf_new_from_packetbuf
                0x00007f4c       0x7e contiki-sky.a(queuebuf.o)
                0x00007f4c                queuebuf_new_from_packetbuf
 .text.queuebuf_update_attr_from_packetbuf
                0x00007fca       0x12 contiki-sky.a(queuebuf.o)
                0x00007fca                queuebuf_update_attr_from_packetbuf
 .text.queuebuf_free
                0x00007fdc       0x40 contiki-sky.a(queuebuf.o)
                0x00007fdc                queuebuf_free
 .text.queuebuf_to_packetbuf
                0x0000801c       0x6e contiki-sky.a(queuebuf.o)
                0x0000801c                queuebuf_to_packetbuf
 .text.queuebuf_attr
                0x0000808a        0xe contiki-sky.a(queuebuf.o)
                0x0000808a                queuebuf_attr
 .text.set_packet_attrs
                0x00008098       0x46 contiki-sky.a(sicslowpan.o)
 .text.addr_context_lookup_by_number
                0x000080de       0x32 contiki-sky.a(sicslowpan.o)
 .text.compress_addr_64
                0x00008110       0xae contiki-sky.a(sicslowpan.o)
 .text.uncompress_addr
                0x000081be       0xb4 contiki-sky.a(sicslowpan.o)
 .text.input    0x00008272      0x624 contiki-sky.a(sicslowpan.o)
 .text.sicslowpan_init
                0x00008896       0x26 contiki-sky.a(sicslowpan.o)
                0x00008896                sicslowpan_init
 .text.addr_context_lookup_by_prefix
                0x000088bc       0x4c contiki-sky.a(sicslowpan.o)
 .text.packet_sent
                0x00008908       0x22 contiki-sky.a(sicslowpan.o)
 .text.send_packet
                0x0000892a       0x1a contiki-sky.a(sicslowpan.o)
 .text.output   0x00008944      0x6ee contiki-sky.a(sicslowpan.o)
 .text.start_periodic_tcp_timer
                0x00009032       0x16 contiki-sky.a(tcpip.o)
 .text.tcpip_output
                0x00009048       0x10 contiki-sky.a(tcpip.o)
                0x00009048                tcpip_output
 .text.tcpip_set_outputfunc
                0x00009058        0x6 contiki-sky.a(tcpip.o)
                0x00009058                tcpip_set_outputfunc
 .text.udp_new  0x0000905e       0x1a contiki-sky.a(tcpip.o)
                0x0000905e                udp_new
 .text.tcpip_input
                0x00009078       0x16 contiki-sky.a(tcpip.o)
                0x00009078                tcpip_input
 .text.tcpip_ipv6_output
                0x0000908e      0x152 contiki-sky.a(tcpip.o)
                0x0000908e                tcpip_ipv6_output
 .text.process_thread_tcpip_process
                0x000091e0      0x1d4 contiki-sky.a(tcpip.o)
 .text.tcpip_uipcall
                0x000093b4       0x70 contiki-sky.a(tcpip.o)
                0x000093b4                tcpip_uipcall
 .text.uip_debug_ipaddr_print
                0x00009424       0x7e contiki-sky.a(uip-debug.o)
                0x00009424                uip_debug_ipaddr_print
 .text.call_route_callback
                0x000094a2       0x4c contiki-sky.a(uip-ds6-route.o)
 .text.uip_ds6_route_init
                0x000094ee       0x2e contiki-sky.a(uip-ds6-route.o)
                0x000094ee                uip_ds6_route_init
 .text.uip_ds6_route_nexthop
                0x0000951c       0x1a contiki-sky.a(uip-ds6-route.o)
                0x0000951c                uip_ds6_route_nexthop
 .text.uip_ds6_route_head
                0x00009536       0x28 contiki-sky.a(uip-ds6-route.o)
                0x00009536                uip_ds6_route_head
 .text.uip_ds6_route_next
                0x0000955e       0x30 contiki-sky.a(uip-ds6-route.o)
                0x0000955e                uip_ds6_route_next
 .text.uip_ds6_route_lookup
                0x0000958e       0x5e contiki-sky.a(uip-ds6-route.o)
                0x0000958e                uip_ds6_route_lookup
 .text.uip_ds6_route_add
                0x000095ec       0xb4 contiki-sky.a(uip-ds6-route.o)
                0x000095ec                uip_ds6_route_add
 .text.uip_ds6_route_rm
                0x000096a0       0x60 contiki-sky.a(uip-ds6-route.o)
                0x000096a0                uip_ds6_route_rm
 .text.rm_routelist
                0x00009700       0x30 contiki-sky.a(uip-ds6-route.o)
 .text.rm_routelist_callback
                0x00009730        0x6 contiki-sky.a(uip-ds6-route.o)
 .text.uip_ds6_defrt_rm
                0x00009736       0x48 contiki-sky.a(uip-ds6-route.o)
                0x00009736                uip_ds6_defrt_rm
 .text.uip_ds6_defrt_lookup
                0x0000977e       0x36 contiki-sky.a(uip-ds6-route.o)
                0x0000977e                uip_ds6_defrt_lookup
 .text.uip_ds6_defrt_add
                0x000097b4       0x74 contiki-sky.a(uip-ds6-route.o)
                0x000097b4                uip_ds6_defrt_add
 .text.uip_ds6_defrt_choose
                0x00009828       0x3a contiki-sky.a(uip-ds6-route.o)
                0x00009828                uip_ds6_defrt_choose
 .text.uip_ds6_defrt_periodic
                0x00009862       0x38 contiki-sky.a(uip-ds6-route.o)
                0x00009862                uip_ds6_defrt_periodic
 .text.uip_ds6_nbr_rm
                0x0000989a       0x1a contiki-sky.a(uip-ds6-nbr.o)
                0x0000989a                uip_ds6_nbr_rm
 .text.uip_ds6_neighbors_init
                0x000098b4        0xe contiki-sky.a(uip-ds6-nbr.o)
                0x000098b4                uip_ds6_neighbors_init
 .text.uip_ds6_nbr_add
                0x000098c2       0x60 contiki-sky.a(uip-ds6-nbr.o)
                0x000098c2                uip_ds6_nbr_add
 .text.uip_ds6_nbr_get_ll
                0x00009922        0xc contiki-sky.a(uip-ds6-nbr.o)
                0x00009922                uip_ds6_nbr_get_ll
 .text.uip_ds6_nbr_lookup
                0x0000992e       0x42 contiki-sky.a(uip-ds6-nbr.o)
                0x0000992e                uip_ds6_nbr_lookup
 .text.uip_ds6_nbr_ll_lookup
                0x00009970        0xc contiki-sky.a(uip-ds6-nbr.o)
                0x00009970                uip_ds6_nbr_ll_lookup
 .text.uip_ds6_nbr_ipaddr_from_lladdr
                0x0000997c        0x6 contiki-sky.a(uip-ds6-nbr.o)
                0x0000997c                uip_ds6_nbr_ipaddr_from_lladdr
 .text.uip_ds6_nbr_lladdr_from_ipaddr
                0x00009982       0x12 contiki-sky.a(uip-ds6-nbr.o)
                0x00009982                uip_ds6_nbr_lladdr_from_ipaddr
 .text.uip_ds6_link_neighbor_callback
                0x00009994       0x2a contiki-sky.a(uip-ds6-nbr.o)
                0x00009994                uip_ds6_link_neighbor_callback
 .text.uip_ds6_neighbor_periodic
                0x000099be       0xfe contiki-sky.a(uip-ds6-nbr.o)
                0x000099be                uip_ds6_neighbor_periodic
 .text.uip_ds6_list_loop
                0x00009abc       0x86 contiki-sky.a(uip-ds6.o)
                0x00009abc                uip_ds6_list_loop
 .text.uip_ds6_prefix_add
                0x00009b42       0x80 contiki-sky.a(uip-ds6.o)
                0x00009b42                uip_ds6_prefix_add
 .text.uip_ds6_is_addr_onlink
                0x00009bc2       0x54 contiki-sky.a(uip-ds6.o)
                0x00009bc2                uip_ds6_is_addr_onlink
 .text.uip_ds6_addr_lookup
                0x00009c16       0x2a contiki-sky.a(uip-ds6.o)
                0x00009c16                uip_ds6_addr_lookup
 .text.uip_ds6_get_link_local
                0x00009c40       0x3e contiki-sky.a(uip-ds6.o)
                0x00009c40                uip_ds6_get_link_local
 .text.uip_ds6_maddr_add
                0x00009c7e       0x4c contiki-sky.a(uip-ds6.o)
                0x00009c7e                uip_ds6_maddr_add
 .text.uip_ds6_addr_add
                0x00009cca       0xc4 contiki-sky.a(uip-ds6.o)
                0x00009cca                uip_ds6_addr_add
 .text.uip_ds6_maddr_rm
                0x00009d8e        0xa contiki-sky.a(uip-ds6.o)
                0x00009d8e                uip_ds6_maddr_rm
 .text.uip_ds6_maddr_lookup
                0x00009d98       0x2a contiki-sky.a(uip-ds6.o)
                0x00009d98                uip_ds6_maddr_lookup
 .text.uip_ds6_addr_rm
                0x00009dc2       0x54 contiki-sky.a(uip-ds6.o)
                0x00009dc2                uip_ds6_addr_rm
 .text.uip_ds6_periodic
                0x00009e16       0x4a contiki-sky.a(uip-ds6.o)
                0x00009e16                uip_ds6_periodic
 .text.uip_ds6_set_addr_iid
                0x00009e60       0x14 contiki-sky.a(uip-ds6.o)
                0x00009e60                uip_ds6_set_addr_iid
 .text.get_match_length
                0x00009e74       0x44 contiki-sky.a(uip-ds6.o)
                0x00009e74                get_match_length
 .text.uip_ds6_select_src
                0x00009eb8       0xaa contiki-sky.a(uip-ds6.o)
                0x00009eb8                uip_ds6_select_src
 .text.uip_ds6_compute_reachable_time
                0x00009f62       0x3e contiki-sky.a(uip-ds6.o)
                0x00009f62                uip_ds6_compute_reachable_time
 .text.uip_ds6_init
                0x00009fa0      0x154 contiki-sky.a(uip-ds6.o)
                0x00009fa0                uip_ds6_init
 .text.uip_icmp6_echo_request_input
                0x0000a0f4      0x12c contiki-sky.a(uip-icmp6.o)
                0x0000a0f4                uip_icmp6_echo_request_input
 .text.uip_icmp6_error_output
                0x0000a220      0x17e contiki-sky.a(uip-icmp6.o)
                0x0000a220                uip_icmp6_error_output
 .text.uip_icmp6_send
                0x0000a39e       0x94 contiki-sky.a(uip-icmp6.o)
                0x0000a39e                uip_icmp6_send
 .text.uip_nd6_ns_input
                0x0000a432      0x24e contiki-sky.a(uip-nd6.o)
                0x0000a432                uip_nd6_ns_input
 .text.uip_nd6_ns_output
                0x0000a680      0x17a contiki-sky.a(uip-nd6.o)
                0x0000a680                uip_nd6_ns_output
 .text.uip_nd6_na_input
                0x0000a7fa      0x1bc contiki-sky.a(uip-nd6.o)
                0x0000a7fa                uip_nd6_na_input
 .text.chksum   0x0000a9b6       0x32 contiki-sky.a(uip6.o)
 .text.upper_layer_chksum
                0x0000a9e8       0x56 contiki-sky.a(uip6.o)
 .text.ext_hdr_options_process
                0x0000aa3e       0xd0 contiki-sky.a(uip6.o)
 .text.uip_add32
                0x0000ab0e       0x68 contiki-sky.a(uip6.o)
                0x0000ab0e                uip_add32
 .text.uip_add_rcv_nxt
                0x0000ab76       0x2e contiki-sky.a(uip6.o)
 .text.uip_icmp6chksum
                0x0000aba4        0xa contiki-sky.a(uip6.o)
                0x0000aba4                uip_icmp6chksum
 .text.uip_tcpchksum
                0x0000abae        0xa contiki-sky.a(uip6.o)
                0x0000abae                uip_tcpchksum
 .text.uip_udpchksum
                0x0000abb8        0xa contiki-sky.a(uip6.o)
                0x0000abb8                uip_udpchksum
 .text.uip_init
                0x0000abc2       0x72 contiki-sky.a(uip6.o)
                0x0000abc2                uip_init
 .text.remove_ext_hdr
                0x0000ac34       0x58 contiki-sky.a(uip6.o)
                0x0000ac34                remove_ext_hdr
 .text.uip_udp_new
                0x0000ac8c       0xe4 contiki-sky.a(uip6.o)
                0x0000ac8c                uip_udp_new
 .text.uip_unlisten
                0x0000ad70       0x2a contiki-sky.a(uip6.o)
                0x0000ad70                uip_unlisten
 .text.uip_process
                0x0000ad9a      0xeb2 contiki-sky.a(uip6.o)
                0x0000ad9a                uip_process
 .text.uip_htonl
                0x0000bc4c       0x2e contiki-sky.a(uip6.o)
                0x0000bc4c                uip_htonl
 .text.init_platform
                0x0000bc7a        0xc contiki-sky.a(contiki-sky-pla)
                0x0000bc7a                init_platform
 .text.status   0x0000bc86       0x18 contiki-sky.a(button-sensor.o)
 .text.value    0x0000bc9e       0x20 contiki-sky.a(button-sensor.o)
 .text.configure
                0x0000bcbe       0x4c contiki-sky.a(button-sensor.o)
 .text.irq_p2   0x0000bd0a       0x88 contiki-sky.a(button-sensor.o)
                0x0000bd0a                irq_p2
                0x0000bd0a                __isr_1
 .text.owreadb  0x0000bd92       0x50 contiki-sky.a(ds2411.o)
 .text.ds2411_init
                0x0000bde2      0x120 contiki-sky.a(ds2411.o)
                0x0000bde2                ds2411_init
 .text.wait_ready
                0x0000bf02       0x4a contiki-sky.a(xmem.o)
 .text.xmem_init
                0x0000bf4c       0x3c contiki-sky.a(xmem.o)
                0x0000bf4c                xmem_init
 .text.xmem_pread
                0x0000bf88       0xe0 contiki-sky.a(xmem.o)
                0x0000bf88                xmem_pread
 .text.node_id_restore
                0x0000c068       0x38 contiki-sky.a(node-id.o)
                0x0000c068                node_id_restore
 .text.process_thread_sensors_process
                0x0000c0a0       0xc2 contiki-sky.a(sensors.o)
 .text.sensors_changed
                0x0000c162       0x2a contiki-sky.a(sensors.o)
                0x0000c162                sensors_changed
 .text.strobe   0x0000c18c       0x1c contiki-sky.a(cc2420.o)
 .text.status   0x0000c1a8       0x22 contiki-sky.a(cc2420.o)
 .text.getreg   0x0000c1ca       0x4c contiki-sky.a(cc2420.o)
 .text.setreg   0x0000c216       0x4c contiki-sky.a(cc2420.o)
 .text.set_txpower
                0x0000c262       0x24 contiki-sky.a(cc2420.o)
 .text.cc2420_receiving_packet
                0x0000c286        0xc contiki-sky.a(cc2420.o)
 .text.pending_packet
                0x0000c292        0x8 contiki-sky.a(cc2420.o)
 .text.on       0x0000c29a       0x44 contiki-sky.a(cc2420.o)
 .text.flushrx  0x0000c2de       0x6c contiki-sky.a(cc2420.o)
 .text.off      0x0000c34a       0x72 contiki-sky.a(cc2420.o)
 .text.RELEASE_LOCK
                0x0000c3bc       0x28 contiki-sky.a(cc2420.o)
 .text.cc2420_prepare
                0x0000c3e4       0x82 contiki-sky.a(cc2420.o)
 .text.getrxdata
                0x0000c466       0x50 contiki-sky.a(cc2420.o)
 .text.cc2420_on
                0x0000c4b6       0x22 contiki-sky.a(cc2420.o)
                0x0000c4b6                cc2420_on
 .text.cc2420_off
                0x0000c4d8       0x30 contiki-sky.a(cc2420.o)
                0x0000c4d8                cc2420_off
 .text.cc2420_cca
                0x0000c508       0x82 contiki-sky.a(cc2420.o)
 .text.cc2420_read
                0x0000c58a       0xda contiki-sky.a(cc2420.o)
 .text.process_thread_cc2420_process
                0x0000c664       0x54 contiki-sky.a(cc2420.o)
 .text.cc2420_set_channel
                0x0000c6b8       0x80 contiki-sky.a(cc2420.o)
                0x0000c6b8                cc2420_set_channel
 .text.cc2420_set_pan_addr
                0x0000c738      0x13e contiki-sky.a(cc2420.o)
                0x0000c738                cc2420_set_pan_addr
 .text.cc2420_interrupt
                0x0000c876       0x1e contiki-sky.a(cc2420.o)
                0x0000c876                cc2420_interrupt
 .text.cc2420_get_txpower
                0x0000c894       0x1e contiki-sky.a(cc2420.o)
                0x0000c894                cc2420_get_txpower
 .text.cc2420_transmit
                0x0000c8b2      0x1a6 contiki-sky.a(cc2420.o)
 .text.cc2420_send
                0x0000ca58       0x12 contiki-sky.a(cc2420.o)
 .text.cc2420_set_cca_threshold
                0x0000ca6a       0x16 contiki-sky.a(cc2420.o)
                0x0000ca6a                cc2420_set_cca_threshold
 .text.cc2420_init
                0x0000ca80       0xd2 contiki-sky.a(cc2420.o)
                0x0000ca80                cc2420_init
 .text.cc2420_port1_interrupt
                0x0000cb52       0x62 contiki-sky.a(cc2420-arch.o)
                0x0000cb52                __isr_4
                0x0000cb52                cc2420_port1_interrupt
 .text.cc2420_arch_init
                0x0000cbb4       0x1a contiki-sky.a(cc2420-arch.o)
                0x0000cbb4                cc2420_arch_init
 .text.uart1_active
                0x0000cbce       0x18 contiki-sky.a(uart1.o)
                0x0000cbce                uart1_active
 .text.uart1_writeb
                0x0000cbe6       0x18 contiki-sky.a(uart1.o)
                0x0000cbe6                uart1_writeb
 .text.uart1_init
                0x0000cbfe       0xf4 contiki-sky.a(uart1.o)
                0x0000cbfe                uart1_init
 .text.putchar  0x0000ccf2       0x10 contiki-sky.a(uart1-putchar.o)
                0x0000ccf2                putchar
 .text.msp430_init_dco
                0x0000cd02       0x82 contiki-sky.a(msp430.o)
                0x0000cd02                msp430_init_dco
 .text.msp430_add_lpm_req
                0x0000cd84        0xc contiki-sky.a(msp430.o)
                0x0000cd84                msp430_add_lpm_req
 .text.msp430_cpu_init
                0x0000cd90       0x2a contiki-sky.a(msp430.o)
                0x0000cd90                msp430_cpu_init
 .text.splhigh_
                0x0000cdba        0x8 contiki-sky.a(msp430.o)
                0x0000cdba                splhigh_
 .text.msp430_sync_dco
                0x0000cdc2       0x6c contiki-sky.a(msp430.o)
                0x0000cdc2                msp430_sync_dco
 .text.timera1  0x0000ce2e       0xfe contiki-sky.a(clock.o)
                0x0000ce2e                __isr_5
                0x0000ce2e                timera1
 .text.clock_time
                0x0000cf2c       0x1a contiki-sky.a(clock.o)
                0x0000cf2c                clock_time
 .text.clock_init
                0x0000cf46       0x28 contiki-sky.a(clock.o)
                0x0000cf46                clock_init
 .text.clock_delay
                0x0000cf6e        0xc contiki-sky.a(clock.o)
                0x0000cf6e                clock_delay
 .text.clock_seconds
                0x0000cf7a       0x1a contiki-sky.a(clock.o)
                0x0000cf7a                clock_seconds
 .text.show_leds
                0x0000cf94      0x100 contiki-sky.a(leds.o)
 .text.leds_init
                0x0000d094        0xe contiki-sky.a(leds.o)
                0x0000d094                leds_init
 .text.leds_on  0x0000d0a2       0x14 contiki-sky.a(leds.o)
                0x0000d0a2                leds_on
 .text.leds_off
                0x0000d0b6       0x14 contiki-sky.a(leds.o)
                0x0000d0b6                leds_off
 .text.leds_arch_init
                0x0000d0ca        0xe contiki-sky.a(leds-arch.o)
                0x0000d0ca                leds_arch_init
 .text.leds_arch_set
                0x0000d0d8       0x38 contiki-sky.a(leds-arch.o)
                0x0000d0d8                leds_arch_set
 .text.watchdog_interrupt
                0x0000d110        0x6 contiki-sky.a(watchdog.o)
                0x0000d110                __isr_10
                0x0000d110                watchdog_interrupt
 .text.watchdog_start
                0x0000d116       0x14 contiki-sky.a(watchdog.o)
                0x0000d116                watchdog_start
 .text.watchdog_periodic
                0x0000d12a       0x12 contiki-sky.a(watchdog.o)
                0x0000d12a                watchdog_periodic
 .text.watchdog_stop
                0x0000d13c       0x16 contiki-sky.a(watchdog.o)
                0x0000d13c                watchdog_stop
 .text.watchdog_init
                0x0000d152       0x12 contiki-sky.a(watchdog.o)
                0x0000d152                watchdog_init
 .text.rtimer_arch_init
                0x0000d164        0xe contiki-sky.a(rtimer-arch.o)
                0x0000d164                rtimer_arch_init
 .text.rtimer_arch_now
                0x0000d172        0xe contiki-sky.a(rtimer-arch.o)
                0x0000d172                rtimer_arch_now
 .text.timera0  0x0000d180       0x70 contiki-sky.a(rtimer-arch.o)
                0x0000d180                __isr_6
                0x0000d180                timera0
 .text.rtimer_arch_schedule
                0x0000d1f0        0x6 contiki-sky.a(rtimer-arch.o)
                0x0000d1f0                rtimer_arch_schedule
 .text.mac_call_sent_callback
                0x0000d1f6       0x14 contiki-sky.a(mac.o)
                0x0000d1f6                mac_call_sent_callback
 .text.create   0x0000d20a      0x10a contiki-sky.a(framer-802154.o)
 .text.parse    0x0000d314       0xac contiki-sky.a(framer-802154.o)
 .text.rpl_purge_routes
                0x0000d3c0       0x96 contiki-sky.a(rpl.o)
                0x0000d3c0                rpl_purge_routes
 .text.rpl_remove_routes
                0x0000d456       0x22 contiki-sky.a(rpl.o)
                0x0000d456                rpl_remove_routes
 .text.rpl_remove_routes_by_nexthop
                0x0000d478       0x46 contiki-sky.a(rpl.o)
                0x0000d478                rpl_remove_routes_by_nexthop
 .text.rpl_add_route
                0x0000d4be       0x48 contiki-sky.a(rpl.o)
                0x0000d4be                rpl_add_route
 .text.rpl_link_neighbor_callback
                0x0000d506       0x6a contiki-sky.a(rpl.o)
                0x0000d506                rpl_link_neighbor_callback
 .text.rpl_ipv6_neighbor_callback
                0x0000d570       0x1e contiki-sky.a(rpl.o)
                0x0000d570                rpl_ipv6_neighbor_callback
 .text.rpl_init
                0x0000d58e       0x40 contiki-sky.a(rpl.o)
                0x0000d58e                rpl_init
 .text.rpl_verify_header
                0x0000d5ce       0xb4 contiki-sky.a(rpl-ext-header.)
                0x0000d5ce                rpl_verify_header
 .text.rpl_update_header_empty
                0x0000d682       0xf8 contiki-sky.a(rpl-ext-header.)
                0x0000d682                rpl_update_header_empty
 .text.rpl_update_header_final
                0x0000d77a       0x88 contiki-sky.a(rpl-ext-header.)
                0x0000d77a                rpl_update_header_final
 .text.rpl_invert_header
                0x0000d802       0x4e contiki-sky.a(rpl-ext-header.)
                0x0000d802                rpl_invert_header
 .text.rpl_insert_header
                0x0000d850       0x1c contiki-sky.a(rpl-ext-header.)
                0x0000d850                rpl_insert_header
 .text.spi_init
                0x0000d86c       0x30 contiki-sky.a(spi.o)
                0x0000d86c                spi_init
 .text.field_len
                0x0000d89c       0x90 contiki-sky.a(frame802154.o)
 .text.frame802154_hdrlen
                0x0000d92c       0x2e contiki-sky.a(frame802154.o)
                0x0000d92c                frame802154_hdrlen
 .text.frame802154_create
                0x0000d95a      0x172 contiki-sky.a(frame802154.o)
                0x0000d95a                frame802154_create
 .text.frame802154_parse
                0x0000dacc      0x1c4 contiki-sky.a(frame802154.o)
                0x0000dacc                frame802154_parse
 .text.libgcc   0x0000dc90       0x2c /usr/local/msp430/bin/../lib/gcc/msp430/4.7.0/mmpy-16/libgcc.a(_mulsi3.o)
                0x0000dc90                __mulsi3
 .text.libgcc   0x0000dcbc       0x22 /usr/local/msp430/bin/../lib/gcc/msp430/4.7.0/mmpy-16/libgcc.a(_udivmod16.o)
                0x0000dcbc                __udivhi3
                0x0000dcbc                __ext_udivmod16
                0x0000dcd6                __umodhi3
 .text.libgcc   0x0000dcde       0x3a /usr/local/msp430/bin/../lib/gcc/msp430/4.7.0/mmpy-16/libgcc.a(_divmod16.o)
                0x0000dcde                __ext_divmod16
                0x0000dcde                __divhi3
                0x0000dd10                __modhi3
 .text.libgcc   0x0000dd18       0x40 /usr/local/msp430/bin/../lib/gcc/msp430/4.7.0/mmpy-16/libgcc.a(_udivmod32.o)
                0x0000dd18                __udivsi3
                0x0000dd18                __ext_udivmod32
                0x0000dd4e                __umodsi3
 .text.printf   0x0000dd58       0x10 /usr/local/msp430/bin/../lib/gcc/msp430/4.7.0/../../../../msp430/lib/mmpy-16/libc.a(printf.o)
                0x0000dd58                printf
 .text.print_field
                0x0000dd68      0x194 /usr/local/msp430/bin/../lib/gcc/msp430/4.7.0/../../../../msp430/lib/mmpy-16/libc.a(vuprintf.o)
 .text.vuprintf
                0x0000defc      0x63c /usr/local/msp430/bin/../lib/gcc/msp430/4.7.0/../../../../msp430/lib/mmpy-16/libc.a(vuprintf.o)
                0x0000defc                vuprintf
 .text.puts     0x0000e538       0x2c /usr/local/msp430/bin/../lib/gcc/msp430/4.7.0/../../../../msp430/lib/mmpy-16/libc.a(puts.o)
                0x0000e538                puts
 .text.rand     0x0000e564       0x26 /usr/local/msp430/bin/../lib/gcc/msp430/4.7.0/../../../../msp430/lib/mmpy-16/libc.a(rand.o)
                0x0000e564                rand
 .text.srand    0x0000e58a        0xa /usr/local/msp430/bin/../lib/gcc/msp430/4.7.0/../../../../msp430/lib/mmpy-16/libc.a(rand.o)
                0x0000e58a                srand
 .text.memcmp   0x0000e594       0x30 /usr/local/msp430/bin/../lib/gcc/msp430/4.7.0/../../../../msp430/lib/mmpy-16/libc.a(memcmp.o)
                0x0000e594                memcmp
 .text.memcpy   0x0000e5c4       0xfa /usr/local/msp430/bin/../lib/gcc/msp430/4.7.0/../../../../msp430/lib/mmpy-16/libc.a(memcpy.o)
                0x0000e5c4                memcpy
 .text.memmove  0x0000e6be       0xfa /usr/local/msp430/bin/../lib/gcc/msp430/4.7.0/../../../../msp430/lib/mmpy-16/libc.a(memmove.o)
                0x0000e6be                memmove
 .text.memset   0x0000e7b8       0x6a /usr/local/msp430/bin/../lib/gcc/msp430/4.7.0/../../../../msp430/lib/mmpy-16/libc.a(memset.o)
                0x0000e7b8                memset
 .text.libgcc   0x0000e822       0xf0 /usr/local/msp430/bin/../lib/gcc/msp430/4.7.0/mmpy-16/libgcc.a(_udivmod64.o)
                0x0000e822                __xabi_udivmod64
                0x0000e880                __udivdi3
                0x0000e8a6                __umoddi3
                0x0000e8d4                __udivmoddi4
 .text.crt0     0x0000e912        0x2 /usr/local/msp430/bin/../lib/gcc/msp430/4.7.0/mmpy-16/libcrt0.a(_unexpected_.o)
                0x0000e912                _unexpected_
 *(.near.text .near.text.*)

.rodata         0x0000e914      0x357
                0x0000e914                . = ALIGN (0x2)
 *(.rodata .rodata.* .gnu.linkonce.r.*)
 .rodata        0x0000e914      0x126 udp-server.co
                0x0000ea22                autostart_processes
 .rodata        0x0000ea3a      0x12a obj_sky/contiki-sky-main.o
 .rodata        0x0000eb64        0x8 contiki-sky.a(rimeaddr.o)
                0x0000eb64                rimeaddr_null
 .rodata        0x0000eb6c       0x14 contiki-sky.a(csma.o)
                0x0000eb72                csma_driver
 .rodata        0x0000eb80       0x1c contiki-sky.a(contikimac.o)
                0x0000eb8c                contikimac_driver
 .rodata        0x0000eb9c        0xc contiki-sky.a(etimer.o)
 .rodata        0x0000eba8        0xf contiki-sky.a(ctimer.o)
 *fill*         0x0000ebb7        0x1 00
 .rodata        0x0000ebb8       0x24 contiki-sky.a(sicslowpan.o)
                0x0000ebc4                sicslowpan_driver
                0x0000ebca                llprefix
                0x0000ebcc                unc_mxconf
                0x0000ebd0                unc_ctxconf
                0x0000ebd4                unc_llconf
 .rodata        0x0000ebdc        0xd contiki-sky.a(tcpip.o)
 .rodata        0x0000ebe9       0x1a contiki-sky.a(uip-debug.o)
 *fill*         0x0000ec03        0x1 00
 .rodata.uip_process
                0x0000ec04       0x20 contiki-sky.a(uip6.o)
 .rodata        0x0000ec24       0x10 contiki-sky.a(button-sensor.o)
                0x0000ec2c                button_sensor
 .rodata        0x0000ec34        0x8 contiki-sky.a(sensors.o)
 .rodata        0x0000ec3c       0x22 contiki-sky.a(cc2420.o)
                0x0000ec3c                cc2420_driver
 .rodata        0x0000ec5e        0x4 contiki-sky.a(framer-802154.o)
                0x0000ec5e                framer_802154
 .rodata        0x0000ec62        0x2 contiki-sky.a(frame802154.o)
 .rodata.vuprintf
                0x0000ec64        0x7 /usr/local/msp430/bin/../lib/gcc/msp430/4.7.0/../../../../msp430/lib/mmpy-16/libc.a(vuprintf.o)
 *(.near.rodata .near.rodata.*)
                0x0000ec6c                . = ALIGN (0x2)
                0x0000ec6c                _etext = .

.data           0x00001100       0xc8 load address 0x0000ec6c
                0x00001100                . = ALIGN (0x2)
                0x00001100                __data_start = .
 *(.data .data.* .gnu.linkonce.d.*)
 .data          0x00001100        0xa udp-server.co
                0x00001100                udp_server_process
 .data          0x0000110a       0x18 contiki-sky.a(csma.o)
 .data          0x00001122       0x10 contiki-sky.a(phase.o)
 .data          0x00001132        0x8 contiki-sky.a(rpl-dag.o)
 .data          0x0000113a        0x1 contiki-sky.a(rpl-icmp6.o)
 *fill*         0x0000113b        0x1 00
 .data          0x0000113c        0xe contiki-sky.a(rpl-mrhof.o)
                0x0000113c                rpl_mrhof
 .data          0x0000114a        0xa contiki-sky.a(etimer.o)
                0x0000114a                etimer_process
 .data          0x00001154        0xa contiki-sky.a(ctimer.o)
                0x00001154                ctimer_process
 .data          0x0000115e        0x8 contiki-sky.a(nbr-table.o)
 .data          0x00001166       0x18 contiki-sky.a(queuebuf.o)
 .data          0x0000117e        0xa contiki-sky.a(tcpip.o)
                0x0000117e                tcpip_process
 .data          0x00001188       0x18 contiki-sky.a(uip-ds6-route.o)
 .data          0x000011a0        0xa contiki-sky.a(uip-ds6-nbr.o)
                0x000011a0                ds6_neighbors
 .data          0x000011aa        0x4 contiki-sky.a(contiki-sky-pla)
                0x000011aa                sensors
 .data          0x000011ae        0xa contiki-sky.a(sensors.o)
                0x000011ae                sensors_process
 .data          0x000011b8        0xa contiki-sky.a(cc2420.o)
                0x000011b8                cc2420_process
 .data          0x000011c2        0x2 contiki-sky.a(msp430.o)
 .data.next     0x000011c4        0x4 /usr/local/msp430/bin/../lib/gcc/msp430/4.7.0/../../../../msp430/lib/mmpy-16/libc.a(rand.o)
 *(.near.data .near.data.*)
                0x000011c8                . = ALIGN (0x2)
                0x000011c8                _edata = .
                0x0000ec6c                __data_load_start = LOADADDR (.data)
                0x000000c8                __data_size = SIZEOF (.data)

.bss            0x000011c8     0x1bcc load address 0x0000ed34
                0x000011c8                __bss_start = .
 *(.bss .bss.*)
 .bss           0x000011c8        0x2 udp-server.co
 .bss           0x000011ca        0xc obj_sky/contiki-sky-main.o
 .bss           0x000011d6       0xc2 contiki-sky.a(csma.o)
 .bss           0x00001298       0xd4 contiki-sky.a(contikimac.o)
 .bss           0x0000136c      0x1d8 contiki-sky.a(phase.o)
 .bss           0x00001544       0xc8 contiki-sky.a(rpl-dag.o)
 .bss           0x0000160c       0x18 contiki-sky.a(rpl-timers.o)
 .bss           0x00001624       0x42 contiki-sky.a(process.o)
                0x00001624                process_current
                0x00001626                process_list
 .bss           0x00001666        0x8 contiki-sky.a(compower.o)
 .bss           0x0000166e        0x6 contiki-sky.a(etimer.o)
 .bss           0x00001674        0x4 contiki-sky.a(ctimer.o)
 .bss           0x00001678        0x2 contiki-sky.a(rtimer.o)
 .bss           0x0000167a      0x118 contiki-sky.a(nbr-table.o)
 .bss           0x00001792       0xba contiki-sky.a(packetbuf.o)
 .bss           0x0000184c      0x71e contiki-sky.a(queuebuf.o)
 .bss           0x00001f6a      0x122 contiki-sky.a(sicslowpan.o)
 .bss           0x0000208c       0x36 contiki-sky.a(tcpip.o)
 .bss           0x000020c2      0x2fc contiki-sky.a(uip-ds6-route.o)
 .bss           0x000023be      0x2d0 contiki-sky.a(uip-ds6-nbr.o)
 .bss           0x0000268e       0x18 contiki-sky.a(uip-ds6.o)
 .bss           0x000026a6       0x10 contiki-sky.a(uip-icmp6.o)
 .bss           0x000026b6        0xa contiki-sky.a(uip-nd6.o)
 .bss           0x000026c0        0xe contiki-sky.a(uip6.o)
                0x000026c0                uip_ext_opt_offset
                0x000026c1                uip_ext_len
                0x000026c2                uip_ext_bitmap
 .bss           0x000026ce        0x8 contiki-sky.a(button-sensor.o)
 .bss           0x000026d6        0x2 contiki-sky.a(node-id.o)
                0x000026d6                node_id
 .bss           0x000026d8        0x6 contiki-sky.a(sensors.o)
 .bss           0x000026de        0xa contiki-sky.a(cc2420.o)
 .bss           0x000026e8       0x9a contiki-sky.a(uart1.o)
 .bss           0x00002782        0xa contiki-sky.a(clock.o)
 .bss           0x0000278c        0x2 contiki-sky.a(leds.o)
 .bss           0x0000278e        0x2 contiki-sky.a(watchdog.o)
 .bss           0x00002790        0x2 contiki-sky.a(framer-802154.o)
 *(.near.bss .near.bss.*)
 *(COMMON)
 COMMON         0x00002792        0x8 contiki-sky.a(rimeaddr.o)
                0x00002792                rimeaddr_node_addr
 COMMON         0x0000279a       0xbe contiki-sky.a(rpl-dag.o)
                0x0000279a                default_instance
                0x0000279c                instance_table
 COMMON         0x00002858        0x1 contiki-sky.a(process.o)
                0x00002858                process_maxevents
 *fill*         0x00002859        0x1 00
 COMMON         0x0000285a        0x8 contiki-sky.a(compower.o)
                0x0000285a                compower_idle_activity
 COMMON         0x00002862       0x56 contiki-sky.a(energest.o)
                0x00002862                energest_total_time
                0x00002892                energest_total_count
                0x00002894                energest_current_mode
                0x000028a0                energest_current_time
 COMMON         0x000028b8       0x50 contiki-sky.a(packetbuf.o)
                0x000028b8                packetbuf_addrs
                0x000028d8                packetbuf_attrs
 COMMON         0x00002908        0x8 contiki-sky.a(sicslowpan.o)
                0x00002908                frag_sender
 COMMON         0x00002910        0x1 contiki-sky.a(tcpip.o)
                0x00002910                tcpip_event
 *fill*         0x00002911        0x1 00
 COMMON         0x00002912      0x15c contiki-sky.a(uip-ds6.o)
                0x00002912                uip_ds6_timer_ra
                0x0000291a                uip_ds6_if
                0x00002a06                uip_ds6_netif_addr_list_offset
                0x00002a07                uip_ds6_addr_size
                0x00002a08                uip_ds6_prefix_list
                0x00002a62                uip_ds6_timer_periodic
 COMMON         0x00002a6e      0x304 contiki-sky.a(uip6.o)
                0x00002a6e                uip_len
                0x00002a70                uip_sappdata
                0x00002a72                uip_acc32
                0x00002a76                uip_lladdr
                0x00002a7e                uip_aligned_buf
                0x00002b6e                uip_flags
                0x00002b70                uip_next_hdr
                0x00002b72                uip_udp_conn
                0x00002b74                uip_appdata
                0x00002b76                uip_conn
                0x00002b78                uip_conns
                0x00002c28                uip_listenports
                0x00002c38                uip_slen
                0x00002c3a                uip_udp_conns
 COMMON         0x00002d72        0x2 contiki-sky.a(contiki-sky-pla)
                0x00002d72                sensors_flags
 COMMON         0x00002d74        0x8 contiki-sky.a(ds2411.o)
                0x00002d74                ds2411_id
 COMMON         0x00002d7c        0x1 contiki-sky.a(sensors.o)
                0x00002d7c                sensors_event
 *fill*         0x00002d7d        0x1 00
 COMMON         0x00002d7e       0x14 contiki-sky.a(cc2420.o)
                0x00002d7e                cc2420_last_rssi
                0x00002d80                cc2420_packets_read
                0x00002d82                cc2420_packets_seen
                0x00002d84                cc2420_sfd_start_time
                0x00002d86                cc2420_time_of_departure
                0x00002d88                cc2420_time_of_arrival
                0x00002d8a                cc2420_last_correlation
                0x00002d8c                cc2420_authority_level_of_sender
                0x00002d8e                cc2420_sfd_counter
                0x00002d90                cc2420_sfd_end_time
 COMMON         0x00002d92        0x2 contiki-sky.a(msp430.o)
                0x00002d92                msp430_dco_required
                0x00002d94                . = ALIGN (0x2)
                0x00002d94                __bss_end = .
                0x00001bcc                __bss_size = SIZEOF (.bss)

.noinit         0x00002d94        0x2 load address 0x0000ed34
                0x00002d94                . = ALIGN (0x2)
                0x00002d94                __noinit_start = .
 *(.noinit .noinit.*)
 .noinit.crt0   0x00002d94        0x2 /usr/local/msp430/bin/../lib/gcc/msp430/4.7.0/mmpy-16/libcrt0.a(__watchdog_support.o)
                0x00002d94                __wdt_clear_value
                0x00002d96                . = ALIGN (0x2)
                0x00002d96                __noinit_end = .
                0x00002d96                . = ALIGN (0x2)
                0x00002d96                _end = .

.infomem        0x00001000        0x0
                0x00001000                . = ALIGN (0x2)
 *(.infomem .infomem.*)

.infomemnobits  0x00001000        0x0
                0x00001000                . = ALIGN (0x2)
 *(.infomemnobits .infomemnobits.*)

.infoa          0x00001080        0x0
                0x00001080                . = ALIGN (0x2)
 *(.infoa .infoa.*)

.infob          0x00001000        0x0
                0x00001000                . = ALIGN (0x2)
 *(.infob .infob.*)

.infoc          0x00000000        0x0
                0x00000000                . = ALIGN (0x2)
 *(.infoc .infoc.*)

.infod          0x00000000        0x0
                0x00000000                . = ALIGN (0x2)
 *(.infod .infod.*)

.vectors        0x0000ffe0       0x20
                0x0000ffe0                __vectors_start = .
 *(.vectors*)
 .vectors       0x0000ffe0       0x20 /usr/local/msp430/bin/../lib/gcc/msp430/4.7.0/mmpy-16/crt0ivtbl16.o
                0x0000ffe0                __ivtbl_16
                0x00010000                _vectors_end = .

.fartext        0x00000000        0x0
                0x00000000                . = ALIGN (0x2)
 *(.fartext .fartext.*)

.far.text       0x00000000        0x0
                0x00000000                . = ALIGN (0x2)
 *(.far.text .far.text.*)

.far.rodata     0x00000000        0x0
                0x00000000                . = ALIGN (0x2)
 *(.far.rodata .far.rodata.*)
                0x00000000                . = ALIGN (0x2)
                0x00000000                _efartext = .

.far.data       0x00000000        0x0
                0x00000000                . = ALIGN (0x2)
                0x00000000                __far_data_start = .
 *(.far.data .far.data.*)
                0x00000000                . = ALIGN (0x2)
                0x00000000                _efardata = .
                0x00000000                __far_data_load_start = LOADADDR (.far.data)
                0x00000000                __far_data_size = SIZEOF (.far.data)

.far.bss        0x00000000        0x0
                0x00000000                . = ALIGN (0x2)
                0x00000000                __far_bss_start = .
 *(.far.bss .far.bss.*)
                0x00000000                . = ALIGN (0x2)
                0x00000000                __far_bss_end = .
                0x00000000                __far_bss_size = SIZEOF (.far.bss)
                0x00000000                . = ALIGN (0x2)
                0x00000000                _far_end = .

.profiler
 *(.profiler)

.stab
 *(.stab)

.stabstr
 *(.stabstr)

.stab.excl
 *(.stab.excl)

.stab.exclstr
 *(.stab.exclstr)

.stab.index
 *(.stab.index)

.stab.indexstr
 *(.stab.indexstr)

.comment        0x00000000       0x30
 *(.comment)
 .comment       0x00000000       0x30 udp-server.co
                                 0x31 (size before relaxing)
 .comment       0x00000000       0x31 obj_sky/contiki-sky-main.o
 .comment       0x00000000       0x31 contiki-sky.a(rimeaddr.o)
 .comment       0x00000000       0x31 contiki-sky.a(csma.o)
 .comment       0x00000000       0x31 contiki-sky.a(contikimac.o)
 .comment       0x00000000       0x31 contiki-sky.a(phase.o)
 .comment       0x00000000       0x31 contiki-sky.a(rpl-dag.o)
 .comment       0x00000000       0x31 contiki-sky.a(rpl-icmp6.o)
 .comment       0x00000000       0x31 contiki-sky.a(rpl-timers.o)
 .comment       0x00000000       0x31 contiki-sky.a(rpl-mrhof.o)
 .comment       0x00000000       0x31 contiki-sky.a(process.o)
 .comment       0x00000000       0x31 contiki-sky.a(autostart.o)
 .comment       0x00000000       0x31 contiki-sky.a(compower.o)
 .comment       0x00000000       0x31 contiki-sky.a(memb.o)
 .comment       0x00000000       0x31 contiki-sky.a(timer.o)
 .comment       0x00000000       0x31 contiki-sky.a(list.o)
 .comment       0x00000000       0x31 contiki-sky.a(etimer.o)
 .comment       0x00000000       0x31 contiki-sky.a(ctimer.o)
 .comment       0x00000000       0x31 contiki-sky.a(energest.o)
 .comment       0x00000000       0x31 contiki-sky.a(rtimer.o)
 .comment       0x00000000       0x31 contiki-sky.a(stimer.o)
 .comment       0x00000000       0x31 contiki-sky.a(random.o)
 .comment       0x00000000       0x31 contiki-sky.a(nbr-table.o)
 .comment       0x00000000       0x31 contiki-sky.a(packetbuf.o)
 .comment       0x00000000       0x31 contiki-sky.a(queuebuf.o)
 .comment       0x00000000       0x31 contiki-sky.a(sicslowpan.o)
 .comment       0x00000000       0x31 contiki-sky.a(tcpip.o)
 .comment       0x00000000       0x31 contiki-sky.a(uip-debug.o)
 .comment       0x00000000       0x31 contiki-sky.a(uip-ds6-route.o)
 .comment       0x00000000       0x31 contiki-sky.a(uip-ds6-nbr.o)
 .comment       0x00000000       0x31 contiki-sky.a(uip-ds6.o)
 .comment       0x00000000       0x31 contiki-sky.a(uip-icmp6.o)
 .comment       0x00000000       0x31 contiki-sky.a(uip-nd6.o)
 .comment       0x00000000       0x31 contiki-sky.a(uip6.o)
 .comment       0x00000000       0x31 contiki-sky.a(contiki-sky-pla)
 .comment       0x00000000       0x31 contiki-sky.a(button-sensor.o)
 .comment       0x00000000       0x31 contiki-sky.a(ds2411.o)
 .comment       0x00000000       0x31 contiki-sky.a(xmem.o)
 .comment       0x00000000       0x31 contiki-sky.a(node-id.o)
 .comment       0x00000000       0x31 contiki-sky.a(sensors.o)
 .comment       0x00000000       0x31 contiki-sky.a(cc2420.o)
 .comment       0x00000000       0x31 contiki-sky.a(cc2420-arch.o)
 .comment       0x00000000       0x31 contiki-sky.a(uart1.o)
 .comment       0x00000000       0x31 contiki-sky.a(uart1-putchar.o)
 .comment       0x00000000       0x31 contiki-sky.a(msp430.o)
 .comment       0x00000000       0x31 contiki-sky.a(clock.o)
 .comment       0x00000000       0x31 contiki-sky.a(leds.o)
 .comment       0x00000000       0x31 contiki-sky.a(leds-arch.o)
 .comment       0x00000000       0x31 contiki-sky.a(watchdog.o)
 .comment       0x00000000       0x31 contiki-sky.a(rtimer-arch.o)
 .comment       0x00000000       0x31 contiki-sky.a(mac.o)
 .comment       0x00000000       0x31 contiki-sky.a(framer-802154.o)
 .comment       0x00000000       0x31 contiki-sky.a(rpl.o)
 .comment       0x00000000       0x31 contiki-sky.a(rpl-ext-header.)
 .comment       0x00000000       0x31 contiki-sky.a(spi.o)
 .comment       0x00000000       0x31 contiki-sky.a(frame802154.o)
 .comment       0x00000000       0x31 /usr/local/msp430/bin/../lib/gcc/msp430/4.7.0/../../../../msp430/lib/mmpy-16/libc.a(printf.o)
 .comment       0x00000000       0x31 /usr/local/msp430/bin/../lib/gcc/msp430/4.7.0/../../../../msp430/lib/mmpy-16/libc.a(vuprintf.o)
 .comment       0x00000000       0x31 /usr/local/msp430/bin/../lib/gcc/msp430/4.7.0/../../../../msp430/lib/mmpy-16/libc.a(puts.o)
 .comment       0x00000000       0x31 /usr/local/msp430/bin/../lib/gcc/msp430/4.7.0/../../../../msp430/lib/mmpy-16/libc.a(rand.o)
 .comment       0x00000000       0x31 /usr/local/msp430/bin/../lib/gcc/msp430/4.7.0/../../../../msp430/lib/mmpy-16/libc.a(memcmp.o)
 .comment       0x00000000       0x31 /usr/local/msp430/bin/../lib/gcc/msp430/4.7.0/../../../../msp430/lib/mmpy-16/libc.a(memcpy.o)
 .comment       0x00000000       0x31 /usr/local/msp430/bin/../lib/gcc/msp430/4.7.0/../../../../msp430/lib/mmpy-16/libc.a(memmove.o)
 .comment       0x00000000       0x31 /usr/local/msp430/bin/../lib/gcc/msp430/4.7.0/../../../../msp430/lib/mmpy-16/libc.a(memset.o)

.debug
 *(.debug)

.line
 *(.line)

.debug_srcinfo
 *(.debug_srcinfo)

.debug_sfnames
 *(.debug_sfnames)

.debug_aranges  0x00000000      0x1a0
 *(.debug_aranges)
 .debug_aranges
                0x00000000       0x14 /usr/local/msp430/bin/../lib/gcc/msp430/4.7.0/mmpy-16/crt0ivtbl16.o
 .debug_aranges
                0x00000014       0x14 /usr/local/msp430/bin/../lib/gcc/msp430/4.7.0/mmpy-16/libgcc.a(_mulsi3.o)
 .debug_aranges
                0x00000028       0x14 /usr/local/msp430/bin/../lib/gcc/msp430/4.7.0/mmpy-16/libgcc.a(_udivmod16.o)
 .debug_aranges
                0x0000003c       0x14 /usr/local/msp430/bin/../lib/gcc/msp430/4.7.0/mmpy-16/libgcc.a(_divmod16.o)
 .debug_aranges
                0x00000050       0x14 /usr/local/msp430/bin/../lib/gcc/msp430/4.7.0/mmpy-16/libgcc.a(_udivmod32.o)
 .debug_aranges
                0x00000064       0x18 /usr/local/msp430/bin/../lib/gcc/msp430/4.7.0/../../../../msp430/lib/mmpy-16/libc.a(printf.o)
 .debug_aranges
                0x0000007c       0x18 /usr/local/msp430/bin/../lib/gcc/msp430/4.7.0/../../../../msp430/lib/mmpy-16/libc.a(vuprintf.o)
 .debug_aranges
                0x00000094       0x14 /usr/local/msp430/bin/../lib/gcc/msp430/4.7.0/../../../../msp430/lib/mmpy-16/libc.a(puts.o)
 .debug_aranges
                0x000000a8       0x1c /usr/local/msp430/bin/../lib/gcc/msp430/4.7.0/../../../../msp430/lib/mmpy-16/libc.a(rand.o)
 .debug_aranges
                0x000000c4       0x14 /usr/local/msp430/bin/../lib/gcc/msp430/4.7.0/../../../../msp430/lib/mmpy-16/libc.a(memcmp.o)
 .debug_aranges
                0x000000d8       0x14 /usr/local/msp430/bin/../lib/gcc/msp430/4.7.0/../../../../msp430/lib/mmpy-16/libc.a(memcpy.o)
 .debug_aranges
                0x000000ec       0x14 /usr/local/msp430/bin/../lib/gcc/msp430/4.7.0/../../../../msp430/lib/mmpy-16/libc.a(memmove.o)
 .debug_aranges
                0x00000100       0x14 /usr/local/msp430/bin/../lib/gcc/msp430/4.7.0/../../../../msp430/lib/mmpy-16/libc.a(memset.o)
 .debug_aranges
                0x00000114       0x14 /usr/local/msp430/bin/../lib/gcc/msp430/4.7.0/mmpy-16/libgcc.a(_udivmod64.o)
 .debug_aranges
                0x00000128       0x14 /usr/local/msp430/bin/../lib/gcc/msp430/4.7.0/mmpy-16/libcrt0.a(__watchdog_support.o)
 .debug_aranges
                0x0000013c       0x14 /usr/local/msp430/bin/../lib/gcc/msp430/4.7.0/mmpy-16/libcrt0.a(__init_stack.o)
 .debug_aranges
                0x00000150       0x14 /usr/local/msp430/bin/../lib/gcc/msp430/4.7.0/mmpy-16/libcrt0.a(_copy_data.o)
 .debug_aranges
                0x00000164       0x14 /usr/local/msp430/bin/../lib/gcc/msp430/4.7.0/mmpy-16/libcrt0.a(_clear_bss.o)
 .debug_aranges
                0x00000178       0x14 /usr/local/msp430/bin/../lib/gcc/msp430/4.7.0/mmpy-16/libcrt0.a(_endless_loop__.o)
 .debug_aranges
                0x0000018c       0x14 /usr/local/msp430/bin/../lib/gcc/msp430/4.7.0/mmpy-16/libcrt0.a(_unexpected_.o)

.debug_pubnames
 *(.debug_pubnames)

.debug_info     0x00000000     0x14ba
 *(.debug_info)
 .debug_info    0x00000000       0x9b /usr/local/msp430/bin/../lib/gcc/msp430/4.7.0/mmpy-16/crt0ivtbl16.o
 .debug_info    0x0000009b       0x98 /usr/local/msp430/bin/../lib/gcc/msp430/4.7.0/mmpy-16/libgcc.a(_mulsi3.o)
 .debug_info    0x00000133       0x98 /usr/local/msp430/bin/../lib/gcc/msp430/4.7.0/mmpy-16/libgcc.a(_udivmod16.o)
 .debug_info    0x000001cb       0x98 /usr/local/msp430/bin/../lib/gcc/msp430/4.7.0/mmpy-16/libgcc.a(_divmod16.o)
 .debug_info    0x00000263       0x98 /usr/local/msp430/bin/../lib/gcc/msp430/4.7.0/mmpy-16/libgcc.a(_udivmod32.o)
 .debug_info    0x000002fb      0x16e /usr/local/msp430/bin/../lib/gcc/msp430/4.7.0/../../../../msp430/lib/mmpy-16/libc.a(printf.o)
 .debug_info    0x00000469      0x5d4 /usr/local/msp430/bin/../lib/gcc/msp430/4.7.0/../../../../msp430/lib/mmpy-16/libc.a(vuprintf.o)
 .debug_info    0x00000a3d       0xc7 /usr/local/msp430/bin/../lib/gcc/msp430/4.7.0/../../../../msp430/lib/mmpy-16/libc.a(puts.o)
 .debug_info    0x00000b04      0x146 /usr/local/msp430/bin/../lib/gcc/msp430/4.7.0/../../../../msp430/lib/mmpy-16/libc.a(rand.o)
 .debug_info    0x00000c4a       0xe5 /usr/local/msp430/bin/../lib/gcc/msp430/4.7.0/../../../../msp430/lib/mmpy-16/libc.a(memcmp.o)
 .debug_info    0x00000d2f      0x12c /usr/local/msp430/bin/../lib/gcc/msp430/4.7.0/../../../../msp430/lib/mmpy-16/libc.a(memcpy.o)
 .debug_info    0x00000e5b      0x12c /usr/local/msp430/bin/../lib/gcc/msp430/4.7.0/../../../../msp430/lib/mmpy-16/libc.a(memmove.o)
 .debug_info    0x00000f87      0x117 /usr/local/msp430/bin/../lib/gcc/msp430/4.7.0/../../../../msp430/lib/mmpy-16/libc.a(memset.o)
 .debug_info    0x0000109e       0x98 /usr/local/msp430/bin/../lib/gcc/msp430/4.7.0/mmpy-16/libgcc.a(_udivmod64.o)
 .debug_info    0x00001136       0x96 /usr/local/msp430/bin/../lib/gcc/msp430/4.7.0/mmpy-16/libcrt0.a(__watchdog_support.o)
 .debug_info    0x000011cc       0x96 /usr/local/msp430/bin/../lib/gcc/msp430/4.7.0/mmpy-16/libcrt0.a(__init_stack.o)
 .debug_info    0x00001262       0x96 /usr/local/msp430/bin/../lib/gcc/msp430/4.7.0/mmpy-16/libcrt0.a(_copy_data.o)
 .debug_info    0x000012f8       0x96 /usr/local/msp430/bin/../lib/gcc/msp430/4.7.0/mmpy-16/libcrt0.a(_clear_bss.o)
 .debug_info    0x0000138e       0x96 /usr/local/msp430/bin/../lib/gcc/msp430/4.7.0/mmpy-16/libcrt0.a(_endless_loop__.o)
 .debug_info    0x00001424       0x96 /usr/local/msp430/bin/../lib/gcc/msp430/4.7.0/mmpy-16/libcrt0.a(_unexpected_.o)
 *(.gnu.linkonce.wi.*)

.debug_abbrev   0x00000000      0x85b
 *(.debug_abbrev)
 .debug_abbrev  0x00000000       0x14 /usr/local/msp430/bin/../lib/gcc/msp430/4.7.0/mmpy-16/crt0ivtbl16.o
 .debug_abbrev  0x00000014       0x14 /usr/local/msp430/bin/../lib/gcc/msp430/4.7.0/mmpy-16/libgcc.a(_mulsi3.o)
 .debug_abbrev  0x00000028       0x14 /usr/local/msp430/bin/../lib/gcc/msp430/4.7.0/mmpy-16/libgcc.a(_udivmod16.o)
 .debug_abbrev  0x0000003c       0x14 /usr/local/msp430/bin/../lib/gcc/msp430/4.7.0/mmpy-16/libgcc.a(_divmod16.o)
 .debug_abbrev  0x00000050       0x14 /usr/local/msp430/bin/../lib/gcc/msp430/4.7.0/mmpy-16/libgcc.a(_udivmod32.o)
 .debug_abbrev  0x00000064       0xfa /usr/local/msp430/bin/../lib/gcc/msp430/4.7.0/../../../../msp430/lib/mmpy-16/libc.a(printf.o)
 .debug_abbrev  0x0000015e      0x23e /usr/local/msp430/bin/../lib/gcc/msp430/4.7.0/../../../../msp430/lib/mmpy-16/libc.a(vuprintf.o)
 .debug_abbrev  0x0000039c       0xa3 /usr/local/msp430/bin/../lib/gcc/msp430/4.7.0/../../../../msp430/lib/mmpy-16/libc.a(puts.o)
 .debug_abbrev  0x0000043f       0xfb /usr/local/msp430/bin/../lib/gcc/msp430/4.7.0/../../../../msp430/lib/mmpy-16/libc.a(rand.o)
 .debug_abbrev  0x0000053a       0x9e /usr/local/msp430/bin/../lib/gcc/msp430/4.7.0/../../../../msp430/lib/mmpy-16/libc.a(memcmp.o)
 .debug_abbrev  0x000005d8       0xab /usr/local/msp430/bin/../lib/gcc/msp430/4.7.0/../../../../msp430/lib/mmpy-16/libc.a(memcpy.o)
 .debug_abbrev  0x00000683       0xab /usr/local/msp430/bin/../lib/gcc/msp430/4.7.0/../../../../msp430/lib/mmpy-16/libc.a(memmove.o)
 .debug_abbrev  0x0000072e       0xa1 /usr/local/msp430/bin/../lib/gcc/msp430/4.7.0/../../../../msp430/lib/mmpy-16/libc.a(memset.o)
 .debug_abbrev  0x000007cf       0x14 /usr/local/msp430/bin/../lib/gcc/msp430/4.7.0/mmpy-16/libgcc.a(_udivmod64.o)
 .debug_abbrev  0x000007e3       0x14 /usr/local/msp430/bin/../lib/gcc/msp430/4.7.0/mmpy-16/libcrt0.a(__watchdog_support.o)
 .debug_abbrev  0x000007f7       0x14 /usr/local/msp430/bin/../lib/gcc/msp430/4.7.0/mmpy-16/libcrt0.a(__init_stack.o)
 .debug_abbrev  0x0000080b       0x14 /usr/local/msp430/bin/../lib/gcc/msp430/4.7.0/mmpy-16/libcrt0.a(_copy_data.o)
 .debug_abbrev  0x0000081f       0x14 /usr/local/msp430/bin/../lib/gcc/msp430/4.7.0/mmpy-16/libcrt0.a(_clear_bss.o)
 .debug_abbrev  0x00000833       0x14 /usr/local/msp430/bin/../lib/gcc/msp430/4.7.0/mmpy-16/libcrt0.a(_endless_loop__.o)
 .debug_abbrev  0x00000847       0x14 /usr/local/msp430/bin/../lib/gcc/msp430/4.7.0/mmpy-16/libcrt0.a(_unexpected_.o)

.debug_line     0x00000000      0xd8d
 *(.debug_line)
 .debug_line    0x00000000       0x64 /usr/local/msp430/bin/../lib/gcc/msp430/4.7.0/mmpy-16/crt0ivtbl16.o
 .debug_line    0x00000064       0x77 /usr/local/msp430/bin/../lib/gcc/msp430/4.7.0/mmpy-16/libgcc.a(_mulsi3.o)
 .debug_line    0x000000db       0x70 /usr/local/msp430/bin/../lib/gcc/msp430/4.7.0/mmpy-16/libgcc.a(_udivmod16.o)
 .debug_line    0x0000014b       0x7b /usr/local/msp430/bin/../lib/gcc/msp430/4.7.0/mmpy-16/libgcc.a(_divmod16.o)
 .debug_line    0x000001c6       0x7f /usr/local/msp430/bin/../lib/gcc/msp430/4.7.0/mmpy-16/libgcc.a(_udivmod32.o)
 .debug_line    0x00000245       0xa9 /usr/local/msp430/bin/../lib/gcc/msp430/4.7.0/../../../../msp430/lib/mmpy-16/libc.a(printf.o)
 .debug_line    0x000002ee      0x30a /usr/local/msp430/bin/../lib/gcc/msp430/4.7.0/../../../../msp430/lib/mmpy-16/libc.a(vuprintf.o)
 .debug_line    0x000005f8       0x65 /usr/local/msp430/bin/../lib/gcc/msp430/4.7.0/../../../../msp430/lib/mmpy-16/libc.a(puts.o)
 .debug_line    0x0000065d       0x68 /usr/local/msp430/bin/../lib/gcc/msp430/4.7.0/../../../../msp430/lib/mmpy-16/libc.a(rand.o)
 .debug_line    0x000006c5       0x8f /usr/local/msp430/bin/../lib/gcc/msp430/4.7.0/../../../../msp430/lib/mmpy-16/libc.a(memcmp.o)
 .debug_line    0x00000754      0x118 /usr/local/msp430/bin/../lib/gcc/msp430/4.7.0/../../../../msp430/lib/mmpy-16/libc.a(memcpy.o)
 .debug_line    0x0000086c      0x117 /usr/local/msp430/bin/../lib/gcc/msp430/4.7.0/../../../../msp430/lib/mmpy-16/libc.a(memmove.o)
 .debug_line    0x00000983       0xf2 /usr/local/msp430/bin/../lib/gcc/msp430/4.7.0/../../../../msp430/lib/mmpy-16/libc.a(memset.o)
 .debug_line    0x00000a75       0xc9 /usr/local/msp430/bin/../lib/gcc/msp430/4.7.0/mmpy-16/libgcc.a(_udivmod64.o)
 .debug_line    0x00000b3e       0x62 /usr/local/msp430/bin/../lib/gcc/msp430/4.7.0/mmpy-16/libcrt0.a(__watchdog_support.o)
 .debug_line    0x00000ba0       0x60 /usr/local/msp430/bin/../lib/gcc/msp430/4.7.0/mmpy-16/libcrt0.a(__init_stack.o)
 .debug_line    0x00000c00       0x66 /usr/local/msp430/bin/../lib/gcc/msp430/4.7.0/mmpy-16/libcrt0.a(_copy_data.o)
 .debug_line    0x00000c66       0x66 /usr/local/msp430/bin/../lib/gcc/msp430/4.7.0/mmpy-16/libcrt0.a(_clear_bss.o)
 .debug_line    0x00000ccc       0x61 /usr/local/msp430/bin/../lib/gcc/msp430/4.7.0/mmpy-16/libcrt0.a(_endless_loop__.o)
 .debug_line    0x00000d2d       0x60 /usr/local/msp430/bin/../lib/gcc/msp430/4.7.0/mmpy-16/libcrt0.a(_unexpected_.o)

.debug_frame    0x00000000      0x1e8
 *(.debug_frame)
 .debug_frame   0x00000000       0x2a /usr/local/msp430/bin/../lib/gcc/msp430/4.7.0/../../../../msp430/lib/mmpy-16/libc.a(printf.o)
 .debug_frame   0x0000002a       0xa0 /usr/local/msp430/bin/../lib/gcc/msp430/4.7.0/../../../../msp430/lib/mmpy-16/libc.a(vuprintf.o)
 .debug_frame   0x000000ca       0x24 /usr/local/msp430/bin/../lib/gcc/msp430/4.7.0/../../../../msp430/lib/mmpy-16/libc.a(puts.o)
 .debug_frame   0x000000ee       0x3c /usr/local/msp430/bin/../lib/gcc/msp430/4.7.0/../../../../msp430/lib/mmpy-16/libc.a(rand.o)
 .debug_frame   0x0000012a       0x28 /usr/local/msp430/bin/../lib/gcc/msp430/4.7.0/../../../../msp430/lib/mmpy-16/libc.a(memcmp.o)
 .debug_frame   0x00000152       0x32 /usr/local/msp430/bin/../lib/gcc/msp430/4.7.0/../../../../msp430/lib/mmpy-16/libc.a(memcpy.o)
 .debug_frame   0x00000184       0x32 /usr/local/msp430/bin/../lib/gcc/msp430/4.7.0/../../../../msp430/lib/mmpy-16/libc.a(memmove.o)
 .debug_frame   0x000001b6       0x32 /usr/local/msp430/bin/../lib/gcc/msp430/4.7.0/../../../../msp430/lib/mmpy-16/libc.a(memset.o)

.debug_str      0x00000000      0x3f1
 *(.debug_str)
 .debug_str     0x00000000       0xee /usr/local/msp430/bin/../lib/gcc/msp430/4.7.0/../../../../msp430/lib/mmpy-16/libc.a(printf.o)
                                0x136 (size before relaxing)
 .debug_str     0x000000ee      0x218 /usr/local/msp430/bin/../lib/gcc/msp430/4.7.0/../../../../msp430/lib/mmpy-16/libc.a(vuprintf.o)
                                0x381 (size before relaxing)