Archive member included because of file (symbol)

contiki-sky.a(rimeaddr.o)     obj_sky/contiki-sky-main.o (rimeaddr_copy)
contiki-sky.a(csma.o)         obj_sky/contiki-sky-main.o (csma_driver)
contiki-sky.a(contikimac.o)   obj_sky/contiki-sky-main.o (contikimac_driver)
contiki-sky.a(phase.o)        contiki-sky.a(contikimac.o) (phase_update)
contiki-sky.a(rpl-dag.o)      unicast-receiver.co (rpl_set_prefix)
contiki-sky.a(rpl-icmp6.o)    contiki-sky.a(rpl-dag.o) (dao_output)
contiki-sky.a(rpl-timers.o)   contiki-sky.a(rpl-dag.o) (rpl_reset_dio_timer)
contiki-sky.a(rpl-mrhof.o)    contiki-sky.a(rpl-dag.o) (rpl_mrhof)
contiki-sky.a(process.o)      obj_sky/contiki-sky-main.o (process_init)
contiki-sky.a(autostart.o)    obj_sky/contiki-sky-main.o (autostart_start)
contiki-sky.a(compower.o)     contiki-sky.a(contikimac.o) (compower_idle_activity)
contiki-sky.a(memb.o)         contiki-sky.a(csma.o) (memb_init)
contiki-sky.a(timer.o)        obj_sky/contiki-sky-main.o (timer_set)
contiki-sky.a(list.o)         contiki-sky.a(csma.o) (list_init)
contiki-sky.a(etimer.o)       obj_sky/contiki-sky-main.o (etimer_process)
contiki-sky.a(ctimer.o)       obj_sky/contiki-sky-main.o (ctimer_init)
contiki-sky.a(energest.o)     obj_sky/contiki-sky-main.o (energest_init)
contiki-sky.a(rtimer.o)       obj_sky/contiki-sky-main.o (rtimer_init)
contiki-sky.a(stimer.o)       contiki-sky.a(rpl-icmp6.o) (stimer_set)
contiki-sky.a(random.o)       obj_sky/contiki-sky-main.o (random_init)
contiki-sky.a(nbr-table.o)    contiki-sky.a(phase.o) (nbr_table_register)
contiki-sky.a(packetbuf.o)    contiki-sky.a(contikimac.o) (packetbuf_hdr_remove)
contiki-sky.a(queuebuf.o)     obj_sky/contiki-sky-main.o (queuebuf_init)
contiki-sky.a(sicslowpan.o)   obj_sky/contiki-sky-main.o (sicslowpan_driver)
contiki-sky.a(simple-udp.o)   unicast-receiver.co (simple_udp_register)
contiki-sky.a(tcpip.o)        contiki-sky.a(sicslowpan.o) (tcpip_set_outputfunc)
contiki-sky.a(uip-debug.o)    unicast-receiver.co (uip_debug_ipaddr_print)
contiki-sky.a(uip-ds6-route.o)
                              contiki-sky.a(rpl-icmp6.o) (uip_ds6_route_nexthop)
contiki-sky.a(uip-ds6-nbr.o)  contiki-sky.a(rpl-icmp6.o) (uip_ds6_nbr_add)
contiki-sky.a(uip-ds6.o)      contiki-sky.a(tcpip.o) (uip_ds6_is_addr_onlink)
contiki-sky.a(uip-icmp6.o)    contiki-sky.a(rpl-icmp6.o) (uip_icmp6_send)
contiki-sky.a(uip-nd6.o)      contiki-sky.a(tcpip.o) (uip_nd6_ns_output)
contiki-sky.a(uip-udp-packet.)
                              contiki-sky.a(simple-udp.o) (uip_udp_packet_sendto)
contiki-sky.a(uip6.o)         contiki-sky.a(rpl-icmp6.o) (uip_aligned_buf)
contiki-sky.a(servreg-hack.o)
                              unicast-receiver.co (servreg_hack_init)
contiki-sky.a(contiki-sky-pla)
                              obj_sky/contiki-sky-main.o (init_platform)
contiki-sky.a(button-sensor.o)
                              contiki-sky.a(contiki-sky-pla) (button_sensor)
contiki-sky.a(ds2411.o)       obj_sky/contiki-sky-main.o (ds2411_init)
contiki-sky.a(xmem.o)         obj_sky/contiki-sky-main.o (xmem_init)
contiki-sky.a(node-id.o)      obj_sky/contiki-sky-main.o (node_id_restore)
contiki-sky.a(sensors.o)      contiki-sky.a(button-sensor.o) (sensors_changed)
contiki-sky.a(cc2420.o)       obj_sky/contiki-sky-main.o (cc2420_set_pan_addr)
contiki-sky.a(cc2420-arch.o)  contiki-sky.a(cc2420.o) (cc2420_arch_init)
contiki-sky.a(uart1.o)        obj_sky/contiki-sky-main.o (uart1_active)
contiki-sky.a(uart1-putchar.o)
                              unicast-receiver.co (putchar)
contiki-sky.a(msp430.o)       contiki-sky.a(uart1.o) (msp430_add_lpm_req)
contiki-sky.a(clock.o)        contiki-sky.a(timer.o) (clock_time)
contiki-sky.a(leds.o)         obj_sky/contiki-sky-main.o (leds_init)
contiki-sky.a(leds-arch.o)    contiki-sky.a(leds.o) (leds_arch_init)
contiki-sky.a(watchdog.o)     obj_sky/contiki-sky-main.o (watchdog_start)
contiki-sky.a(rtimer-arch.o)  contiki-sky.a(rtimer.o) (rtimer_arch_init)
contiki-sky.a(mac.o)          contiki-sky.a(csma.o) (mac_call_sent_callback)
contiki-sky.a(framer-802154.o)
                              contiki-sky.a(contikimac.o) (framer_802154)
contiki-sky.a(rpl.o)          contiki-sky.a(rpl-timers.o) (rpl_purge_routes)
contiki-sky.a(rpl-ext-header.)
                              contiki-sky.a(uip6.o) (rpl_verify_header)
contiki-sky.a(spi.o)          contiki-sky.a(xmem.o) (spi_init)
contiki-sky.a(frame802154.o)  contiki-sky.a(framer-802154.o) (frame802154_hdrlen)
/usr/local/msp430/bin/../lib/gcc/msp430/4.7.0/mmpy-16/libgcc.a(_mulsi3.o)
                              contiki-sky.a(csma.o) (__mulsi3)
/usr/local/msp430/bin/../lib/gcc/msp430/4.7.0/mmpy-16/libgcc.a(_udivmod16.o)
                              contiki-sky.a(rpl-dag.o) (__udivhi3)
/usr/local/msp430/bin/../lib/gcc/msp430/4.7.0/mmpy-16/libgcc.a(_divmod16.o)
                              contiki-sky.a(nbr-table.o) (__divhi3)
/usr/local/msp430/bin/../lib/gcc/msp430/4.7.0/mmpy-16/libgcc.a(_udivmod32.o)
[...]
Memory Configuration

Name             Origin             Length             Attributes
sfr              0x00000000         0x00000010
peripheral_8bit  0x00000010         0x000000f0
peripheral_16bit 0x00000100         0x00000100
ram_mirror       0x00000200         0x00000800         xw
infomem          0x00001000         0x00000100
infob            0x00001000         0x00000080
infoa            0x00001080         0x00000080
ram              0x00001100         0x00002800         xw
rom              0x00004000         0x0000bfe0         xr
vectors          0x0000ffe0         0x00000020
bsl              0x00000000         0x00000000
infoc            0x00000000         0x00000000
infod            0x00000000         0x00000000
ram2             0x00000000         0x00000000         xw
usbram           0x00000000         0x00000000         xw
far_rom          0x00000000         0x00000000
*default*        0x00000000         0xffffffff

Linker script and memory map

LOAD /usr/local/msp430/bin/../lib/gcc/msp430/4.7.0/mmpy-16/crt0ivtbl16.o
LOAD unicast-receiver.co
LOAD obj_sky/contiki-sky-main.o
LOAD contiki-sky.a
LOAD /usr/local/msp430/bin/../lib/gcc/msp430/4.7.0/mmpy-16/libgcc.a
LOAD /usr/local/msp430/bin/../lib/gcc/msp430/4.7.0/../../../../msp430/lib/mmpy-16/libc.a
LOAD /usr/local/msp430/bin/../lib/gcc/msp430/4.7.0/mmpy-16/libgcc.a
LOAD /usr/local/msp430/bin/../lib/gcc/msp430/4.7.0/mmpy-16/libcrt0.a
                0x00000080                PROVIDE (__info_segment_size, 0x80)
                0x00001000                PROVIDE (__infob, 0x1000)
                0x00001080                PROVIDE (__infoa, 0x1080)
                0x00000000                __IE1 = 0x0
                0x00000002                __IFG1 = 0x2
                0x00000004                __ME1 = 0x4
                0x00000001                __IE2 = 0x1
                0x00000003                __IFG2 = 0x3
                0x00000005                __ME2 = 0x5
                0x00000120                __WDTCTL = 0x120
                0x00000130                __MPY = 0x130
                0x00000132                __MPYS = 0x132
                0x00000134                __MAC = 0x134
                0x00000136                __MACS = 0x136
                0x00000138                __OP2 = 0x138
                0x0000013a                __RESLO = 0x13a
                0x0000013c                __RESHI = 0x13c
                0x0000013e                __SUMEXT = 0x13e
                0x00000020                __P1IN = 0x20
                0x00000021                __P1OUT = 0x21
                0x00000022                __P1DIR = 0x22
                0x00000023                __P1IFG = 0x23
                0x00000024                __P1IES = 0x24
                0x00000025                __P1IE = 0x25
                0x00000026                __P1SEL = 0x26
                0x00000028                __P2IN = 0x28
                0x00000029                __P2OUT = 0x29
                0x0000002a                __P2DIR = 0x2a
                0x0000002b                __P2IFG = 0x2b
                0x0000002c                __P2IES = 0x2c
                0x0000002d                __P2IE = 0x2d
                0x0000002e                __P2SEL = 0x2e
                0x00000018                __P3IN = 0x18
                0x00000019                __P3OUT = 0x19
                0x0000001a                __P3DIR = 0x1a
                0x0000001b                __P3SEL = 0x1b
                0x0000001c                __P4IN = 0x1c
                0x0000001d                __P4OUT = 0x1d
                0x0000001e                __P4DIR = 0x1e
                0x0000001f                __P4SEL = 0x1f
                0x00000030                __P5IN = 0x30
                0x00000031                __P5OUT = 0x31
                0x00000032                __P5DIR = 0x32
                0x00000033                __P5SEL = 0x33
                0x00000034                __P6IN = 0x34
                0x00000035                __P6OUT = 0x35
                0x00000036                __P6DIR = 0x36
                0x00000037                __P6SEL = 0x37
                0x00000070                __U0CTL = 0x70
                0x00000071                __U0TCTL = 0x71
                0x00000072                __U0RCTL = 0x72
                0x00000073                __U0MCTL = 0x73
                0x00000074                __U0BR0 = 0x74
                0x00000075                __U0BR1 = 0x75
                0x00000076                __U0RXBUF = 0x76
                0x00000077                __U0TXBUF = 0x77
                0x00000078                __U1CTL = 0x78
                0x00000079                __U1TCTL = 0x79
                0x0000007a                __U1RCTL = 0x7a
                0x0000007b                __U1MCTL = 0x7b
                0x0000007c                __U1BR0 = 0x7c
                0x0000007d                __U1BR1 = 0x7d
                0x0000007e                __U1RXBUF = 0x7e
                0x0000007f                __U1TXBUF = 0x7f
                0x00000050                __I2CIE = 0x50
                0x00000051                __I2CIFG = 0x51
                0x00000052                __I2CNDAT = 0x52
                0x00000071                __I2CTCTL = 0x71
                0x00000072                __I2CDCTL = 0x72
                0x00000073                __I2CPSC = 0x73
                0x00000074                __I2CSCLH = 0x74
                0x00000075                __I2CSCLL = 0x75
                0x00000076                __I2CDRB = 0x76
                0x00000076                __I2CDRW = 0x76
                0x00000118                __I2COA = 0x118
                0x0000011a                __I2CSA = 0x11a
                0x0000011c                __I2CIV = 0x11c
                0x0000012e                __TAIV = 0x12e
                0x00000160                __TACTL = 0x160
                0x00000162                __TACCTL0 = 0x162
                0x00000164                __TACCTL1 = 0x164
                0x00000166                __TACCTL2 = 0x166
                0x00000170                __TAR = 0x170
                0x00000172                __TACCR0 = 0x172
                0x00000174                __TACCR1 = 0x174
                0x00000176                __TACCR2 = 0x176
                0x0000011e                __TBIV = 0x11e
                0x00000180                __TBCTL = 0x180
                0x00000182                __TBCCTL0 = 0x182
                0x00000184                __TBCCTL1 = 0x184
                0x00000186                __TBCCTL2 = 0x186
                0x00000188                __TBCCTL3 = 0x188
                0x0000018a                __TBCCTL4 = 0x18a
                0x0000018c                __TBCCTL5 = 0x18c
                0x0000018e                __TBCCTL6 = 0x18e
                0x00000190                __TBR = 0x190
                0x00000192                __TBCCR0 = 0x192
                0x00000194                __TBCCR1 = 0x194
                0x00000196                __TBCCR2 = 0x196
                0x00000198                __TBCCR3 = 0x198
                0x0000019a                __TBCCR4 = 0x19a
                0x0000019c                __TBCCR5 = 0x19c
                0x0000019e                __TBCCR6 = 0x19e
                0x00000056                __DCOCTL = 0x56
                0x00000057                __BCSCTL1 = 0x57
                0x00000058                __BCSCTL2 = 0x58
                0x00000055                __SVSCTL = 0x55
                0x00000128                __FCTL1 = 0x128
                0x0000012a                __FCTL2 = 0x12a
                0x0000012c                __FCTL3 = 0x12c
                0x00000059                __CACTL1 = 0x59
                0x0000005a                __CACTL2 = 0x5a
                0x0000005b                __CAPD = 0x5b
                0x000001a0                __ADC12CTL0 = 0x1a0
                0x000001a2                __ADC12CTL1 = 0x1a2
                0x000001a4                __ADC12IFG = 0x1a4
                0x000001a6                __ADC12IE = 0x1a6
                0x000001a8                __ADC12IV = 0x1a8
                0x00000140                __ADC12MEM0 = 0x140
                0x00000142                __ADC12MEM1 = 0x142
                0x00000144                __ADC12MEM2 = 0x144
                0x00000146                __ADC12MEM3 = 0x146
                0x00000148                __ADC12MEM4 = 0x148
                0x0000014a                __ADC12MEM5 = 0x14a
                0x0000014c                __ADC12MEM6 = 0x14c
                0x0000014e                __ADC12MEM7 = 0x14e
                0x00000150                __ADC12MEM8 = 0x150
                0x00000152                __ADC12MEM9 = 0x152
                0x00000154                __ADC12MEM10 = 0x154
                0x00000156                __ADC12MEM11 = 0x156
                0x00000158                __ADC12MEM12 = 0x158
                0x0000015a                __ADC12MEM13 = 0x15a
                0x0000015c                __ADC12MEM14 = 0x15c
                0x0000015e                __ADC12MEM15 = 0x15e
                0x00000080                __ADC12MCTL0 = 0x80
                0x00000081                __ADC12MCTL1 = 0x81
                0x00000082                __ADC12MCTL2 = 0x82
                0x00000083                __ADC12MCTL3 = 0x83
                0x00000084                __ADC12MCTL4 = 0x84
                0x00000085                __ADC12MCTL5 = 0x85
                0x00000086                __ADC12MCTL6 = 0x86
                0x00000087                __ADC12MCTL7 = 0x87
                0x00000088                __ADC12MCTL8 = 0x88
                0x00000089                __ADC12MCTL9 = 0x89
                0x0000008a                __ADC12MCTL10 = 0x8a
                0x0000008b                __ADC12MCTL11 = 0x8b
                0x0000008c                __ADC12MCTL12 = 0x8c
                0x0000008d                __ADC12MCTL13 = 0x8d
                0x0000008e                __ADC12MCTL14 = 0x8e
                0x0000008f                __ADC12MCTL15 = 0x8f
                0x000001c0                __DAC12_0CTL = 0x1c0
                0x000001c2                __DAC12_1CTL = 0x1c2
                0x000001c8                __DAC12_0DAT = 0x1c8
                0x000001ca                __DAC12_1DAT = 0x1ca
                0x00000122                __DMACTL0 = 0x122
                0x00000124                __DMACTL1 = 0x124
                0x000001e0                __DMA0CTL = 0x1e0
                0x000001e8                __DMA1CTL = 0x1e8
                0x000001f0                __DMA2CTL = 0x1f0
                0x000001e2                __DMA0SA = 0x1e2
                0x000001e4                __DMA0DA = 0x1e4
                0x000001e6                __DMA0SZ = 0x1e6
                0x000001ea                __DMA1SA = 0x1ea
                0x000001ec                __DMA1DA = 0x1ec
                0x000001ee                __DMA1SZ = 0x1ee
                0x000001f2                __DMA2SA = 0x1f2
                0x000001f4                __DMA2DA = 0x1f4
                0x000001f6                __DMA2SZ = 0x1f6

.hash
 *(.hash)

.dynsym
 *(.dynsym)

.dynstr
 *(.dynstr)

.gnu.version
 *(.gnu.version)

.gnu.version_d
 *(.gnu.version_d)

.gnu.version_r
 *(.gnu.version_r)

.rel.init
 *(.rel.init)

.rela.init
 *(.rela.init)

.rel.fini
 *(.rel.fini)

.rela.fini
 *(.rela.fini)

.rel.text
 *(.rel.text .rel.text.* .rel.gnu.linkonce.t.*)

.rela.text
 *(.rela.text .rela.text.* .rela.gnu.linkonce.t.*)

.rel.rodata
 *(.rel.rodata .rel.rodata.* .rel.gnu.linkonce.r.*)

.rela.rodata
 *(.rela.rodata .rela.rodata.* .rela.gnu.linkonce.r.*)

.rel.data
 *(.rel.data .rel.data.* .rel.gnu.linkonce.d.*)

.rela.data
 *(.rela.data .rela.data.* .rela.gnu.linkonce.d.*)

.rel.bss
 *(.rel.bss .rel.bss.* .rel.gnu.linkonce.b.*)

.rela.bss
 *(.rela.bss .rela.bss.* .rela.gnu.linkonce.b.*)

.rel.ctors
 *(.rel.ctors)

.rela.ctors
 *(.rela.ctors)

.rel.dtors
 *(.rel.dtors)

.rela.dtors
 *(.rela.dtors)

.rel.got
 *(.rel.got)

.rela.got
 *(.rela.got)

.rel.plt
 *(.rel.plt)

.rela.plt
 *(.rela.plt)

.text           0x00004000     0xad9e
                0x00004000                . = ALIGN (0x2)
 *(.init .init.*)
 *(.init0)
 .init0         0x00004000        0x0 /usr/local/msp430/bin/../lib/gcc/msp430/4.7.0/mmpy-16/libcrt0.a(_reset_vector__.o)
                0x00004000                _reset_vector__
 *(.init1)
 .init1         0x00004000        0xc /usr/local/msp430/bin/../lib/gcc/msp430/4.7.0/mmpy-16/libcrt0.a(__watchdog_support.o)
                0x00004000                __watchdog_support
 *(.init2)
 .init2         0x0000400c        0x4 /usr/local/msp430/bin/../lib/gcc/msp430/4.7.0/mmpy-16/libcrt0.a(__init_stack.o)
                0x0000400c                __init_stack
 *(.init3)
 .init3         0x00004010        0x0 /usr/local/msp430/bin/../lib/gcc/msp430/4.7.0/mmpy-16/libcrt0.a(__low_level_init.o)
                0x00004010                __low_level_init
 *(.init4)
 .init4         0x00004010       0x18 /usr/local/msp430/bin/../lib/gcc/msp430/4.7.0/mmpy-16/libcrt0.a(_copy_data.o)
                0x00004010                __do_copy_data
 .init4         0x00004028       0x16 /usr/local/msp430/bin/../lib/gcc/msp430/4.7.0/mmpy-16/libcrt0.a(_clear_bss.o)
                0x00004028                __do_clear_bss
 *(.init5)
 *(.init6)
 *(.init7)
 *(.init8)
 *(.init9)
 .init9         0x0000403e      0x35e obj_sky/contiki-sky-main.o
                0x0000403e                main
 *(.fini9)
 .fini9         0x0000439c        0x0 /usr/local/msp430/bin/../lib/gcc/msp430/4.7.0/mmpy-16/libcrt0.a(__stop_progExec__.o)
                0x0000439c                __stop_progExec__
 *(.fini8)
 *(.fini7)
 *(.fini6)
 *(.fini5)
 *(.fini4)
 *(.fini3)
 *(.fini2)
 *(.fini1)
 *(.fini0)
 .fini0         0x0000439c        0x6 /usr/local/msp430/bin/../lib/gcc/msp430/4.7.0/mmpy-16/libcrt0.a(_endless_loop__.o)
                0x0000439c                _endless_loop__
 *(.fini .fini.*)
                0x000043a2                . = ALIGN (0x2)
                0x000043a2                __ctors_start = .
 *(.ctors)
                0x000043a2                __ctors_end = .
                0x000043a2                __dtors_start = .
 *(.dtors)
                0x000043a2                __dtors_end = .
                0x000043a2                . = ALIGN (0x2)
 *(.text .text.* .gnu.linkonce.t.*)
 .text          0x000043a2        0x4 /usr/local/msp430/bin/../lib/gcc/msp430/4.7.0/mmpy-16/crt0ivtbl16.o
                0x000043a2                __isr_14
                0x000043a2                __isr_11
                0x000043a2                __isr_2
                0x000043a2                __isr_7
                0x000043a2                __isr_0
                0x000043a2                __isr_8
                0x000043a2                __isr_3
                0x000043a2                __isr_12
                0x000043a2                __isr_13
                0x000043a2                __isr_9
 .text.receiver
                0x000043a6       0x38 unicast-receiver.co
 .text.process_thread_unicast_receiver_process
                0x000043de      0x138 unicast-receiver.co
 .text.rimeaddr_copy
                0x00004516        0x8 contiki-sky.a(rimeaddr.o)
                0x00004516                rimeaddr_copy
 .text.rimeaddr_cmp
                0x0000451e       0x12 contiki-sky.a(rimeaddr.o)
                0x0000451e                rimeaddr_cmp
 .text.rimeaddr_set_node_addr
                0x00004530        0xc contiki-sky.a(rimeaddr.o)
                0x00004530                rimeaddr_set_node_addr
 .text.input_packet
                0x0000453c        0x6 contiki-sky.a(csma.o)
 .text.on       0x00004542        0x6 contiki-sky.a(csma.o)
 .text.off      0x00004548        0x6 contiki-sky.a(csma.o)
 .text.channel_check_interval
                0x0000454e       0x10 contiki-sky.a(csma.o)
 .text.transmit_packet_list
                0x0000455e       0x24 contiki-sky.a(csma.o)
 .text.init     0x00004582       0x1a contiki-sky.a(csma.o)
 .text.send_packet
                0x0000459c      0x164 contiki-sky.a(csma.o)
 .text.free_packet
                0x00004700       0x9c contiki-sky.a(csma.o)
 .text.packet_sent
                0x0000479c      0x132 contiki-sky.a(csma.o)
 .text.duty_cycle
                0x000048ce        0x6 contiki-sky.a(contikimac.o)
 .text.init     0x000048d4       0x2e contiki-sky.a(contikimac.o)
 .text.on       0x00004902       0x1a contiki-sky.a(contikimac.o)
 .text.off      0x0000491c       0x22 contiki-sky.a(contikimac.o)
 .text.recv_burst_off
                0x0000493e        0xa contiki-sky.a(contikimac.o)
 .text.turn_off
                0x00004948       0x20 contiki-sky.a(contikimac.o)
 .text.turn_on  0x00004968       0x30 contiki-sky.a(contikimac.o)
 .text.schedule_powercycle_fixed.part.4
                0x00004998       0x34 contiki-sky.a(contikimac.o)
 .text.powercycle_turn_radio_off
                0x000049cc       0x30 contiki-sky.a(contikimac.o)
 .text.input_packet
                0x000049fc      0x11a contiki-sky.a(contikimac.o)
 .text.send_packet
                0x00004b16      0x2ac contiki-sky.a(contikimac.o)
 .text.qsend_list
                0x00004dc2       0x82 contiki-sky.a(contikimac.o)
 .text.qsend_packet
                0x00004e44       0x28 contiki-sky.a(contikimac.o)
 .text.powercycle
                0x00004e6c      0x1de contiki-sky.a(contikimac.o)
 .text.send_packet
                0x0000504a       0x44 contiki-sky.a(phase.o)
 .text.phase_update
                0x0000508e       0x92 contiki-sky.a(phase.o)
                0x0000508e                phase_update
 .text.phase_wait
                0x00005120       0xf2 contiki-sky.a(phase.o)
                0x00005120                phase_wait
 .text.phase_init
                0x00005212       0x14 contiki-sky.a(phase.o)
                0x00005212                phase_init
 .text.lollipop_greater_than
                0x00005226       0x3c contiki-sky.a(rpl-dag.o)
 .text.find_parent_any_dag_any_instance
                0x00005262       0x14 contiki-sky.a(rpl-dag.o)
 .text.rpl_set_preferred_parent
                0x00005276       0x30 contiki-sky.a(rpl-dag.o)
 .text.set_ip_from_prefix
                0x000052a6       0x38 contiki-sky.a(rpl-dag.o)
 .text.check_prefix
                0x000052de       0x80 contiki-sky.a(rpl-dag.o)
 .text.rpl_dag_init
                0x0000535e        0xe contiki-sky.a(rpl-dag.o)
                0x0000535e                rpl_dag_init
 .text.rpl_get_parent_ipaddr
                0x0000536c       0x10 contiki-sky.a(rpl-dag.o)
                0x0000536c                rpl_get_parent_ipaddr
 .text.rpl_set_prefix
                0x0000537c       0x8e contiki-sky.a(rpl-dag.o)
                0x0000537c                rpl_set_prefix
 .text.rpl_set_default_route
                0x0000540a       0x64 contiki-sky.a(rpl-dag.o)
                0x0000540a                rpl_set_default_route
 .text.rpl_alloc_instance
                0x0000546e       0x2c contiki-sky.a(rpl-dag.o)
                0x0000546e                rpl_alloc_instance
 .text.rpl_add_parent
                0x0000549a       0x3c contiki-sky.a(rpl-dag.o)
                0x0000549a                rpl_add_parent
 .text.rpl_find_parent
                0x000054d6       0x1c contiki-sky.a(rpl-dag.o)
                0x000054d6                rpl_find_parent
 .text.rpl_find_parent_any_dag
                0x000054f2       0x24 contiki-sky.a(rpl-dag.o)
                0x000054f2                rpl_find_parent_any_dag
 .text.rpl_select_parent
                0x00005516       0x5c contiki-sky.a(rpl-dag.o)
                0x00005516                rpl_select_parent
 .text.rpl_select_dag
                0x00005572      0x1ae contiki-sky.a(rpl-dag.o)
                0x00005572                rpl_select_dag
 .text.rpl_nullify_parent
                0x00005720       0x4e contiki-sky.a(rpl-dag.o)
                0x00005720                rpl_nullify_parent
 .text.rpl_remove_parent
                0x0000576e       0x16 contiki-sky.a(rpl-dag.o)
                0x0000576e                rpl_remove_parent
 .text.remove_parents.constprop.5
                0x00005784       0x32 contiki-sky.a(rpl-dag.o)
 .text.rpl_free_dag
                0x000057b6       0x34 contiki-sky.a(rpl-dag.o)
                0x000057b6                rpl_free_dag
 .text.rpl_free_instance
                0x000057ea       0x5c contiki-sky.a(rpl-dag.o)
                0x000057ea                rpl_free_instance
 .text.rpl_move_parent
                0x00005846       0x6e contiki-sky.a(rpl-dag.o)
                0x00005846                rpl_move_parent
 .text.rpl_get_any_dag
                0x000058b4       0x16 contiki-sky.a(rpl-dag.o)
                0x000058b4                rpl_get_any_dag
 .text.rpl_get_instance
                0x000058ca       0x16 contiki-sky.a(rpl-dag.o)
                0x000058ca                rpl_get_instance
 .text.get_dag  0x000058e0       0x58 contiki-sky.a(rpl-dag.o)
 .text.rpl_alloc_dag
                0x00005938       0x66 contiki-sky.a(rpl-dag.o)
                0x00005938                rpl_alloc_dag
 .text.rpl_set_root
                0x0000599e       0xe8 contiki-sky.a(rpl-dag.o)
                0x0000599e                rpl_set_root
 .text.rpl_repair_root
                0x00005a86       0x4c contiki-sky.a(rpl-dag.o)
                0x00005a86                rpl_repair_root
 .text.rpl_find_of
                0x00005ad2       0x10 contiki-sky.a(rpl-dag.o)
                0x00005ad2                rpl_find_of
 .text.rpl_join_instance
                0x00005ae2      0x13c contiki-sky.a(rpl-dag.o)
                0x00005ae2                rpl_join_instance
 .text.rpl_local_repair
                0x00005c1e       0x80 contiki-sky.a(rpl-dag.o)
                0x00005c1e                rpl_local_repair
 .text.rpl_process_parent_event
                0x00005c9e       0x80 contiki-sky.a(rpl-dag.o)
                0x00005c9e                rpl_process_parent_event
 .text.rpl_recalculate_ranks
                0x00005d1e       0x42 contiki-sky.a(rpl-dag.o)
                0x00005d1e                rpl_recalculate_ranks
 .text.rpl_add_dag
                0x00005d60      0x112 contiki-sky.a(rpl-dag.o)
                0x00005d60                rpl_add_dag
 .text.rpl_process_dio
                0x00005e72      0x274 contiki-sky.a(rpl-dag.o)
                0x00005e72                rpl_process_dio
 .text.get32    0x000060e6       0x46 contiki-sky.a(rpl-icmp6.o)
 .text.set32    0x0000612c       0x2a contiki-sky.a(rpl-icmp6.o)
 .text.get16    0x00006156        0xe contiki-sky.a(rpl-icmp6.o)
 .text.set16    0x00006164       0x10 contiki-sky.a(rpl-icmp6.o)
 .text.dis_output
                0x00006174       0x50 contiki-sky.a(rpl-icmp6.o)
                0x00006174                dis_output
 .text.dio_output
                0x000061c4      0x264 contiki-sky.a(rpl-icmp6.o)
                0x000061c4                dio_output
 .text.dao_output_target
                0x00006428       0xdc contiki-sky.a(rpl-icmp6.o)
                0x00006428                dao_output_target
 .text.dao_output
                0x00006504       0x7e contiki-sky.a(rpl-icmp6.o)
                0x00006504                dao_output
 .text.dao_ack_output
                0x00006582       0x32 contiki-sky.a(rpl-icmp6.o)
                0x00006582                dao_ack_output
 .text.uip_rpl_input
                0x000065b4      0x52a contiki-sky.a(rpl-icmp6.o)
                0x000065b4                uip_rpl_input
 .text.new_dio_interval
                0x00006ade       0x92 contiki-sky.a(rpl-timers.o)
 .text.handle_periodic_timer
                0x00006b70       0x2e contiki-sky.a(rpl-timers.o)
 .text.handle_dao_timer
                0x00006b9e       0x50 contiki-sky.a(rpl-timers.o)
 .text.handle_dio_timer
                0x00006bee       0x82 contiki-sky.a(rpl-timers.o)
 .text.rpl_reset_periodic_timer
                0x00006c70       0x54 contiki-sky.a(rpl-timers.o)
                0x00006c70                rpl_reset_periodic_timer
 .text.rpl_reset_dio_timer
                0x00006cc4       0x18 contiki-sky.a(rpl-timers.o)
                0x00006cc4                rpl_reset_dio_timer
 .text.rpl_schedule_dao
                0x00006cdc       0x4e contiki-sky.a(rpl-timers.o)
                0x00006cdc                rpl_schedule_dao
 .text.reset    0x00006d2a        0x2 contiki-sky.a(rpl-mrhof.o)
 .text.neighbor_link_callback
                0x00006d2c       0x86 contiki-sky.a(rpl-mrhof.o)
 .text.calculate_rank
                0x00006db2       0x2c contiki-sky.a(rpl-mrhof.o)
 .text.update_metric_container
                0x00006dde        0x6 contiki-sky.a(rpl-mrhof.o)
 .text.best_dag
                0x00006de4       0x2e contiki-sky.a(rpl-mrhof.o)
 .text.best_parent
                0x00006e12       0x52 contiki-sky.a(rpl-mrhof.o)
 .text.call_process
                0x00006e64       0x46 contiki-sky.a(process.o)
 .text.exit_process
                0x00006eaa       0x96 contiki-sky.a(process.o)
 .text.do_poll  0x00006f40       0x30 contiki-sky.a(process.o)
 .text.process_alloc_event
                0x00006f70        0xe contiki-sky.a(process.o)
                0x00006f70                process_alloc_event
 .text.process_init
                0x00006f7e       0x1c contiki-sky.a(process.o)
                0x00006f7e                process_init
 .text.process_run
                0x00006f9a       0xa2 contiki-sky.a(process.o)
                0x00006f9a                process_run
 .text.process_nevents
                0x0000703c        0xe contiki-sky.a(process.o)
                0x0000703c                process_nevents
 .text.process_post
                0x0000704a       0x54 contiki-sky.a(process.o)
                0x0000704a                process_post
 .text.process_post_synch
                0x0000709e       0x12 contiki-sky.a(process.o)
                0x0000709e                process_post_synch
 .text.process_start
                0x000070b0       0x36 contiki-sky.a(process.o)
                0x000070b0                process_start
 .text.process_poll
                0x000070e6       0x18 contiki-sky.a(process.o)
                0x000070e6                process_poll
 .text.autostart_start
                0x000070fe       0x16 contiki-sky.a(autostart.o)
                0x000070fe                autostart_start
 .text.compower_accumulate
                0x00007114       0x72 contiki-sky.a(compower.o)
                0x00007114                compower_accumulate
 .text.compower_clear
                0x00007186       0x12 contiki-sky.a(compower.o)
                0x00007186                compower_clear
 .text.compower_attrconv
                0x00007198       0x10 contiki-sky.a(compower.o)
                0x00007198                compower_attrconv
 .text.memb_init
                0x000071a8       0x36 contiki-sky.a(memb.o)
                0x000071a8                memb_init
 .text.memb_alloc
                0x000071de       0x3e contiki-sky.a(memb.o)
                0x000071de                memb_alloc
 .text.memb_free
                0x0000721c       0x3a contiki-sky.a(memb.o)
                0x0000721c                memb_free
 .text.memb_inmemb
                0x00007256       0x2a contiki-sky.a(memb.o)
                0x00007256                memb_inmemb
 .text.timer_set
                0x00007280       0x1c contiki-sky.a(timer.o)
                0x00007280                timer_set
 .text.timer_reset
                0x0000729c        0xe contiki-sky.a(timer.o)
                0x0000729c                timer_reset
 .text.timer_restart
                0x000072aa       0x14 contiki-sky.a(timer.o)
                0x000072aa                timer_restart
 .text.timer_expired
                0x000072be       0x2a contiki-sky.a(timer.o)
                0x000072be                timer_expired
 .text.list_init
                0x000072e8        0x6 contiki-sky.a(list.o)
                0x000072e8                list_init
 .text.list_head
                0x000072ee        0x4 contiki-sky.a(list.o)
                0x000072ee                list_head
 .text.list_tail
                0x000072f2       0x12 contiki-sky.a(list.o)
                0x000072f2                list_tail
 .text.list_remove
                0x00007304       0x34 contiki-sky.a(list.o)
                0x00007304                list_remove
 .text.list_push
                0x00007338       0x1a contiki-sky.a(list.o)
                0x00007338                list_push
 .text.list_add
                0x00007352       0x2a contiki-sky.a(list.o)
                0x00007352                list_add
 .text.list_length
                0x0000737c       0x10 contiki-sky.a(list.o)
                0x0000737c                list_length
 .text.list_item_next
                0x0000738c        0xc contiki-sky.a(list.o)
                0x0000738c                list_item_next
 .text.update_time
                0x00007398       0x78 contiki-sky.a(etimer.o)
 .text.etimer_request_poll
                0x00007410        0xa contiki-sky.a(etimer.o)
                0x00007410                etimer_request_poll
 .text.process_thread_etimer_process
                0x0000741a       0xcc contiki-sky.a(etimer.o)
 .text.add_timer
                0x000074e6       0x40 contiki-sky.a(etimer.o)
 .text.etimer_set
                0x00007526       0x12 contiki-sky.a(etimer.o)
                0x00007526                etimer_set
 .text.etimer_reset
                0x00007538       0x12 contiki-sky.a(etimer.o)
                0x00007538                etimer_reset
 .text.etimer_restart
                0x0000754a       0x12 contiki-sky.a(etimer.o)
                0x0000754a                etimer_restart
 .text.etimer_expired
                0x0000755c        0xe contiki-sky.a(etimer.o)
                0x0000755c                etimer_expired
 .text.etimer_expiration_time
                0x0000756a       0x14 contiki-sky.a(etimer.o)
                0x0000756a                etimer_expiration_time
 .text.etimer_pending
                0x0000757e        0xc contiki-sky.a(etimer.o)
                0x0000757e                etimer_pending
 .text.etimer_next_expiration_time
                0x0000758a       0x16 contiki-sky.a(etimer.o)
                0x0000758a                etimer_next_expiration_time
 .text.etimer_stop
                0x000075a0       0x3e contiki-sky.a(etimer.o)
                0x000075a0                etimer_stop
 .text.process_thread_ctimer_process
                0x000075de       0xa8 contiki-sky.a(ctimer.o)
 .text.ctimer_init
                0x00007686       0x18 contiki-sky.a(ctimer.o)
                0x00007686                ctimer_init
 .text.ctimer_set
                0x0000769e       0x5a contiki-sky.a(ctimer.o)
                0x0000769e                ctimer_set
 .text.ctimer_reset
                0x000076f8       0x3a contiki-sky.a(ctimer.o)
                0x000076f8                ctimer_reset
 .text.ctimer_stop
                0x00007732       0x28 contiki-sky.a(ctimer.o)
                0x00007732                ctimer_stop
 .text.energest_init
                0x0000775a       0x26 contiki-sky.a(energest.o)
                0x0000775a                energest_init
 .text.energest_type_time
                0x00007780       0x48 contiki-sky.a(energest.o)
                0x00007780                energest_type_time
 .text.energest_type_set
                0x000077c8        0xe contiki-sky.a(energest.o)
                0x000077c8                energest_type_set
 .text.energest_flush
                0x000077d6       0x48 contiki-sky.a(energest.o)
                0x000077d6                energest_flush
 .text.rtimer_init
                0x0000781e        0x6 contiki-sky.a(rtimer.o)
                0x0000781e                rtimer_init
 .text.rtimer_set
                0x00007824       0x24 contiki-sky.a(rtimer.o)
                0x00007824                rtimer_set
 .text.rtimer_run_next
                0x00007848       0x26 contiki-sky.a(rtimer.o)
                0x00007848                rtimer_run_next
 .text.stimer_set
                0x0000786e       0x1c contiki-sky.a(stimer.o)
                0x0000786e                stimer_set
 .text.stimer_expired
                0x0000788a       0x30 contiki-sky.a(stimer.o)
                0x0000788a                stimer_expired
 .text.random_init
                0x000078ba        0x6 contiki-sky.a(random.o)
                0x000078ba                random_init
 .text.random_rand
                0x000078c0        0x6 contiki-sky.a(random.o)
                0x000078c0                random_rand
 .text.item_from_index
                0x000078c6       0x2a contiki-sky.a(nbr-table.o)
 .text.index_from_key
                0x000078f0       0x26 contiki-sky.a(nbr-table.o)
 .text.index_from_item
                0x00007916       0x1e contiki-sky.a(nbr-table.o)
 .text.nbr_set_bit
                0x00007934       0x58 contiki-sky.a(nbr-table.o)
 .text.index_from_lladdr
                0x0000798c       0x42 contiki-sky.a(nbr-table.o)
 .text.nbr_get_bit.constprop.0
                0x000079ce       0x2e contiki-sky.a(nbr-table.o)
 .text.nbr_table_register
                0x000079fc       0x26 contiki-sky.a(nbr-table.o)
                0x000079fc                nbr_table_register
 .text.nbr_table_next
                0x00007a22       0x54 contiki-sky.a(nbr-table.o)
                0x00007a22                nbr_table_next
 .text.nbr_table_head
                0x00007a76       0x3a contiki-sky.a(nbr-table.o)
                0x00007a76                nbr_table_head
 .text.nbr_table_add_lladdr
                0x00007ab0      0x128 contiki-sky.a(nbr-table.o)
                0x00007ab0                nbr_table_add_lladdr
 .text.nbr_table_get_from_lladdr
                0x00007bd8       0x2c contiki-sky.a(nbr-table.o)
                0x00007bd8                nbr_table_get_from_lladdr
 .text.nbr_table_remove
                0x00007c04       0x32 contiki-sky.a(nbr-table.o)
                0x00007c04                nbr_table_remove
 .text.nbr_table_lock
                0x00007c36       0x10 contiki-sky.a(nbr-table.o)
                0x00007c36                nbr_table_lock
 .text.nbr_table_unlock
                0x00007c46       0x10 contiki-sky.a(nbr-table.o)
                0x00007c46                nbr_table_unlock
 .text.nbr_table_get_lladdr
                0x00007c56       0x22 contiki-sky.a(nbr-table.o)
                0x00007c56                nbr_table_get_lladdr
 .text.packetbuf_copyto_hdr
                0x00007c78       0x1c contiki-sky.a(packetbuf.o)
                0x00007c78                packetbuf_copyto_hdr
 .text.packetbuf_copyto
                0x00007c94       0x52 contiki-sky.a(packetbuf.o)
                0x00007c94                packetbuf_copyto
 .text.packetbuf_hdr_remove
                0x00007ce6        0x6 contiki-sky.a(packetbuf.o)
                0x00007ce6                packetbuf_hdr_remove
 .text.packetbuf_hdrreduce
                0x00007cec       0x1a contiki-sky.a(packetbuf.o)
                0x00007cec                packetbuf_hdrreduce
 .text.packetbuf_set_datalen
                0x00007d06        0x6 contiki-sky.a(packetbuf.o)
                0x00007d06                packetbuf_set_datalen
 .text.packetbuf_dataptr
                0x00007d0c        0xe contiki-sky.a(packetbuf.o)
                0x00007d0c                packetbuf_dataptr
 .text.packetbuf_hdrptr
                0x00007d1a        0xa contiki-sky.a(packetbuf.o)
                0x00007d1a                packetbuf_hdrptr
 .text.packetbuf_is_reference
                0x00007d24        0xe contiki-sky.a(packetbuf.o)
                0x00007d24                packetbuf_is_reference
 .text.packetbuf_compact
                0x00007d32       0x48 contiki-sky.a(packetbuf.o)
                0x00007d32                packetbuf_compact
 .text.packetbuf_reference_ptr
                0x00007d7a        0x6 contiki-sky.a(packetbuf.o)
                0x00007d7a                packetbuf_reference_ptr
 .text.packetbuf_datalen
                0x00007d80        0x6 contiki-sky.a(packetbuf.o)
                0x00007d80                packetbuf_datalen
 .text.packetbuf_totlen
                0x00007d86       0x10 contiki-sky.a(packetbuf.o)
                0x00007d86                packetbuf_totlen
 .text.packetbuf_hdralloc
                0x00007d96       0x2e contiki-sky.a(packetbuf.o)
                0x00007d96                packetbuf_hdralloc
 .text.packetbuf_attr_clear
                0x00007dc4       0x30 contiki-sky.a(packetbuf.o)
                0x00007dc4                packetbuf_attr_clear
 .text.packetbuf_clear
                0x00007df4       0x1a contiki-sky.a(packetbuf.o)
                0x00007df4                packetbuf_clear
 .text.packetbuf_copyfrom
                0x00007e0e       0x2e contiki-sky.a(packetbuf.o)
                0x00007e0e                packetbuf_copyfrom
 .text.packetbuf_attr_copyto
                0x00007e3c       0x22 contiki-sky.a(packetbuf.o)
                0x00007e3c                packetbuf_attr_copyto
 .text.packetbuf_attr_copyfrom
                0x00007e5e       0x24 contiki-sky.a(packetbuf.o)
                0x00007e5e                packetbuf_attr_copyfrom
 .text.queuebuf_init
                0x00007e82       0x1a contiki-sky.a(queuebuf.o)
                0x00007e82                queuebuf_init
 .text.queuebuf_new_from_packetbuf
                0x00007e9c       0x7e contiki-sky.a(queuebuf.o)
                0x00007e9c                queuebuf_new_from_packetbuf
 .text.queuebuf_update_attr_from_packetbuf
                0x00007f1a       0x12 contiki-sky.a(queuebuf.o)
                0x00007f1a                queuebuf_update_attr_from_packetbuf
 .text.queuebuf_free
                0x00007f2c       0x40 contiki-sky.a(queuebuf.o)
                0x00007f2c                queuebuf_free
 .text.queuebuf_to_packetbuf
                0x00007f6c       0x6e contiki-sky.a(queuebuf.o)
                0x00007f6c                queuebuf_to_packetbuf
 .text.queuebuf_attr
                0x00007fda        0xe contiki-sky.a(queuebuf.o)
                0x00007fda                queuebuf_attr
 .text.set_packet_attrs
                0x00007fe8       0x46 contiki-sky.a(sicslowpan.o)
 .text.addr_context_lookup_by_number
                0x0000802e       0x32 contiki-sky.a(sicslowpan.o)
 .text.compress_addr_64
                0x00008060       0xae contiki-sky.a(sicslowpan.o)
 .text.uncompress_addr
                0x0000810e       0xb4 contiki-sky.a(sicslowpan.o)
 .text.input    0x000081c2      0x624 contiki-sky.a(sicslowpan.o)
 .text.sicslowpan_init
                0x000087e6       0x26 contiki-sky.a(sicslowpan.o)
                0x000087e6                sicslowpan_init
 .text.addr_context_lookup_by_prefix
                0x0000880c       0x4c contiki-sky.a(sicslowpan.o)
 .text.packet_sent
                0x00008858       0x22 contiki-sky.a(sicslowpan.o)
 .text.send_packet
                0x0000887a       0x1a contiki-sky.a(sicslowpan.o)
 .text.output   0x00008894      0x6ee contiki-sky.a(sicslowpan.o)
 .text.process_thread_simple_udp_process
                0x00008f82       0xae contiki-sky.a(simple-udp.o)
 .text.simple_udp_register
                0x00009030       0x92 contiki-sky.a(simple-udp.o)
                0x00009030                simple_udp_register
 .text.start_periodic_tcp_timer
                0x000090c2       0x16 contiki-sky.a(tcpip.o)
 .text.tcpip_output
                0x000090d8       0x10 contiki-sky.a(tcpip.o)
                0x000090d8                tcpip_output
 .text.tcpip_set_outputfunc
                0x000090e8        0x6 contiki-sky.a(tcpip.o)
                0x000090e8                tcpip_set_outputfunc
 .text.udp_new  0x000090ee       0x1a contiki-sky.a(tcpip.o)
                0x000090ee                udp_new
 .text.udp_broadcast_new
                0x00009108       0x46 contiki-sky.a(tcpip.o)
                0x00009108                udp_broadcast_new
 .text.tcpip_input
                0x0000914e       0x16 contiki-sky.a(tcpip.o)
                0x0000914e                tcpip_input
 .text.tcpip_ipv6_output
                0x00009164      0x152 contiki-sky.a(tcpip.o)
                0x00009164                tcpip_ipv6_output
 .text.process_thread_tcpip_process
                0x000092b6      0x1d4 contiki-sky.a(tcpip.o)
 .text.tcpip_uipcall
                0x0000948a       0x70 contiki-sky.a(tcpip.o)
                0x0000948a                tcpip_uipcall
 .text.uip_debug_ipaddr_print
                0x000094fa       0x7e contiki-sky.a(uip-debug.o)
                0x000094fa                uip_debug_ipaddr_print
 .text.call_route_callback
                0x00009578       0x4c contiki-sky.a(uip-ds6-route.o)
 .text.uip_ds6_route_init
                0x000095c4       0x2e contiki-sky.a(uip-ds6-route.o)
                0x000095c4                uip_ds6_route_init
 .text.uip_ds6_route_nexthop
                0x000095f2       0x1a contiki-sky.a(uip-ds6-route.o)
                0x000095f2                uip_ds6_route_nexthop
 .text.uip_ds6_route_head
                0x0000960c       0x28 contiki-sky.a(uip-ds6-route.o)
                0x0000960c                uip_ds6_route_head
 .text.uip_ds6_route_next
                0x00009634       0x30 contiki-sky.a(uip-ds6-route.o)
                0x00009634                uip_ds6_route_next
 .text.uip_ds6_route_lookup
                0x00009664       0x5e contiki-sky.a(uip-ds6-route.o)
                0x00009664                uip_ds6_route_lookup
 .text.uip_ds6_route_add
                0x000096c2       0xb4 contiki-sky.a(uip-ds6-route.o)
                0x000096c2                uip_ds6_route_add
 .text.uip_ds6_route_rm
                0x00009776       0x60 contiki-sky.a(uip-ds6-route.o)
                0x00009776                uip_ds6_route_rm
 .text.rm_routelist
                0x000097d6       0x30 contiki-sky.a(uip-ds6-route.o)
 .text.rm_routelist_callback
                0x00009806        0x6 contiki-sky.a(uip-ds6-route.o)
 .text.uip_ds6_defrt_rm
                0x0000980c       0x48 contiki-sky.a(uip-ds6-route.o)
                0x0000980c                uip_ds6_defrt_rm
 .text.uip_ds6_defrt_lookup
                0x00009854       0x36 contiki-sky.a(uip-ds6-route.o)
                0x00009854                uip_ds6_defrt_lookup
 .text.uip_ds6_defrt_add
                0x0000988a       0x74 contiki-sky.a(uip-ds6-route.o)
                0x0000988a                uip_ds6_defrt_add
 .text.uip_ds6_defrt_choose
                0x000098fe       0x3a contiki-sky.a(uip-ds6-route.o)
                0x000098fe                uip_ds6_defrt_choose
 .text.uip_ds6_defrt_periodic
                0x00009938       0x38 contiki-sky.a(uip-ds6-route.o)
                0x00009938                uip_ds6_defrt_periodic
 .text.uip_ds6_nbr_rm
                0x00009970       0x1a contiki-sky.a(uip-ds6-nbr.o)
                0x00009970                uip_ds6_nbr_rm
 .text.uip_ds6_neighbors_init
                0x0000998a        0xe contiki-sky.a(uip-ds6-nbr.o)
                0x0000998a                uip_ds6_neighbors_init
 .text.uip_ds6_nbr_add
                0x00009998       0x60 contiki-sky.a(uip-ds6-nbr.o)
                0x00009998                uip_ds6_nbr_add
 .text.uip_ds6_nbr_get_ll
                0x000099f8        0xc contiki-sky.a(uip-ds6-nbr.o)
                0x000099f8                uip_ds6_nbr_get_ll
 .text.uip_ds6_nbr_lookup
                0x00009a04       0x42 contiki-sky.a(uip-ds6-nbr.o)
                0x00009a04                uip_ds6_nbr_lookup
 .text.uip_ds6_nbr_ll_lookup
                0x00009a46        0xc contiki-sky.a(uip-ds6-nbr.o)
                0x00009a46                uip_ds6_nbr_ll_lookup
 .text.uip_ds6_nbr_ipaddr_from_lladdr
                0x00009a52        0x6 contiki-sky.a(uip-ds6-nbr.o)
                0x00009a52                uip_ds6_nbr_ipaddr_from_lladdr
 .text.uip_ds6_nbr_lladdr_from_ipaddr
                0x00009a58       0x12 contiki-sky.a(uip-ds6-nbr.o)
                0x00009a58                uip_ds6_nbr_lladdr_from_ipaddr
 .text.uip_ds6_link_neighbor_callback
                0x00009a6a       0x2a contiki-sky.a(uip-ds6-nbr.o)
                0x00009a6a                uip_ds6_link_neighbor_callback
 .text.uip_ds6_neighbor_periodic
                0x00009a94       0xfe contiki-sky.a(uip-ds6-nbr.o)
                0x00009a94                uip_ds6_neighbor_periodic
 .text.uip_ds6_list_loop
                0x00009b92       0x86 contiki-sky.a(uip-ds6.o)
                0x00009b92                uip_ds6_list_loop
 .text.uip_ds6_prefix_add
                0x00009c18       0x80 contiki-sky.a(uip-ds6.o)
                0x00009c18                uip_ds6_prefix_add
 .text.uip_ds6_is_addr_onlink
                0x00009c98       0x54 contiki-sky.a(uip-ds6.o)
                0x00009c98                uip_ds6_is_addr_onlink
 .text.uip_ds6_addr_lookup
                0x00009cec       0x2a contiki-sky.a(uip-ds6.o)
                0x00009cec                uip_ds6_addr_lookup
 .text.uip_ds6_get_link_local
                0x00009d16       0x3e contiki-sky.a(uip-ds6.o)
                0x00009d16                uip_ds6_get_link_local
 .text.uip_ds6_maddr_add
                0x00009d54       0x4c contiki-sky.a(uip-ds6.o)
                0x00009d54                uip_ds6_maddr_add
 .text.uip_ds6_addr_add
                0x00009da0       0xc4 contiki-sky.a(uip-ds6.o)
                0x00009da0                uip_ds6_addr_add
 .text.uip_ds6_maddr_rm
                0x00009e64        0xa contiki-sky.a(uip-ds6.o)
                0x00009e64                uip_ds6_maddr_rm
 .text.uip_ds6_maddr_lookup
                0x00009e6e       0x2a contiki-sky.a(uip-ds6.o)
                0x00009e6e                uip_ds6_maddr_lookup
 .text.uip_ds6_addr_rm
                0x00009e98       0x54 contiki-sky.a(uip-ds6.o)
                0x00009e98                uip_ds6_addr_rm
 .text.uip_ds6_periodic
                0x00009eec       0x4a contiki-sky.a(uip-ds6.o)
                0x00009eec                uip_ds6_periodic
 .text.uip_ds6_set_addr_iid
                0x00009f36       0x14 contiki-sky.a(uip-ds6.o)
                0x00009f36                uip_ds6_set_addr_iid
 .text.get_match_length
                0x00009f4a       0x44 contiki-sky.a(uip-ds6.o)
                0x00009f4a                get_match_length
 .text.uip_ds6_select_src
                0x00009f8e       0xaa contiki-sky.a(uip-ds6.o)
                0x00009f8e                uip_ds6_select_src
 .text.uip_ds6_compute_reachable_time
                0x0000a038       0x3e contiki-sky.a(uip-ds6.o)
                0x0000a038                uip_ds6_compute_reachable_time
 .text.uip_ds6_init
                0x0000a076      0x154 contiki-sky.a(uip-ds6.o)
                0x0000a076                uip_ds6_init
 .text.uip_icmp6_echo_request_input
                0x0000a1ca      0x12c contiki-sky.a(uip-icmp6.o)
                0x0000a1ca                uip_icmp6_echo_request_input
 .text.uip_icmp6_error_output
                0x0000a2f6      0x17e contiki-sky.a(uip-icmp6.o)
                0x0000a2f6                uip_icmp6_error_output
 .text.uip_icmp6_send
                0x0000a474       0x94 contiki-sky.a(uip-icmp6.o)
                0x0000a474                uip_icmp6_send
 .text.uip_nd6_ns_input
                0x0000a508      0x24e contiki-sky.a(uip-nd6.o)
                0x0000a508                uip_nd6_ns_input
 .text.uip_nd6_ns_output
                0x0000a756      0x17a contiki-sky.a(uip-nd6.o)
                0x0000a756                uip_nd6_ns_output
 .text.uip_nd6_na_input
                0x0000a8d0      0x1bc contiki-sky.a(uip-nd6.o)
                0x0000a8d0                uip_nd6_na_input
 .text.uip_udp_packet_send
                0x0000aa8c       0x2e contiki-sky.a(uip-udp-packet.)
                0x0000aa8c                uip_udp_packet_send
 .text.chksum   0x0000aaba       0x32 contiki-sky.a(uip6.o)
 .text.upper_layer_chksum
                0x0000aaec       0x56 contiki-sky.a(uip6.o)
 .text.ext_hdr_options_process
                0x0000ab42       0xd0 contiki-sky.a(uip6.o)
 .text.uip_add32
                0x0000ac12       0x68 contiki-sky.a(uip6.o)
                0x0000ac12                uip_add32
 .text.uip_add_rcv_nxt
                0x0000ac7a       0x2e contiki-sky.a(uip6.o)
 .text.uip_icmp6chksum
                0x0000aca8        0xa contiki-sky.a(uip6.o)
                0x0000aca8                uip_icmp6chksum
 .text.uip_tcpchksum
                0x0000acb2        0xa contiki-sky.a(uip6.o)
                0x0000acb2                uip_tcpchksum
 .text.uip_udpchksum
                0x0000acbc        0xa contiki-sky.a(uip6.o)
                0x0000acbc                uip_udpchksum
 .text.uip_init
                0x0000acc6       0x72 contiki-sky.a(uip6.o)
                0x0000acc6                uip_init
 .text.remove_ext_hdr
                0x0000ad38       0x58 contiki-sky.a(uip6.o)
                0x0000ad38                remove_ext_hdr
 .text.uip_udp_new
                0x0000ad90       0xe4 contiki-sky.a(uip6.o)
                0x0000ad90                uip_udp_new
 .text.uip_unlisten
                0x0000ae74       0x2a contiki-sky.a(uip6.o)
                0x0000ae74                uip_unlisten
 .text.uip_process
                0x0000ae9e      0xeb2 contiki-sky.a(uip6.o)
                0x0000ae9e                uip_process
 .text.uip_htonl
                0x0000bd50       0x2e contiki-sky.a(uip6.o)
                0x0000bd50                uip_htonl
 .text.purge_registrations
                0x0000bd7e       0x7e contiki-sky.a(servreg-hack.o)
 .text.servreg_hack_init
                0x0000bdfc       0x2e contiki-sky.a(servreg-hack.o)
                0x0000bdfc                servreg_hack_init
 .text.servreg_hack_register
                0x0000be2a       0x9a contiki-sky.a(servreg-hack.o)
                0x0000be2a                servreg_hack_register
 .text.servreg_hack_list_head
                0x0000bec4        0xe contiki-sky.a(servreg-hack.o)
                0x0000bec4                servreg_hack_list_head
 .text.process_thread_servreg_hack_process
                0x0000bed2      0x232 contiki-sky.a(servreg-hack.o)
 .text.init_platform
                0x0000c104        0xc contiki-sky.a(contiki-sky-pla)
                0x0000c104                init_platform
 .text.status   0x0000c110       0x18 contiki-sky.a(button-sensor.o)
 .text.value    0x0000c128       0x20 contiki-sky.a(button-sensor.o)
 .text.configure
                0x0000c148       0x4c contiki-sky.a(button-sensor.o)
 .text.irq_p2   0x0000c194       0x88 contiki-sky.a(button-sensor.o)
                0x0000c194                irq_p2
                0x0000c194                __isr_1
 .text.owreadb  0x0000c21c       0x50 contiki-sky.a(ds2411.o)
 .text.ds2411_init
                0x0000c26c      0x120 contiki-sky.a(ds2411.o)
                0x0000c26c                ds2411_init
 .text.wait_ready
                0x0000c38c       0x4a contiki-sky.a(xmem.o)
 .text.xmem_init
                0x0000c3d6       0x3c contiki-sky.a(xmem.o)
                0x0000c3d6                xmem_init
 .text.xmem_pread
                0x0000c412       0xe0 contiki-sky.a(xmem.o)
                0x0000c412                xmem_pread
 .text.node_id_restore
                0x0000c4f2       0x38 contiki-sky.a(node-id.o)
                0x0000c4f2                node_id_restore
 .text.process_thread_sensors_process
                0x0000c52a       0xc2 contiki-sky.a(sensors.o)
 .text.sensors_changed
                0x0000c5ec       0x2a contiki-sky.a(sensors.o)
                0x0000c5ec                sensors_changed
 .text.strobe   0x0000c616       0x1c contiki-sky.a(cc2420.o)
 .text.status   0x0000c632       0x22 contiki-sky.a(cc2420.o)
 .text.getreg   0x0000c654       0x4c contiki-sky.a(cc2420.o)
 .text.setreg   0x0000c6a0       0x4c contiki-sky.a(cc2420.o)
 .text.set_txpower
                0x0000c6ec       0x24 contiki-sky.a(cc2420.o)
 .text.cc2420_receiving_packet
                0x0000c710        0xc contiki-sky.a(cc2420.o)
 .text.pending_packet
                0x0000c71c        0x8 contiki-sky.a(cc2420.o)
 .text.on       0x0000c724       0x44 contiki-sky.a(cc2420.o)
 .text.flushrx  0x0000c768       0x6c contiki-sky.a(cc2420.o)
 .text.off      0x0000c7d4       0x72 contiki-sky.a(cc2420.o)
 .text.RELEASE_LOCK
                0x0000c846       0x28 contiki-sky.a(cc2420.o)
 .text.cc2420_prepare
                0x0000c86e       0x82 contiki-sky.a(cc2420.o)
 .text.getrxdata
                0x0000c8f0       0x50 contiki-sky.a(cc2420.o)
 .text.cc2420_on
                0x0000c940       0x22 contiki-sky.a(cc2420.o)
                0x0000c940                cc2420_on
 .text.cc2420_off
                0x0000c962       0x30 contiki-sky.a(cc2420.o)
                0x0000c962                cc2420_off
 .text.cc2420_cca
                0x0000c992       0x82 contiki-sky.a(cc2420.o)
 .text.cc2420_read
                0x0000ca14       0xda contiki-sky.a(cc2420.o)
 .text.process_thread_cc2420_process
                0x0000caee       0x54 contiki-sky.a(cc2420.o)
 .text.cc2420_set_channel
                0x0000cb42       0x80 contiki-sky.a(cc2420.o)
                0x0000cb42                cc2420_set_channel
 .text.cc2420_set_pan_addr
                0x0000cbc2      0x13e contiki-sky.a(cc2420.o)
                0x0000cbc2                cc2420_set_pan_addr
 .text.cc2420_interrupt
                0x0000cd00       0x1e contiki-sky.a(cc2420.o)
                0x0000cd00                cc2420_interrupt
 .text.cc2420_get_txpower
                0x0000cd1e       0x1e contiki-sky.a(cc2420.o)
                0x0000cd1e                cc2420_get_txpower
 .text.cc2420_transmit
                0x0000cd3c      0x1a6 contiki-sky.a(cc2420.o)
 .text.cc2420_send
                0x0000cee2       0x12 contiki-sky.a(cc2420.o)
 .text.cc2420_set_cca_threshold
                0x0000cef4       0x16 contiki-sky.a(cc2420.o)
                0x0000cef4                cc2420_set_cca_threshold
 .text.cc2420_init
                0x0000cf0a       0xd2 contiki-sky.a(cc2420.o)
                0x0000cf0a                cc2420_init
 .text.cc2420_port1_interrupt
                0x0000cfdc       0x62 contiki-sky.a(cc2420-arch.o)
                0x0000cfdc                __isr_4
                0x0000cfdc                cc2420_port1_interrupt
 .text.cc2420_arch_init
                0x0000d03e       0x1a contiki-sky.a(cc2420-arch.o)
                0x0000d03e                cc2420_arch_init
 .text.uart1_active
                0x0000d058       0x18 contiki-sky.a(uart1.o)
                0x0000d058                uart1_active
 .text.uart1_writeb
                0x0000d070       0x18 contiki-sky.a(uart1.o)
                0x0000d070                uart1_writeb
 .text.uart1_init
                0x0000d088       0xf4 contiki-sky.a(uart1.o)
                0x0000d088                uart1_init
 .text.putchar  0x0000d17c       0x10 contiki-sky.a(uart1-putchar.o)
                0x0000d17c                putchar
 .text.msp430_init_dco
                0x0000d18c       0x82 contiki-sky.a(msp430.o)
                0x0000d18c                msp430_init_dco
 .text.msp430_add_lpm_req
                0x0000d20e        0xc contiki-sky.a(msp430.o)
                0x0000d20e                msp430_add_lpm_req
 .text.msp430_cpu_init
                0x0000d21a       0x2a contiki-sky.a(msp430.o)
                0x0000d21a                msp430_cpu_init
 .text.splhigh_
                0x0000d244        0x8 contiki-sky.a(msp430.o)
                0x0000d244                splhigh_
 .text.msp430_sync_dco
                0x0000d24c       0x6c contiki-sky.a(msp430.o)
                0x0000d24c                msp430_sync_dco
 .text.timera1  0x0000d2b8       0xfe contiki-sky.a(clock.o)
                0x0000d2b8                __isr_5
                0x0000d2b8                timera1
 .text.clock_time
                0x0000d3b6       0x1a contiki-sky.a(clock.o)
                0x0000d3b6                clock_time
 .text.clock_init
                0x0000d3d0       0x28 contiki-sky.a(clock.o)
                0x0000d3d0                clock_init
 .text.clock_delay
                0x0000d3f8        0xc contiki-sky.a(clock.o)
                0x0000d3f8                clock_delay
 .text.clock_seconds
                0x0000d404       0x1a contiki-sky.a(clock.o)
                0x0000d404                clock_seconds
 .text.show_leds
                0x0000d41e      0x100 contiki-sky.a(leds.o)
 .text.leds_init
                0x0000d51e        0xe contiki-sky.a(leds.o)
                0x0000d51e                leds_init
 .text.leds_on  0x0000d52c       0x14 contiki-sky.a(leds.o)
                0x0000d52c                leds_on
 .text.leds_off
                0x0000d540       0x14 contiki-sky.a(leds.o)
                0x0000d540                leds_off
 .text.leds_arch_init
                0x0000d554        0xe contiki-sky.a(leds-arch.o)
                0x0000d554                leds_arch_init
 .text.leds_arch_set
                0x0000d562       0x38 contiki-sky.a(leds-arch.o)
                0x0000d562                leds_arch_set
 .text.watchdog_interrupt
                0x0000d59a        0x6 contiki-sky.a(watchdog.o)
                0x0000d59a                __isr_10
                0x0000d59a                watchdog_interrupt
 .text.watchdog_start
                0x0000d5a0       0x14 contiki-sky.a(watchdog.o)
                0x0000d5a0                watchdog_start
 .text.watchdog_periodic
                0x0000d5b4       0x12 contiki-sky.a(watchdog.o)
                0x0000d5b4                watchdog_periodic
 .text.watchdog_stop
                0x0000d5c6       0x16 contiki-sky.a(watchdog.o)
                0x0000d5c6                watchdog_stop
 .text.watchdog_init
                0x0000d5dc       0x12 contiki-sky.a(watchdog.o)
                0x0000d5dc                watchdog_init
 .text.rtimer_arch_init
                0x0000d5ee        0xe contiki-sky.a(rtimer-arch.o)
                0x0000d5ee                rtimer_arch_init
 .text.rtimer_arch_now
                0x0000d5fc        0xe contiki-sky.a(rtimer-arch.o)
                0x0000d5fc                rtimer_arch_now
 .text.timera0  0x0000d60a       0x70 contiki-sky.a(rtimer-arch.o)
                0x0000d60a                __isr_6
                0x0000d60a                timera0
 .text.rtimer_arch_schedule
                0x0000d67a        0x6 contiki-sky.a(rtimer-arch.o)
                0x0000d67a                rtimer_arch_schedule
 .text.mac_call_sent_callback
                0x0000d680       0x14 contiki-sky.a(mac.o)
                0x0000d680                mac_call_sent_callback
 .text.create   0x0000d694      0x10a contiki-sky.a(framer-802154.o)
 .text.parse    0x0000d79e       0xac contiki-sky.a(framer-802154.o)
 .text.rpl_purge_routes
                0x0000d84a       0x96 contiki-sky.a(rpl.o)
                0x0000d84a                rpl_purge_routes
 .text.rpl_remove_routes
                0x0000d8e0       0x22 contiki-sky.a(rpl.o)
                0x0000d8e0                rpl_remove_routes
 .text.rpl_remove_routes_by_nexthop
                0x0000d902       0x46 contiki-sky.a(rpl.o)
                0x0000d902                rpl_remove_routes_by_nexthop
 .text.rpl_add_route
                0x0000d948       0x48 contiki-sky.a(rpl.o)
                0x0000d948                rpl_add_route
 .text.rpl_link_neighbor_callback
                0x0000d990       0x6a contiki-sky.a(rpl.o)
                0x0000d990                rpl_link_neighbor_callback
 .text.rpl_ipv6_neighbor_callback
                0x0000d9fa       0x1e contiki-sky.a(rpl.o)
                0x0000d9fa                rpl_ipv6_neighbor_callback
 .text.rpl_init
                0x0000da18       0x40 contiki-sky.a(rpl.o)
                0x0000da18                rpl_init
 .text.rpl_verify_header
                0x0000da58       0xb4 contiki-sky.a(rpl-ext-header.)
                0x0000da58                rpl_verify_header
 .text.rpl_update_header_empty
                0x0000db0c       0xf8 contiki-sky.a(rpl-ext-header.)
                0x0000db0c                rpl_update_header_empty
 .text.rpl_update_header_final
                0x0000dc04       0x88 contiki-sky.a(rpl-ext-header.)
                0x0000dc04                rpl_update_header_final
 .text.rpl_invert_header
                0x0000dc8c       0x4e contiki-sky.a(rpl-ext-header.)
                0x0000dc8c                rpl_invert_header
 .text.rpl_insert_header
                0x0000dcda       0x1c contiki-sky.a(rpl-ext-header.)
                0x0000dcda                rpl_insert_header
 .text.spi_init
                0x0000dcf6       0x30 contiki-sky.a(spi.o)
                0x0000dcf6                spi_init
 .text.field_len
                0x0000dd26       0x90 contiki-sky.a(frame802154.o)
 .text.frame802154_hdrlen
                0x0000ddb6       0x2e contiki-sky.a(frame802154.o)
                0x0000ddb6                frame802154_hdrlen
 .text.frame802154_create
                0x0000dde4      0x172 contiki-sky.a(frame802154.o)
                0x0000dde4                frame802154_create
 .text.frame802154_parse
                0x0000df56      0x1c4 contiki-sky.a(frame802154.o)
                0x0000df56                frame802154_parse
 .text.libgcc   0x0000e11a       0x2c /usr/local/msp430/bin/../lib/gcc/msp430/4.7.0/mmpy-16/libgcc.a(_mulsi3.o)
                0x0000e11a                __mulsi3
 .text.libgcc   0x0000e146       0x22 /usr/local/msp430/bin/../lib/gcc/msp430/4.7.0/mmpy-16/libgcc.a(_udivmod16.o)
                0x0000e146                __udivhi3
                0x0000e146                __ext_udivmod16
                0x0000e160                __umodhi3
 .text.libgcc   0x0000e168       0x3a /usr/local/msp430/bin/../lib/gcc/msp430/4.7.0/mmpy-16/libgcc.a(_divmod16.o)
                0x0000e168                __ext_divmod16
                0x0000e168                __divhi3
                0x0000e19a                __modhi3
 .text.libgcc   0x0000e1a2       0x40 /usr/local/msp430/bin/../lib/gcc/msp430/4.7.0/mmpy-16/libgcc.a(_udivmod32.o)
                0x0000e1a2                __udivsi3
                0x0000e1a2                __ext_udivmod32
                0x0000e1d8                __umodsi3
 .text.printf   0x0000e1e2       0x10 /usr/local/msp430/bin/../lib/gcc/msp430/4.7.0/../../../../msp430/lib/mmpy-16/libc.a(printf.o)
                0x0000e1e2                printf
 .text.print_field
                0x0000e1f2      0x194 /usr/local/msp430/bin/../lib/gcc/msp430/4.7.0/../../../../msp430/lib/mmpy-16/libc.a(vuprintf.o)
 .text.vuprintf
                0x0000e386      0x63c /usr/local/msp430/bin/../lib/gcc/msp430/4.7.0/../../../../msp430/lib/mmpy-16/libc.a(vuprintf.o)
                0x0000e386                vuprintf
 .text.puts     0x0000e9c2       0x2c /usr/local/msp430/bin/../lib/gcc/msp430/4.7.0/../../../../msp430/lib/mmpy-16/libc.a(puts.o)
                0x0000e9c2                puts
 .text.rand     0x0000e9ee       0x26 /usr/local/msp430/bin/../lib/gcc/msp430/4.7.0/../../../../msp430/lib/mmpy-16/libc.a(rand.o)
                0x0000e9ee                rand
 .text.srand    0x0000ea14        0xa /usr/local/msp430/bin/../lib/gcc/msp430/4.7.0/../../../../msp430/lib/mmpy-16/libc.a(rand.o)
                0x0000ea14                srand
 .text.memcmp   0x0000ea1e       0x30 /usr/local/msp430/bin/../lib/gcc/msp430/4.7.0/../../../../msp430/lib/mmpy-16/libc.a(memcmp.o)
                0x0000ea1e                memcmp
 .text.memcpy   0x0000ea4e       0xfa /usr/local/msp430/bin/../lib/gcc/msp430/4.7.0/../../../../msp430/lib/mmpy-16/libc.a(memcpy.o)
                0x0000ea4e                memcpy
 .text.memmove  0x0000eb48       0xfa /usr/local/msp430/bin/../lib/gcc/msp430/4.7.0/../../../../msp430/lib/mmpy-16/libc.a(memmove.o)
                0x0000eb48                memmove
 .text.memset   0x0000ec42       0x6a /usr/local/msp430/bin/../lib/gcc/msp430/4.7.0/../../../../msp430/lib/mmpy-16/libc.a(memset.o)
                0x0000ec42                memset
 .text.libgcc   0x0000ecac       0xf0 /usr/local/msp430/bin/../lib/gcc/msp430/4.7.0/mmpy-16/libgcc.a(_udivmod64.o)
                0x0000ecac                __xabi_udivmod64
                0x0000ed0a                __udivdi3
                0x0000ed30                __umoddi3
                0x0000ed5e                __udivmoddi4
 .text.crt0     0x0000ed9c        0x2 /usr/local/msp430/bin/../lib/gcc/msp430/4.7.0/mmpy-16/libcrt0.a(_unexpected_.o)
                0x0000ed9c                _unexpected_
 *(.near.text .near.text.*)

.rodata         0x0000eda0      0x359
                0x0000eda0                . = ALIGN (0x2)
 *(.rodata .rodata.* .gnu.linkonce.r.*)
 .rodata        0x0000eda0       0x7a unicast-receiver.co
                0x0000edf4                autostart_processes
 .rodata        0x0000ee1a      0x12a obj_sky/contiki-sky-main.o
 .rodata        0x0000ef44        0x8 contiki-sky.a(rimeaddr.o)
                0x0000ef44                rimeaddr_null
 .rodata        0x0000ef4c       0x14 contiki-sky.a(csma.o)
                0x0000ef52                csma_driver
 .rodata        0x0000ef60       0x1c contiki-sky.a(contikimac.o)
                0x0000ef6c                contikimac_driver
 .rodata        0x0000ef7c        0xc contiki-sky.a(etimer.o)
 .rodata        0x0000ef88        0xf contiki-sky.a(ctimer.o)
 *fill*         0x0000ef97        0x1 00
 .rodata        0x0000ef98       0x24 contiki-sky.a(sicslowpan.o)
                0x0000efa4                sicslowpan_driver
                0x0000efaa                llprefix
                0x0000efac                unc_mxconf
                0x0000efb0                unc_ctxconf
                0x0000efb4                unc_llconf
 .rodata        0x0000efbc       0x13 contiki-sky.a(simple-udp.o)
 .rodata        0x0000efcf        0xd contiki-sky.a(tcpip.o)
 .rodata        0x0000efdc       0x1a contiki-sky.a(uip-debug.o)
 *fill*         0x0000eff6        0x2 00
 .rodata.uip_process
                0x0000eff8       0x20 contiki-sky.a(uip6.o)
 .rodata        0x0000f018       0x99 contiki-sky.a(servreg-hack.o)
 *fill*         0x0000f0b1        0x1 00
 .rodata        0x0000f0b2       0x10 contiki-sky.a(button-sensor.o)
                0x0000f0ba                button_sensor
 .rodata        0x0000f0c2        0x8 contiki-sky.a(sensors.o)
 .rodata        0x0000f0ca       0x22 contiki-sky.a(cc2420.o)
                0x0000f0ca                cc2420_driver
 .rodata        0x0000f0ec        0x4 contiki-sky.a(framer-802154.o)
                0x0000f0ec                framer_802154
 .rodata        0x0000f0f0        0x2 contiki-sky.a(frame802154.o)
 .rodata.vuprintf
                0x0000f0f2        0x7 /usr/local/msp430/bin/../lib/gcc/msp430/4.7.0/../../../../msp430/lib/mmpy-16/libc.a(vuprintf.o)
 *(.near.rodata .near.rodata.*)
                0x0000f0fa                . = ALIGN (0x2)
                0x0000f0fa                _etext = .

.data           0x00001100       0xe4 load address 0x0000f0fa
                0x00001100                . = ALIGN (0x2)
                0x00001100                __data_start = .
 *(.data .data.* .gnu.linkonce.d.*)
 .data          0x00001100        0xa unicast-receiver.co
                0x00001100                unicast_receiver_process
 .data          0x0000110a       0x18 contiki-sky.a(csma.o)
 .data          0x00001122       0x10 contiki-sky.a(phase.o)
 .data          0x00001132        0x8 contiki-sky.a(rpl-dag.o)
 .data          0x0000113a        0x1 contiki-sky.a(rpl-icmp6.o)
 *fill*         0x0000113b        0x1 00
 .data          0x0000113c        0xe contiki-sky.a(rpl-mrhof.o)
                0x0000113c                rpl_mrhof
 .data          0x0000114a        0xa contiki-sky.a(etimer.o)
                0x0000114a                etimer_process
 .data          0x00001154        0xa contiki-sky.a(ctimer.o)
                0x00001154                ctimer_process
 .data          0x0000115e        0x8 contiki-sky.a(nbr-table.o)
 .data          0x00001166       0x18 contiki-sky.a(queuebuf.o)
 .data          0x0000117e        0xa contiki-sky.a(simple-udp.o)
                0x0000117e                simple_udp_process
 .data          0x00001188        0xa contiki-sky.a(tcpip.o)
                0x00001188                tcpip_process
 .data          0x00001192       0x18 contiki-sky.a(uip-ds6-route.o)
 .data          0x000011aa        0xa contiki-sky.a(uip-ds6-nbr.o)
                0x000011aa                ds6_neighbors
 .data          0x000011b4       0x12 contiki-sky.a(servreg-hack.o)
                0x000011b4                servreg_hack_process
 .data          0x000011c6        0x4 contiki-sky.a(contiki-sky-pla)
                0x000011c6                sensors
 .data          0x000011ca        0xa contiki-sky.a(sensors.o)
                0x000011ca                sensors_process
 .data          0x000011d4        0xa contiki-sky.a(cc2420.o)
                0x000011d4                cc2420_process
 .data          0x000011de        0x2 contiki-sky.a(msp430.o)
 .data.next     0x000011e0        0x4 /usr/local/msp430/bin/../lib/gcc/msp430/4.7.0/../../../../msp430/lib/mmpy-16/libc.a(rand.o)
 *(.near.data .near.data.*)
                0x000011e4                . = ALIGN (0x2)
                0x000011e4                _edata = .
                0x0000f0fa                __data_load_start = LOADADDR (.data)
                0x000000e4                __data_size = SIZEOF (.data)

.bss            0x000011e4     0x1eda load address 0x0000f1de
                0x000011e4                __bss_start = .
 *(.bss .bss.*)
 .bss           0x000011e4       0x2c unicast-receiver.co
 .bss           0x00001210        0xc obj_sky/contiki-sky-main.o
 .bss           0x0000121c       0xc2 contiki-sky.a(csma.o)
 .bss           0x000012de       0xd4 contiki-sky.a(contikimac.o)
 .bss           0x000013b2      0x1d8 contiki-sky.a(phase.o)
 .bss           0x0000158a       0xc8 contiki-sky.a(rpl-dag.o)
 .bss           0x00001652       0x18 contiki-sky.a(rpl-timers.o)
 .bss           0x0000166a       0x42 contiki-sky.a(process.o)
                0x0000166a                process_current
                0x0000166c                process_list
 .bss           0x000016ac        0x8 contiki-sky.a(compower.o)
 .bss           0x000016b4        0x6 contiki-sky.a(etimer.o)
 .bss           0x000016ba        0x4 contiki-sky.a(ctimer.o)
 .bss           0x000016be        0x2 contiki-sky.a(rtimer.o)
 .bss           0x000016c0      0x118 contiki-sky.a(nbr-table.o)
 .bss           0x000017d8       0xba contiki-sky.a(packetbuf.o)
 .bss           0x00001892      0x71e contiki-sky.a(queuebuf.o)
 .bss           0x00001fb0      0x122 contiki-sky.a(sicslowpan.o)
 .bss           0x000020d2       0xf1 contiki-sky.a(simple-udp.o)
 *fill*         0x000021c3        0x1 00
 .bss           0x000021c4       0x36 contiki-sky.a(tcpip.o)
 .bss           0x000021fa      0x2fc contiki-sky.a(uip-ds6-route.o)
 .bss           0x000024f6      0x2d0 contiki-sky.a(uip-ds6-nbr.o)
 .bss           0x000027c6       0x18 contiki-sky.a(uip-ds6.o)
 .bss           0x000027de       0x10 contiki-sky.a(uip-icmp6.o)
 .bss           0x000027ee        0xa contiki-sky.a(uip-nd6.o)
 .bss           0x000027f8        0xe contiki-sky.a(uip6.o)
                0x000027f8                uip_ext_opt_offset
                0x000027f9                uip_ext_len
                0x000027fa                uip_ext_bitmap
 .bss           0x00002806      0x1f2 contiki-sky.a(servreg-hack.o)
 .bss           0x000029f8        0x8 contiki-sky.a(button-sensor.o)
 .bss           0x00002a00        0x2 contiki-sky.a(node-id.o)
                0x00002a00                node_id
 .bss           0x00002a02        0x6 contiki-sky.a(sensors.o)
 .bss           0x00002a08        0xa contiki-sky.a(cc2420.o)
 .bss           0x00002a12       0x9a contiki-sky.a(uart1.o)
 .bss           0x00002aac        0xa contiki-sky.a(clock.o)
 .bss           0x00002ab6        0x2 contiki-sky.a(leds.o)
 .bss           0x00002ab8        0x2 contiki-sky.a(watchdog.o)
 .bss           0x00002aba        0x2 contiki-sky.a(framer-802154.o)
 *(.near.bss .near.bss.*)
 *(COMMON)
 COMMON         0x00002abc        0x8 contiki-sky.a(rimeaddr.o)
                0x00002abc                rimeaddr_node_addr
 COMMON         0x00002ac4       0xbe contiki-sky.a(rpl-dag.o)
                0x00002ac4                default_instance
                0x00002ac6                instance_table
 COMMON         0x00002b82        0x1 contiki-sky.a(process.o)
                0x00002b82                process_maxevents
 *fill*         0x00002b83        0x1 00
 COMMON         0x00002b84        0x8 contiki-sky.a(compower.o)
                0x00002b84                compower_idle_activity
 COMMON         0x00002b8c       0x56 contiki-sky.a(energest.o)
                0x00002b8c                energest_total_time
                0x00002bbc                energest_total_count
                0x00002bbe                energest_current_mode
                0x00002bca                energest_current_time
 COMMON         0x00002be2       0x50 contiki-sky.a(packetbuf.o)
                0x00002be2                packetbuf_addrs
                0x00002c02                packetbuf_attrs
 COMMON         0x00002c32        0x8 contiki-sky.a(sicslowpan.o)
                0x00002c32                frag_sender
 COMMON         0x00002c3a        0x1 contiki-sky.a(tcpip.o)
                0x00002c3a                tcpip_event
 *fill*         0x00002c3b        0x1 00
 COMMON         0x00002c3c      0x15c contiki-sky.a(uip-ds6.o)
                0x00002c3c                uip_ds6_timer_ra
                0x00002c44                uip_ds6_if
                0x00002d30                uip_ds6_netif_addr_list_offset
                0x00002d31                uip_ds6_addr_size
                0x00002d32                uip_ds6_prefix_list
                0x00002d8c                uip_ds6_timer_periodic
 COMMON         0x00002d98      0x304 contiki-sky.a(uip6.o)
                0x00002d98                uip_len
                0x00002d9a                uip_sappdata
                0x00002d9c                uip_acc32
                0x00002da0                uip_lladdr
                0x00002da8                uip_aligned_buf
                0x00002e98                uip_flags
                0x00002e9a                uip_next_hdr
                0x00002e9c                uip_udp_conn
                0x00002e9e                uip_appdata
                0x00002ea0                uip_conn
                0x00002ea2                uip_conns
                0x00002f52                uip_listenports
                0x00002f62                uip_slen
                0x00002f64                uip_udp_conns
 COMMON         0x0000309c        0x2 contiki-sky.a(contiki-sky-pla)
                0x0000309c                sensors_flags
 COMMON         0x0000309e        0x8 contiki-sky.a(ds2411.o)
                0x0000309e                ds2411_id
 COMMON         0x000030a6        0x1 contiki-sky.a(sensors.o)
                0x000030a6                sensors_event
 *fill*         0x000030a7        0x1 00
 COMMON         0x000030a8       0x14 contiki-sky.a(cc2420.o)
                0x000030a8                cc2420_last_rssi
                0x000030aa                cc2420_packets_read
                0x000030ac                cc2420_packets_seen
                0x000030ae                cc2420_sfd_start_time
                0x000030b0                cc2420_time_of_departure
                0x000030b2                cc2420_time_of_arrival
                0x000030b4                cc2420_last_correlation
                0x000030b6                cc2420_authority_level_of_sender
                0x000030b8                cc2420_sfd_counter
                0x000030ba                cc2420_sfd_end_time
 COMMON         0x000030bc        0x2 contiki-sky.a(msp430.o)
                0x000030bc                msp430_dco_required
                0x000030be                . = ALIGN (0x2)
                0x000030be                __bss_end = .
                0x00001eda                __bss_size = SIZEOF (.bss)

.noinit         0x000030be        0x2 load address 0x0000f1de
                0x000030be                . = ALIGN (0x2)
                0x000030be                __noinit_start = .
 *(.noinit .noinit.*)
 .noinit.crt0   0x000030be        0x2 /usr/local/msp430/bin/../lib/gcc/msp430/4.7.0/mmpy-16/libcrt0.a(__watchdog_support.o)
                0x000030be                __wdt_clear_value
                0x000030c0                . = ALIGN (0x2)
                0x000030c0                __noinit_end = .
                0x000030c0                . = ALIGN (0x2)
                0x000030c0                _end = .

.infomem        0x00001000        0x0
                0x00001000                . = ALIGN (0x2)
 *(.infomem .infomem.*)

.infomemnobits  0x00001000        0x0
                0x00001000                . = ALIGN (0x2)
 *(.infomemnobits .infomemnobits.*)

.infoa          0x00001080        0x0
                0x00001080                . = ALIGN (0x2)
 *(.infoa .infoa.*)

.infob          0x00001000        0x0
                0x00001000                . = ALIGN (0x2)
 *(.infob .infob.*)

.infoc          0x00000000        0x0
                0x00000000                . = ALIGN (0x2)
 *(.infoc .infoc.*)

.infod          0x00000000        0x0
                0x00000000                . = ALIGN (0x2)
 *(.infod .infod.*)

.vectors        0x0000ffe0       0x20
                0x0000ffe0                __vectors_start = .
 *(.vectors*)
 .vectors       0x0000ffe0       0x20 /usr/local/msp430/bin/../lib/gcc/msp430/4.7.0/mmpy-16/crt0ivtbl16.o
                0x0000ffe0                __ivtbl_16
                0x00010000                _vectors_end = .

.fartext        0x00000000        0x0
                0x00000000                . = ALIGN (0x2)
 *(.fartext .fartext.*)

.far.text       0x00000000        0x0
                0x00000000                . = ALIGN (0x2)
 *(.far.text .far.text.*)

.far.rodata     0x00000000        0x0
                0x00000000                . = ALIGN (0x2)
 *(.far.rodata .far.rodata.*)
                0x00000000                . = ALIGN (0x2)
                0x00000000                _efartext = .

.far.data       0x00000000        0x0
                0x00000000                . = ALIGN (0x2)
                0x00000000                __far_data_start = .
 *(.far.data .far.data.*)
                0x00000000                . = ALIGN (0x2)
                0x00000000                _efardata = .
                0x00000000                __far_data_load_start = LOADADDR (.far.data)
                0x00000000                __far_data_size = SIZEOF (.far.data)

.far.bss        0x00000000        0x0
                0x00000000                . = ALIGN (0x2)
                0x00000000                __far_bss_start = .
 *(.far.bss .far.bss.*)
                0x00000000                . = ALIGN (0x2)
                0x00000000                __far_bss_end = .
                0x00000000                __far_bss_size = SIZEOF (.far.bss)
                0x00000000                . = ALIGN (0x2)
                0x00000000                _far_end = .

.profiler
 *(.profiler)

.stab
 *(.stab)

.stabstr
 *(.stabstr)

.stab.excl
 *(.stab.excl)

.stab.exclstr
 *(.stab.exclstr)

.stab.index
 *(.stab.index)

.stab.indexstr
 *(.stab.indexstr)

.comment        0x00000000       0x30
 *(.comment)
 .comment       0x00000000       0x30 unicast-receiver.co
                                 0x31 (size before relaxing)
 .comment       0x00000000       0x31 obj_sky/contiki-sky-main.o
 .comment       0x00000000       0x31 contiki-sky.a(rimeaddr.o)
 .comment       0x00000000       0x31 contiki-sky.a(csma.o)
 .comment       0x00000000       0x31 contiki-sky.a(contikimac.o)
 .comment       0x00000000       0x31 contiki-sky.a(phase.o)
 .comment       0x00000000       0x31 contiki-sky.a(rpl-dag.o)
 .comment       0x00000000       0x31 contiki-sky.a(rpl-icmp6.o)
 .comment       0x00000000       0x31 contiki-sky.a(rpl-timers.o)
 .comment       0x00000000       0x31 contiki-sky.a(rpl-mrhof.o)
 .comment       0x00000000       0x31 contiki-sky.a(process.o)
 .comment       0x00000000       0x31 contiki-sky.a(autostart.o)
 .comment       0x00000000       0x31 contiki-sky.a(compower.o)
 .comment       0x00000000       0x31 contiki-sky.a(memb.o)
 .comment       0x00000000       0x31 contiki-sky.a(timer.o)
 .comment       0x00000000       0x31 contiki-sky.a(list.o)
 .comment       0x00000000       0x31 contiki-sky.a(etimer.o)
 .comment       0x00000000       0x31 contiki-sky.a(ctimer.o)
 .comment       0x00000000       0x31 contiki-sky.a(energest.o)
 .comment       0x00000000       0x31 contiki-sky.a(rtimer.o)
 .comment       0x00000000       0x31 contiki-sky.a(stimer.o)
 .comment       0x00000000       0x31 contiki-sky.a(random.o)
 .comment       0x00000000       0x31 contiki-sky.a(nbr-table.o)
 .comment       0x00000000       0x31 contiki-sky.a(packetbuf.o)
 .comment       0x00000000       0x31 contiki-sky.a(queuebuf.o)
 .comment       0x00000000       0x31 contiki-sky.a(sicslowpan.o)
 .comment       0x00000000       0x31 contiki-sky.a(simple-udp.o)
 .comment       0x00000000       0x31 contiki-sky.a(tcpip.o)
 .comment       0x00000000       0x31 contiki-sky.a(uip-debug.o)
 .comment       0x00000000       0x31 contiki-sky.a(uip-ds6-route.o)
 .comment       0x00000000       0x31 contiki-sky.a(uip-ds6-nbr.o)
 .comment       0x00000000       0x31 contiki-sky.a(uip-ds6.o)
 .comment       0x00000000       0x31 contiki-sky.a(uip-icmp6.o)
 .comment       0x00000000       0x31 contiki-sky.a(uip-nd6.o)
 .comment       0x00000000       0x31 contiki-sky.a(uip-udp-packet.)
 .comment       0x00000000       0x31 contiki-sky.a(uip6.o)
 .comment       0x00000000       0x31 contiki-sky.a(servreg-hack.o)
 .comment       0x00000000       0x31 contiki-sky.a(contiki-sky-pla)
 .comment       0x00000000       0x31 contiki-sky.a(button-sensor.o)
 .comment       0x00000000       0x31 contiki-sky.a(ds2411.o)
 .comment       0x00000000       0x31 contiki-sky.a(xmem.o)
 .comment       0x00000000       0x31 contiki-sky.a(node-id.o)
 .comment       0x00000000       0x31 contiki-sky.a(sensors.o)
 .comment       0x00000000       0x31 contiki-sky.a(cc2420.o)
 .comment       0x00000000       0x31 contiki-sky.a(cc2420-arch.o)
 .comment       0x00000000       0x31 contiki-sky.a(uart1.o)
 .comment       0x00000000       0x31 contiki-sky.a(uart1-putchar.o)
 .comment       0x00000000       0x31 contiki-sky.a(msp430.o)
 .comment       0x00000000       0x31 contiki-sky.a(clock.o)
 .comment       0x00000000       0x31 contiki-sky.a(leds.o)
 .comment       0x00000000       0x31 contiki-sky.a(leds-arch.o)
 .comment       0x00000000       0x31 contiki-sky.a(watchdog.o)
 .comment       0x00000000       0x31 contiki-sky.a(rtimer-arch.o)
 .comment       0x00000000       0x31 contiki-sky.a(mac.o)
 .comment       0x00000000       0x31 contiki-sky.a(framer-802154.o)
 .comment       0x00000000       0x31 contiki-sky.a(rpl.o)
 .comment       0x00000000       0x31 contiki-sky.a(rpl-ext-header.)
 .comment       0x00000000       0x31 contiki-sky.a(spi.o)
 .comment       0x00000000       0x31 contiki-sky.a(frame802154.o)
 .comment       0x00000000       0x31 /usr/local/msp430/bin/../lib/gcc/msp430/4.7.0/../../../../msp430/lib/mmpy-16/libc.a(printf.o)
 .comment       0x00000000       0x31 /usr/local/msp430/bin/../lib/gcc/msp430/4.7.0/../../../../msp430/lib/mmpy-16/libc.a(vuprintf.o)
 .comment       0x00000000       0x31 /usr/local/msp430/bin/../lib/gcc/msp430/4.7.0/../../../../msp430/lib/mmpy-16/libc.a(puts.o)
 .comment       0x00000000       0x31 /usr/local/msp430/bin/../lib/gcc/msp430/4.7.0/../../../../msp430/lib/mmpy-16/libc.a(rand.o)
 .comment       0x00000000       0x31 /usr/local/msp430/bin/../lib/gcc/msp430/4.7.0/../../../../msp430/lib/mmpy-16/libc.a(memcmp.o)
 .comment       0x00000000       0x31 /usr/local/msp430/bin/../lib/gcc/msp430/4.7.0/../../../../msp430/lib/mmpy-16/libc.a(memcpy.o)
 .comment       0x00000000       0x31 /usr/local/msp430/bin/../lib/gcc/msp430/4.7.0/../../../../msp430/lib/mmpy-16/libc.a(memmove.o)
 .comment       0x00000000       0x31 /usr/local/msp430/bin/../lib/gcc/msp430/4.7.0/../../../../msp430/lib/mmpy-16/libc.a(memset.o)

.debug
 *(.debug)

.line
 *(.line)

.debug_srcinfo
 *(.debug_srcinfo)

.debug_sfnames
 *(.debug_sfnames)

.debug_aranges  0x00000000      0x1a0
 *(.debug_aranges)
 .debug_aranges
                0x00000000       0x14 /usr/local/msp430/bin/../lib/gcc/msp430/4.7.0/mmpy-16/crt0ivtbl16.o
 .debug_aranges
                0x00000014       0x14 /usr/local/msp430/bin/../lib/gcc/msp430/4.7.0/mmpy-16/libgcc.a(_mulsi3.o)
 .debug_aranges
                0x00000028       0x14 /usr/local/msp430/bin/../lib/gcc/msp430/4.7.0/mmpy-16/libgcc.a(_udivmod16.o)
 .debug_aranges
                0x0000003c       0x14 /usr/local/msp430/bin/../lib/gcc/msp430/4.7.0/mmpy-16/libgcc.a(_divmod16.o)
 .debug_aranges
                0x00000050       0x14 /usr/local/msp430/bin/../lib/gcc/msp430/4.7.0/mmpy-16/libgcc.a(_udivmod32.o)
 .debug_aranges
                0x00000064       0x18 /usr/local/msp430/bin/../lib/gcc/msp430/4.7.0/../../../../msp430/lib/mmpy-16/libc.a(printf.o)
 .debug_aranges
                0x0000007c       0x18 /usr/local/msp430/bin/../lib/gcc/msp430/4.7.0/../../../../msp430/lib/mmpy-16/libc.a(vuprintf.o)
 .debug_aranges
                0x00000094       0x14 /usr/local/msp430/bin/../lib/gcc/msp430/4.7.0/../../../../msp430/lib/mmpy-16/libc.a(puts.o)
 .debug_aranges
                0x000000a8       0x1c /usr/local/msp430/bin/../lib/gcc/msp430/4.7.0/../../../../msp430/lib/mmpy-16/libc.a(rand.o)
 .debug_aranges
                0x000000c4       0x14 /usr/local/msp430/bin/../lib/gcc/msp430/4.7.0/../../../../msp430/lib/mmpy-16/libc.a(memcmp.o)
 .debug_aranges
                0x000000d8       0x14 /usr/local/msp430/bin/../lib/gcc/msp430/4.7.0/../../../../msp430/lib/mmpy-16/libc.a(memcpy.o)
 .debug_aranges
                0x000000ec       0x14 /usr/local/msp430/bin/../lib/gcc/msp430/4.7.0/../../../../msp430/lib/mmpy-16/libc.a(memmove.o)
 .debug_aranges
                0x00000100       0x14 /usr/local/msp430/bin/../lib/gcc/msp430/4.7.0/../../../../msp430/lib/mmpy-16/libc.a(memset.o)
 .debug_aranges
                0x00000114       0x14 /usr/local/msp430/bin/../lib/gcc/msp430/4.7.0/mmpy-16/libgcc.a(_udivmod64.o)
 .debug_aranges
                0x00000128       0x14 /usr/local/msp430/bin/../lib/gcc/msp430/4.7.0/mmpy-16/libcrt0.a(__watchdog_support.o)
 .debug_aranges
                0x0000013c       0x14 /usr/local/msp430/bin/../lib/gcc/msp430/4.7.0/mmpy-16/libcrt0.a(__init_stack.o)
 .debug_aranges
                0x00000150       0x14 /usr/local/msp430/bin/../lib/gcc/msp430/4.7.0/mmpy-16/libcrt0.a(_copy_data.o)
 .debug_aranges
                0x00000164       0x14 /usr/local/msp430/bin/../lib/gcc/msp430/4.7.0/mmpy-16/libcrt0.a(_clear_bss.o)
 .debug_aranges
                0x00000178       0x14 /usr/local/msp430/bin/../lib/gcc/msp430/4.7.0/mmpy-16/libcrt0.a(_endless_loop__.o)
 .debug_aranges
                0x0000018c       0x14 /usr/local/msp430/bin/../lib/gcc/msp430/4.7.0/mmpy-16/libcrt0.a(_unexpected_.o)

.debug_pubnames
 *(.debug_pubnames)

.debug_info     0x00000000     0x14ba
 *(.debug_info)
 .debug_info    0x00000000       0x9b /usr/local/msp430/bin/../lib/gcc/msp430/4.7.0/mmpy-16/crt0ivtbl16.o
 .debug_info    0x0000009b       0x98 /usr/local/msp430/bin/../lib/gcc/msp430/4.7.0/mmpy-16/libgcc.a(_mulsi3.o)
 .debug_info    0x00000133       0x98 /usr/local/msp430/bin/../lib/gcc/msp430/4.7.0/mmpy-16/libgcc.a(_udivmod16.o)
 .debug_info    0x000001cb       0x98 /usr/local/msp430/bin/../lib/gcc/msp430/4.7.0/mmpy-16/libgcc.a(_divmod16.o)
 .debug_info    0x00000263       0x98 /usr/local/msp430/bin/../lib/gcc/msp430/4.7.0/mmpy-16/libgcc.a(_udivmod32.o)
 .debug_info    0x000002fb      0x16e /usr/local/msp430/bin/../lib/gcc/msp430/4.7.0/../../../../msp430/lib/mmpy-16/libc.a(printf.o)
 .debug_info    0x00000469      0x5d4 /usr/local/msp430/bin/../lib/gcc/msp430/4.7.0/../../../../msp430/lib/mmpy-16/libc.a(vuprintf.o)
 .debug_info    0x00000a3d       0xc7 /usr/local/msp430/bin/../lib/gcc/msp430/4.7.0/../../../../msp430/lib/mmpy-16/libc.a(puts.o)
 .debug_info    0x00000b04      0x146 /usr/local/msp430/bin/../lib/gcc/msp430/4.7.0/../../../../msp430/lib/mmpy-16/libc.a(rand.o)
 .debug_info    0x00000c4a       0xe5 /usr/local/msp430/bin/../lib/gcc/msp430/4.7.0/../../../../msp430/lib/mmpy-16/libc.a(memcmp.o)
 .debug_info    0x00000d2f      0x12c /usr/local/msp430/bin/../lib/gcc/msp430/4.7.0/../../../../msp430/lib/mmpy-16/libc.a(memcpy.o)
 .debug_info    0x00000e5b      0x12c /usr/local/msp430/bin/../lib/gcc/msp430/4.7.0/../../../../msp430/lib/mmpy-16/libc.a(memmove.o)
 .debug_info    0x00000f87      0x117 /usr/local/msp430/bin/../lib/gcc/msp430/4.7.0/../../../../msp430/lib/mmpy-16/libc.a(memset.o)
 .debug_info    0x0000109e       0x98 /usr/local/msp430/bin/../lib/gcc/msp430/4.7.0/mmpy-16/libgcc.a(_udivmod64.o)
 .debug_info    0x00001136       0x96 /usr/local/msp430/bin/../lib/gcc/msp430/4.7.0/mmpy-16/libcrt0.a(__watchdog_support.o)
 .debug_info    0x000011cc       0x96 /usr/local/msp430/bin/../lib/gcc/msp430/4.7.0/mmpy-16/libcrt0.a(__init_stack.o)
 .debug_info    0x00001262       0x96 /usr/local/msp430/bin/../lib/gcc/msp430/4.7.0/mmpy-16/libcrt0.a(_copy_data.o)
 .debug_info    0x000012f8       0x96 /usr/local/msp430/bin/../lib/gcc/msp430/4.7.0/mmpy-16/libcrt0.a(_clear_bss.o)
 .debug_info    0x0000138e       0x96 /usr/local/msp430/bin/../lib/gcc/msp430/4.7.0/mmpy-16/libcrt0.a(_endless_loop__.o)
 .debug_info    0x00001424       0x96 /usr/local/msp430/bin/../lib/gcc/msp430/4.7.0/mmpy-16/libcrt0.a(_unexpected_.o)
 *(.gnu.linkonce.wi.*)

.debug_abbrev   0x00000000      0x85b
 *(.debug_abbrev)
 .debug_abbrev  0x00000000       0x14 /usr/local/msp430/bin/../lib/gcc/msp430/4.7.0/mmpy-16/crt0ivtbl16.o
 .debug_abbrev  0x00000014       0x14 /usr/local/msp430/bin/../lib/gcc/msp430/4.7.0/mmpy-16/libgcc.a(_mulsi3.o)
 .debug_abbrev  0x00000028       0x14 /usr/local/msp430/bin/../lib/gcc/msp430/4.7.0/mmpy-16/libgcc.a(_udivmod16.o)
 .debug_abbrev  0x0000003c       0x14 /usr/local/msp430/bin/../lib/gcc/msp430/4.7.0/mmpy-16/libgcc.a(_divmod16.o)
 .debug_abbrev  0x00000050       0x14 /usr/local/msp430/bin/../lib/gcc/msp430/4.7.0/mmpy-16/libgcc.a(_udivmod32.o)
 .debug_abbrev  0x00000064       0xfa /usr/local/msp430/bin/../lib/gcc/msp430/4.7.0/../../../../msp430/lib/mmpy-16/libc.a(printf.o)
 .debug_abbrev  0x0000015e      0x23e /usr/local/msp430/bin/../lib/gcc/msp430/4.7.0/../../../../msp430/lib/mmpy-16/libc.a(vuprintf.o)
 .debug_abbrev  0x0000039c       0xa3 /usr/local/msp430/bin/../lib/gcc/msp430/4.7.0/../../../../msp430/lib/mmpy-16/libc.a(puts.o)
 .debug_abbrev  0x0000043f       0xfb /usr/local/msp430/bin/../lib/gcc/msp430/4.7.0/../../../../msp430/lib/mmpy-16/libc.a(rand.o)
 .debug_abbrev  0x0000053a       0x9e /usr/local/msp430/bin/../lib/gcc/msp430/4.7.0/../../../../msp430/lib/mmpy-16/libc.a(memcmp.o)
 .debug_abbrev  0x000005d8       0xab /usr/local/msp430/bin/../lib/gcc/msp430/4.7.0/../../../../msp430/lib/mmpy-16/libc.a(memcpy.o)
 .debug_abbrev  0x00000683       0xab /usr/local/msp430/bin/../lib/gcc/msp430/4.7.0/../../../../msp430/lib/mmpy-16/libc.a(memmove.o)
 .debug_abbrev  0x0000072e       0xa1 /usr/local/msp430/bin/../lib/gcc/msp430/4.7.0/../../../../msp430/lib/mmpy-16/libc.a(memset.o)
 .debug_abbrev  0x000007cf       0x14 /usr/local/msp430/bin/../lib/gcc/msp430/4.7.0/mmpy-16/libgcc.a(_udivmod64.o)
 .debug_abbrev  0x000007e3       0x14 /usr/local/msp430/bin/../lib/gcc/msp430/4.7.0/mmpy-16/libcrt0.a(__watchdog_support.o)
 .debug_abbrev  0x000007f7       0x14 /usr/local/msp430/bin/../lib/gcc/msp430/4.7.0/mmpy-16/libcrt0.a(__init_stack.o)
 .debug_abbrev  0x0000080b       0x14 /usr/local/msp430/bin/../lib/gcc/msp430/4.7.0/mmpy-16/libcrt0.a(_copy_data.o)
 .debug_abbrev  0x0000081f       0x14 /usr/local/msp430/bin/../lib/gcc/msp430/4.7.0/mmpy-16/libcrt0.a(_clear_bss.o)
 .debug_abbrev  0x00000833       0x14 /usr/local/msp430/bin/../lib/gcc/msp430/4.7.0/mmpy-16/libcrt0.a(_endless_loop__.o)
 .debug_abbrev  0x00000847       0x14 /usr/local/msp430/bin/../lib/gcc/msp430/4.7.0/mmpy-16/libcrt0.a(_unexpected_.o)

.debug_line     0x00000000      0xd8d
 *(.debug_line)
 .debug_line    0x00000000       0x64 /usr/local/msp430/bin/../lib/gcc/msp430/4.7.0/mmpy-16/crt0ivtbl16.o
 .debug_line    0x00000064       0x77 /usr/local/msp430/bin/../lib/gcc/msp430/4.7.0/mmpy-16/libgcc.a(_mulsi3.o)
 .debug_line    0x000000db       0x70 /usr/local/msp430/bin/../lib/gcc/msp430/4.7.0/mmpy-16/libgcc.a(_udivmod16.o)
 .debug_line    0x0000014b       0x7b /usr/local/msp430/bin/../lib/gcc/msp430/4.7.0/mmpy-16/libgcc.a(_divmod16.o)
 .debug_line    0x000001c6       0x7f /usr/local/msp430/bin/../lib/gcc/msp430/4.7.0/mmpy-16/libgcc.a(_udivmod32.o)
 .debug_line    0x00000245       0xa9 /usr/local/msp430/bin/../lib/gcc/msp430/4.7.0/../../../../msp430/lib/mmpy-16/libc.a(printf.o)
 .debug_line    0x000002ee      0x30a /usr/local/msp430/bin/../lib/gcc/msp430/4.7.0/../../../../msp430/lib/mmpy-16/libc.a(vuprintf.o)
 .debug_line    0x000005f8       0x65 /usr/local/msp430/bin/../lib/gcc/msp430/4.7.0/../../../../msp430/lib/mmpy-16/libc.a(puts.o)
 .debug_line    0x0000065d       0x68 /usr/local/msp430/bin/../lib/gcc/msp430/4.7.0/../../../../msp430/lib/mmpy-16/libc.a(rand.o)
 .debug_line    0x000006c5       0x8f /usr/local/msp430/bin/../lib/gcc/msp430/4.7.0/../../../../msp430/lib/mmpy-16/libc.a(memcmp.o)
 .debug_line    0x00000754      0x118 /usr/local/msp430/bin/../lib/gcc/msp430/4.7.0/../../../../msp430/lib/mmpy-16/libc.a(memcpy.o)
 .debug_line    0x0000086c      0x117 /usr/local/msp430/bin/../lib/gcc/msp430/4.7.0/../../../../msp430/lib/mmpy-16/libc.a(memmove.o)
 .debug_line    0x00000983       0xf2 /usr/local/msp430/bin/../lib/gcc/msp430/4.7.0/../../../../msp430/lib/mmpy-16/libc.a(memset.o)
 .debug_line    0x00000a75       0xc9 /usr/local/msp430/bin/../lib/gcc/msp430/4.7.0/mmpy-16/libgcc.a(_udivmod64.o)
 .debug_line    0x00000b3e       0x62 /usr/local/msp430/bin/../lib/gcc/msp430/4.7.0/mmpy-16/libcrt0.a(__watchdog_support.o)